******************************************************************************
            TI ARM Clang Linker Unix v3.2.2                    
******************************************************************************
>> Linked Sun Aug  4 01:52:18 2024

OUTPUT FILE NAME:   <sbl_sd.debug.out>
ENTRY POINT SYMBOL: "_vectors_sbl"  address: 70000000


MEMORY CONFIGURATION

         name            origin    length      used     unused   attr    fill
----------------------  --------  ---------  --------  --------  ----  --------
  R5F_VECS              00000000   00000040  00000000  00000040  RWIX
  R5F_TCMA              00000040   00007fc0  00000000  00007fc0  RWIX
  R5F_TCMB0             41010000   00008000  00000000  00008000  RWIX
  MSRAM_VECS            70000000   00000100  00000040  000000c0  RWIX
  MSRAM_0               70000100   0006ff00  00028de0  00047120  RWIX
  MSRAM_1               70070000   00010000  0000f000  00001000  RWIX
  MSRAM_2               70180000   00060000  00060000  00000000  RWIX


SEGMENT ALLOCATION MAP

run origin  load origin   length   init length attrs members
----------  ----------- ---------- ----------- ----- -------
70000000    70000000    00000040   00000040    r-x
  70000000    70000000    00000040   00000040    r-x .vectors
70000100    70000100    000240f0   000240f0    r-x
  70000100    70000100    00022ce0   00022ce0    r-x .text
  70022de0    70022de0    00000ae0   00000ae0    r-x .text.hwi
  700238c0    700238c0    000004a0   000004a0    r-x .text.cache
  70023d60    70023d60    000002d0   000002d0    r-x .text.mpu
  70024030    70024030    000001c0   000001c0    r-x .text.boot
70024200    70024200    00002680   00002680    rw-
  70024200    70024200    00002680   00002680    rw- .data
70026880    70026880    00002660   00002660    r--
  70026880    70026880    00002660   00002660    r-- .rodata
70070000    70070000    0000dc00   00000000    rw-
  70070000    70070000    00008000   00000000    rw- .sysmem
  70078000    70078000    00004000   00000000    rw- .stack
  7007c000    7007c000    00001c00   00000000    rw- .bss
7007dc00    7007dc00    00001400   00000000    r--
  7007dc00    7007dc00    00001000   00000000    r-- .irqstack
  7007ec00    7007ec00    00000100   00000000    r-- .fiqstack
  7007ed00    7007ed00    00000100   00000000    r-- .svcstack
  7007ee00    7007ee00    00000100   00000000    r-- .abortstack
  7007ef00    7007ef00    00000100   00000000    r-- .undefinedstack


SECTION ALLOCATION MAP

 output                                  attributes/
section   page    origin      length       input sections
--------  ----  ----------  ----------   ----------------
.vectors   0    70000000    00000040     
                  70000000    00000040     nortos.am64x.r5f.ti-arm-clang.debug.lib : HwiP_armv7r_vectors_nortos_sbl_asm.obj (.vectors)

.text      0    70000100    00022ce0     
                  70000100    00000ddc     libc.a : _printfi.c.obj (.text:__TI_printfi_nofloat)
                  70000edc    00000004     libclang_rt.builtins.a : aeabi_memcpy.S.obj (.text.__aeabi_memcpy)
                  70000ee0    00000a34     nortos.am64x.r5f.ti-arm-clang.debug.lib : printf.obj (.text._vsnprintf)
                  70001914    0000000c     libc.a : aeabi_portable.c.obj (.text.__aeabi_errno_addr)
                  70001920    0000061e     drivers.am64x.r5f.ti-arm-clang.debug.lib : mmcsd_v0.obj (.text.MMCSD_transfer)
                  70001f3e    00000002     --HOLE-- [fill = 0]
                  70001f40    000005f4                                              : sciclient_rm_irq.obj (.text.Sciclient_rmIrqRouteValidate)
                  70002534    0000000c     libclang_rt.builtins.a : aeabi_memset.S.obj (.text.__aeabi_memclr)
                  70002540    0000051e     nortos.am64x.r5f.ti-arm-clang.debug.lib : printf.obj (.text._ftoa)
                  70002a5e    00000002     --HOLE-- [fill = 0]
                  70002a60    000004e6     main.obj (.text.main)
                  70002f46    00000002     --HOLE-- [fill = 0]
                  70002f48    00000008     libc.a : exit.c.obj (.text:abort)
                  70002f50    000004ac     freertos_fat.am64x.r5f.ti-arm-clang.debug.lib : ff_dir.obj (.text.FF_FindEntryInDir)
                  700033fc    00000004     libc.a : _lock.c.obj (.text._nop)
                  70003400    00000478     nortos.am64x.r5f.ti-arm-clang.debug.lib : printf.obj (.text._etoa)
                  70003878    00000008     --HOLE-- [fill = 0]
                  70003880    0000042c     drivers.am64x.r5f.ti-arm-clang.debug.lib : uart_v0.obj (.text.UART_open)
                  70003cac    00000004     --HOLE-- [fill = 0]
                  70003cb0    000003fc                                              : mmcsd_v0.obj (.text.MMCSD_initEMMC)
                  700040ac    00000004     --HOLE-- [fill = 0]
                  700040b0    000003c6     freertos_fat.am64x.r5f.ti-arm-clang.debug.lib : ff_file.obj (.text.FF_Read)
                  70004476    0000000a     --HOLE-- [fill = 0]
                  70004480    000003c2     drivers.am64x.r5f.ti-arm-clang.debug.lib : mmcsd_v0.obj (.text.MMCSD_initSD)
                  70004842    00000002     --HOLE-- [fill = 0]
                  70004844    0000000c     libc.a : memory.c.obj (.text.malloc)
                  70004850    0000039c     drivers.am64x.r5f.ti-arm-clang.debug.lib : udma_ch.obj (.text.Udma_chAllocResource)
                  70004bec    00000004     --HOLE-- [fill = 0]
                  70004bf0    0000039a                                              : mmcsd_v0.obj (.text.MMCSD_switchEmmcMode)
                  70004f8a    00000006     --HOLE-- [fill = 0]
                  70004f90    00000396     freertos_fat.am64x.r5f.ti-arm-clang.debug.lib : ff_ioman.obj (.text.FF_Mount)
                  70005326    00000002     --HOLE-- [fill = 0]
                  70005328    00000018     libc.a : memset32.S.obj (.text:TI_memset_small)
                  70005340    00000390            : strcmp32.S.obj (.text:strcmp)
                  700056d0    00000380     freertos_fat.am64x.r5f.ti-arm-clang.debug.lib : ff_file.obj (.text.FF_Open)
                  70005a50    00000360     drivers.am64x.r5f.ti-arm-clang.debug.lib : udma_ch.obj (.text.Udma_chDisableTxChan)
                  70005db0    0000035a                                              : udma_event.obj (.text.Udma_eventConfig)
                  7000610a    00000006     --HOLE-- [fill = 0]
                  70006110    00000358                                              : bootloader.obj (.text.Bootloader_verifyMulticoreImage)
                  70006468    00000008     --HOLE-- [fill = 0]
                  70006470    0000034c     freertos_fat.am64x.r5f.ti-arm-clang.debug.lib : ff_ioman.obj (.text.FF_PartitionSearch)
                  700067bc    00000004     --HOLE-- [fill = 0]
                  700067c0    00000306     drivers.am64x.r5f.ti-arm-clang.debug.lib : sciclient_rm_irq.obj (.text.Sciclient_rmIrqGetRoute)
                  70006ac6    0000000a     --HOLE-- [fill = 0]
                  70006ad0    000002f4                                              : udma_event.obj (.text.Udma_eventReset)
                  70006dc4    0000000c     --HOLE-- [fill = 0]
                  70006dd0    000002d4                                              : mmcsd_v0.obj (.text.MMCSD_xferStatusPollingFxn)
                  700070a4    0000000c     --HOLE-- [fill = 0]
                  700070b0    000002ce                                              : sciclient.obj (.text.Sciclient_service)
                  7000737e    00000002     --HOLE-- [fill = 0]
                  70007380    000002c8                                              : udma_ch.obj (.text.Udma_chDisableRxChan)
                  70007648    00000008     --HOLE-- [fill = 0]
                  70007650    0000029e                                              : mmcsd_v0.obj (.text.MMCSD_phyConfigure)
                  700078ee    00000002     --HOLE-- [fill = 0]
                  700078f0    00000294                                              : csl_bcdma.obj (.text.CSL_bcdmaChanOpCfgChan)
                  70007b84    0000000c     --HOLE-- [fill = 0]
                  70007b90    00000292     freertos_fat.am64x.r5f.ti-arm-clang.debug.lib : ff_fat.obj (.text.FF_FindFreeCluster)
                  70007e22    0000000e     --HOLE-- [fill = 0]
                  70007e30    0000028c                                                   : ff_dir.obj (.text.FF_PopulateLongDirent)
                  700080bc    00000004     --HOLE-- [fill = 0]
                  700080c0    0000028a                                                   : ff_ioman.obj (.text.FF_ParseExtended)
                  7000834a    00000006     --HOLE-- [fill = 0]
                  70008350    0000027a     nortos.am64x.r5f.ti-arm-clang.debug.lib : TimerP.obj (.text.TimerP_setup)
                  700085ca    00000006     --HOLE-- [fill = 0]
                  700085d0    0000026a     drivers.am64x.r5f.ti-arm-clang.debug.lib : lpddr4_16bit.obj (.text.LPDDR4_INTR_SanityFunction1)
                  7000883a    00000006     --HOLE-- [fill = 0]
                  70008840    00000260                                              : udma_ch.obj (.text.Udma_chConfigRx)
                  70008aa0    0000025c     freertos_fat.am64x.r5f.ti-arm-clang.debug.lib : ff_ioman.obj (.text.FF_GetBuffer)
                  70008cfc    00000004     --HOLE-- [fill = 0]
                  70008d00    0000025a     drivers.am64x.r5f.ti-arm-clang.debug.lib : lpddr4_16bit.obj (.text.LPDDR4_INTR_SanityFunction2)
                  70008f5a    00000006     --HOLE-- [fill = 0]
                  70008f60    00000252                                              : mmcsd_v0.obj (.text.MMCSD_open)
                  700091b2    0000000e     --HOLE-- [fill = 0]
                  700091c0    00000248                                              : sciclient_rm_irq.obj (.text.Sciclient_rmIrqFindRoute)
                  70009408    00000008     --HOLE-- [fill = 0]
                  70009410    00000242     freertos_fat.am64x.r5f.ti-arm-clang.debug.lib : ff_file.obj (.text.FF_Close)
                  70009652    0000000e     --HOLE-- [fill = 0]
                  70009660    00000242     drivers.am64x.r5f.ti-arm-clang.debug.lib : uart_v0_lld.obj (.text.UART_fifoConfig)
                  700098a2    0000000e     --HOLE-- [fill = 0]
                  700098b0    0000023e     nortos.am64x.r5f.ti-arm-clang.debug.lib : printf.obj (.text._ntoa_format)
                  70009aee    00000002     --HOLE-- [fill = 0]
                  70009af0    0000023c     freertos_fat.am64x.r5f.ti-arm-clang.debug.lib : ff_stdio.obj (.text.prvFFErrorToErrno)
                  70009d2c    00000004     --HOLE-- [fill = 0]
                  70009d30    0000022a                                                   : ff_dir.obj (.text.FF_CreateShortName)
                  70009f5a    00000006     --HOLE-- [fill = 0]
                  70009f60    00000222     drivers.am64x.r5f.ti-arm-clang.debug.lib : udma_event.obj (.text.Udma_eventRegister)
                  7000a182    0000000e     --HOLE-- [fill = 0]
                  7000a190    0000021e     freertos_fat.am64x.r5f.ti-arm-clang.debug.lib : ff_fat.obj (.text.FF_CountFreeClusters)
                  7000a3ae    00000002     --HOLE-- [fill = 0]
                  7000a3b0    0000021e     drivers.am64x.r5f.ti-arm-clang.debug.lib : udma_event.obj (.text.Udma_eventAllocResource)
                  7000a5ce    00000002     --HOLE-- [fill = 0]
                  7000a5d0    00000212     freertos_fat.am64x.r5f.ti-arm-clang.debug.lib : ff_fat.obj (.text.FF_putFATEntry)
                  7000a7e2    0000000e     --HOLE-- [fill = 0]
                  7000a7f0    0000020c     drivers.am64x.r5f.ti-arm-clang.debug.lib : udma_ch.obj (.text.Udma_chFreeResource)
                  7000a9fc    00000004     --HOLE-- [fill = 0]
                  7000aa00    0000020a                                              : bootloader_soc.obj (.text.Bootloader_socCpuPowerOnResetR5f)
                  7000ac0a    00000006     --HOLE-- [fill = 0]
                  7000ac10    0000020a                                              : udma_ring_common.obj (.text.Udma_ringAlloc)
                  7000ae1a    00000006     --HOLE-- [fill = 0]
                  7000ae20    00000202     freertos_fat.am64x.r5f.ti-arm-clang.debug.lib : ff_dir.obj (.text.FF_FindShortName)
                  7000b022    0000000e     --HOLE-- [fill = 0]
                  7000b030    000001f6     drivers.am64x.r5f.ti-arm-clang.debug.lib : bootloader_soc.obj (.text.Bootloader_socCpuResetRelease)
                  7000b226    0000000a     --HOLE-- [fill = 0]
                  7000b230    000001f0                                              : bootloader_profile.obj (.text.Bootloader_profilePrintProfileLog)
                  7000b420    000001e6                                              : udma_ch.obj (.text.Udma_chDisableBlkCpyChan)
                  7000b606    0000000a     --HOLE-- [fill = 0]
                  7000b610    000001dc                                              : bootloader_soc.obj (.text.Bootloader_socCpuResetReleaseSelf)
                  7000b7ec    00000004     --HOLE-- [fill = 0]
                  7000b7f0    000001d8                                              : udma_flow.obj (.text.Udma_flowConfig)
                  7000b9c8    00000008     --HOLE-- [fill = 0]
                  7000b9d0    000001d2     freertos_fat.am64x.r5f.ti-arm-clang.debug.lib : ff_dir.obj (.text.FF_CreateDirent)
                  7000bba2    00000002     --HOLE-- [fill = 0]
                  7000bba4    000001d0     libclang_rt.builtins.a : udivsi3.S.obj (.text.__udivsi3)
                  7000bd74    0000000c     --HOLE-- [fill = 0]
                  7000bd80    000001ce     freertos_fat.am64x.r5f.ti-arm-clang.debug.lib : ff_ioman.obj (.text.FF_CreateIOManger)
                  7000bf4e    00000002     --HOLE-- [fill = 0]
                  7000bf50    000001ce                                                   : ff_dir.obj (.text.FF_FindFreeDirent)
                  7000c11e    00000002     --HOLE-- [fill = 0]
                  7000c120    000001be     drivers.am64x.r5f.ti-arm-clang.debug.lib : ddr.obj (.text.DDR_inlineECCCfg)
                  7000c2de    00000002     --HOLE-- [fill = 0]
                  7000c2e0    000001b4                                              : soc.obj (.text.SOC_moduleSetClockFrequency)
                  7000c494    0000000c     --HOLE-- [fill = 0]
                  7000c4a0    000001b4                                              : soc.obj (.text.SOC_moduleSetClockFrequencyWithParent)
                  7000c654    000001b4     libc.a : memory.c.obj (.text.aligned_alloc)
                  7000c808    00000008     --HOLE-- [fill = 0]
                  7000c810    000001b2     drivers.am64x.r5f.ti-arm-clang.debug.lib : uart_v0.obj (.text.UART_close)
                  7000c9c2    00000002     --HOLE-- [fill = 0]
                  7000c9c4    000001b0     libc.a : memory.c.obj (.text.free)
                  7000cb74    0000000c     --HOLE-- [fill = 0]
                  7000cb80    000001a8     drivers.am64x.r5f.ti-arm-clang.debug.lib : uart_v0_lld.obj (.text.UART_lld_controllerIsr)
                  7000cd28    00000008     --HOLE-- [fill = 0]
                  7000cd30    000001a6     freertos_fat.am64x.r5f.ti-arm-clang.debug.lib : ff_dir.obj (.text.FF_CreateLFNs)
                  7000ced6    0000000a     --HOLE-- [fill = 0]
                  7000cee0    000001a4                                                   : ff_fat.obj (.text.FF_getFATEntry)
                  7000d084    0000000c     --HOLE-- [fill = 0]
                  7000d090    000001a4     drivers.am64x.r5f.ti-arm-clang.debug.lib : uart_v0.obj (.text.UART_write)
                  7000d234    0000000c     --HOLE-- [fill = 0]
                  7000d240    0000019e     freertos_fat.am64x.r5f.ti-arm-clang.debug.lib : ff_sys.obj (.text.FF_FS_Add)
                  7000d3de    00000002     --HOLE-- [fill = 0]
                  7000d3e0    00000198     drivers.am64x.r5f.ti-arm-clang.debug.lib : sciclient_rm_irq.obj (.text.Sciclient_rmClearInterruptRoute)
                  7000d578    00000008     --HOLE-- [fill = 0]
                  7000d580    00000196                                              : udma_ch.obj (.text.Udma_chConfigTx)
                  7000d716    0000000a     --HOLE-- [fill = 0]
                  7000d720    0000018e     freertos_fat.am64x.r5f.ti-arm-clang.debug.lib : ff_ioman.obj (.text.FF_GetEfiPartitionEntry)
                  7000d8ae    00000002     --HOLE-- [fill = 0]
                  7000d8b0    0000018c                                                   : ff_dir.obj (.text.FF_CreateLFNEntry)
                  7000da3c    00000004     --HOLE-- [fill = 0]
                  7000da40    0000018a                                                   : ff_string.obj (.text.FF_Utf16ctoUtf8c)
                  7000dbca    00000006     --HOLE-- [fill = 0]
                  7000dbd0    0000018a     drivers.am64x.r5f.ti-arm-clang.debug.lib : sciclient_rm_irq.obj (.text.Sciclient_rmIrqDeleteRoute)
                  7000dd5a    00000006     --HOLE-- [fill = 0]
                  7000dd60    0000018a                                              : sciclient_rm_irq.obj (.text.Sciclient_rmProgramInterruptRoute)
                  7000deea    00000006     --HOLE-- [fill = 0]
                  7000def0    00000186                                              : sciclient_rm_irq.obj (.text.Sciclient_rmIrqProgramRoute)
                  7000e076    0000000a     --HOLE-- [fill = 0]
                  7000e080    00000182                                              : udma_ch.obj (.text.Udma_chEnableLocal)
                  7000e202    0000000e     --HOLE-- [fill = 0]
                  7000e210    0000017e                                              : udma_ch.obj (.text.Udma_chConfigPdma)
                  7000e38e    00000002     --HOLE-- [fill = 0]
                  7000e390    0000017a     freertos_fat.am64x.r5f.ti-arm-clang.debug.lib : ff_mmcsd.obj (.text.FF_MMCSDDiskInit)
                  7000e50a    00000006     --HOLE-- [fill = 0]
                  7000e510    0000016c     drivers.am64x.r5f.ti-arm-clang.debug.lib : csl_bcdma.obj (.text.CSL_bcdmaChanOpTeardownChan)
                  7000e67c    00000004     --HOLE-- [fill = 0]
                  7000e680    00000168                                              : csl_bcdma.obj (.text.CSL_bcdmaChanOp)
                  7000e7e8    00000008     --HOLE-- [fill = 0]
                  7000e7f0    00000168                                              : udma_ch.obj (.text.Udma_chOpen)
                  7000e958    00000008     --HOLE-- [fill = 0]
                  7000e960    00000162                                              : lpddr4.obj (.text.LPDDR4_INTR_SanityFunction3)
                  7000eac2    0000000e     --HOLE-- [fill = 0]
                  7000ead0    0000015c     freertos_fat.am64x.r5f.ti-arm-clang.debug.lib : ff_ioman.obj (.text.FF_FlushCache)
                  7000ec2c    00000004     --HOLE-- [fill = 0]
                  7000ec30    0000015a     drivers.am64x.r5f.ti-arm-clang.debug.lib : udma_rm.obj (.text.Udma_rmAllocMappedRxCh)
                  7000ed8a    00000006     --HOLE-- [fill = 0]
                  7000ed90    0000015a                                              : udma_rm.obj (.text.Udma_rmAllocMappedTxCh)
                  7000eeea    00000006     --HOLE-- [fill = 0]
                  7000eef0    00000158                                              : csl_bcdma.obj (.text.CSL_bcdmaChanOpGetChanStats)
                  7000f048    00000008     --HOLE-- [fill = 0]
                  7000f050    00000156                                              : mmcsd_v0.obj (.text.MMCSD_read)
                  7000f1a6    0000000a     --HOLE-- [fill = 0]
                  7000f1b0    00000152     freertos_fat.am64x.r5f.ti-arm-clang.debug.lib : ff_file.obj (.text.FF_Truncate)
                  7000f302    0000000e     --HOLE-- [fill = 0]
                  7000f310    00000152                                                   : ff_string.obj (.text.FF_strtok)
                  7000f462    0000000e     --HOLE-- [fill = 0]
                  7000f470    00000152     drivers.am64x.r5f.ti-arm-clang.debug.lib : lpddr4.obj (.text.LPDDR4_INTR_SanityFunction4)
                  7000f5c2    0000000e     --HOLE-- [fill = 0]
                  7000f5d0    00000152                                              : uart_v0_lld.obj (.text.UART_lld_initDma)
                  7000f722    0000000e     --HOLE-- [fill = 0]
                  7000f730    0000014a                                              : bootloader.obj (.text.Bootloader_parseMultiCoreAppImage)
                  7000f87a    00000006     --HOLE-- [fill = 0]
                  7000f880    0000014a     freertos_fat.am64x.r5f.ti-arm-clang.debug.lib : ff_fat.obj (.text.FF_UnlinkClusterChain)
                  7000f9ca    00000006     --HOLE-- [fill = 0]
                  7000f9d0    00000146     drivers.am64x.r5f.ti-arm-clang.debug.lib : udma_ch.obj (.text.Udma_chAssignRegOverlay)
                  7000fb16    0000000a     --HOLE-- [fill = 0]
                  7000fb20    00000144     freertos_fat.am64x.r5f.ti-arm-clang.debug.lib : ff_dir.obj (.text.FF_FetchEntryWithContext)
                  7000fc64    0000000c     --HOLE-- [fill = 0]
                  7000fc70    00000142     drivers.am64x.r5f.ti-arm-clang.debug.lib : sciclient.obj (.text.Sciclient_sendMessage)
                  7000fdb2    0000000e     --HOLE-- [fill = 0]
                  7000fdc0    00000140                                              : sciclient_rm_irq.obj (.text.Sciclient_rmIaValidateMapping)
                  7000ff00    00000140                                              : udma_rm.obj (.text.Udma_rmAllocMappedRing)
                  70010040    0000013e     freertos_fat.am64x.r5f.ti-arm-clang.debug.lib : ff_dir.obj (.text.FF_PushEntryWithContext)
                  7001017e    00000002     --HOLE-- [fill = 0]
                  70010180    0000013e     drivers.am64x.r5f.ti-arm-clang.debug.lib : lpddr4_16bit.obj (.text.LPDDR4_AckCtlInterrupt_4)
                  700102be    00000002     --HOLE-- [fill = 0]
                  700102c0    0000013e                                              : uart_v0_lld.obj (.text.UART_procLineStatusErr)
                  700103fe    00000002     --HOLE-- [fill = 0]
                  70010400    0000013c     nortos.am64x.r5f.ti-arm-clang.debug.lib : ClockP_nortos_r5.obj (.text.ClockP_init)
                  7001053c    00000004     --HOLE-- [fill = 0]
                  70010540    0000013a     drivers.am64x.r5f.ti-arm-clang.debug.lib : lpddr4_16bit.obj (.text.LPDDR4_AckCtlInterrupt)
                  7001067a    00000006     --HOLE-- [fill = 0]
                  70010680    00000138     nortos.am64x.r5f.ti-arm-clang.debug.lib : printf.obj (.text._ntoa_long_long)
                  700107b8    00000008     --HOLE-- [fill = 0]
                  700107c0    00000136     drivers.am64x.r5f.ti-arm-clang.debug.lib : ddr.obj (.text.DDR_start)
                  700108f6    0000000a     --HOLE-- [fill = 0]
                  70010900    00000136                                              : mmcsd_v0.obj (.text.MMCSD_write)
                  70010a36    0000000a     --HOLE-- [fill = 0]
                  70010a40    00000136                                              : sciclient_rm_irq.obj (.text.Sciclient_rmIrqVintDelete)
                  70010b76    0000000a     --HOLE-- [fill = 0]
                  70010b80    00000134                                              : mmcsd_v0.obj (.text.MMCSD_setupADMA2)
                  70010cb4    0000000c     --HOLE-- [fill = 0]
                  70010cc0    00000134                                              : mmcsd_v0.obj (.text.MMCSD_xferStatusPollingFxnCMD19)
                  70010df4    0000000c     --HOLE-- [fill = 0]
                  70010e00    00000134                                              : uart_v0_lld.obj (.text.UART_writePolling)
                  70010f34    0000000c     --HOLE-- [fill = 0]
                  70010f40    00000130     freertos_fat.am64x.r5f.ti-arm-clang.debug.lib : ff_string.obj (.text.FF_Utf8ctoUtf16c)
                  70011070    00000130     drivers.am64x.r5f.ti-arm-clang.debug.lib : sciclient.obj (.text.Sciclient_recvMessage)
                  700111a0    0000012e                                              : udma_rm.obj (.text.Udma_rmAllocIrIntr)
                  700112ce    00000002     --HOLE-- [fill = 0]
                  700112d0    0000012c                                              : uart_v0_lld.obj (.text.UART_lld_init)
                  700113fc    00000004     --HOLE-- [fill = 0]
                  70011400    0000012a     freertos_fat.am64x.r5f.ti-arm-clang.debug.lib : ff_ioman.obj (.text.FF_IncreaseFreeClusters)
                  7001152a    00000006     --HOLE-- [fill = 0]
                  70011530    0000012a     drivers.am64x.r5f.ti-arm-clang.debug.lib : sciclient_pm.obj (.text.Sciclient_pmQueryModuleClkFreq)
                  7001165a    00000006     --HOLE-- [fill = 0]
                  70011660    00000126                                              : mmcsd_v0.obj (.text.MMCSD_getModeSd)
                  70011786    0000000a     --HOLE-- [fill = 0]
                  70011790    00000124     freertos_fat.am64x.r5f.ti-arm-clang.debug.lib : ff_dir.obj (.text.FF_ExtendDirectory)
                  700118b4    0000000c     --HOLE-- [fill = 0]
                  700118c0    00000122     drivers.am64x.r5f.ti-arm-clang.debug.lib : bootloader.obj (.text.Bootloader_rprcImageLoad)
                  700119e2    0000000e     --HOLE-- [fill = 0]
                  700119f0    00000122                                              : udma_rm.obj (.text.Udma_rmAllocBlkCopyCh)
                  70011b12    0000000e     --HOLE-- [fill = 0]
                  70011b20    00000122                                              : udma_rm.obj (.text.Udma_rmAllocBlkCopyHcCh)
                  70011c42    0000000e     --HOLE-- [fill = 0]
                  70011c50    00000122                                              : udma_rm.obj (.text.Udma_rmAllocBlkCopyUhcCh)
                  70011d72    0000000e     --HOLE-- [fill = 0]
                  70011d80    00000122                                              : udma_rm.obj (.text.Udma_rmAllocRxCh)
                  70011ea2    0000000e     --HOLE-- [fill = 0]
                  70011eb0    00000122                                              : udma_rm.obj (.text.Udma_rmAllocRxHcCh)
                  70011fd2    0000000e     --HOLE-- [fill = 0]
                  70011fe0    00000122                                              : udma_rm.obj (.text.Udma_rmAllocRxUhcCh)
                  70012102    0000000e     --HOLE-- [fill = 0]
                  70012110    00000122                                              : udma_rm.obj (.text.Udma_rmAllocTxCh)
                  70012232    0000000e     --HOLE-- [fill = 0]
                  70012240    00000122                                              : udma_rm.obj (.text.Udma_rmAllocTxHcCh)
                  70012362    0000000e     --HOLE-- [fill = 0]
                  70012370    00000122                                              : udma_rm.obj (.text.Udma_rmAllocTxUhcCh)
                  70012492    0000000e     --HOLE-- [fill = 0]
                  700124a0    00000120                                              : uart_dma_udma.obj (.text.UART_udmaInitRxCh)
                  700125c0    00000120                                              : uart_dma_udma.obj (.text.UART_udmaInitTxCh)
                  700126e0    0000011e                                              : sciclient_rm_irq.obj (.text.Sciclient_rmIaValidateEvt)
                  700127fe    00000002     --HOLE-- [fill = 0]
                  70012800    0000011e                                              : sciclient_rm_irq.obj (.text.Sciclient_rmIrqVintAdd)
                  7001291e    00000002     --HOLE-- [fill = 0]
                  70012920    0000011c     freertos_fat.am64x.r5f.ti-arm-clang.debug.lib : ff_dir.obj (.text.FF_FindDir)
                  70012a3c    00000004     --HOLE-- [fill = 0]
                  70012a40    0000011c                                                   : ff_dir.obj (.text.FF_ShortNameExists)
                  70012b5c    00000004     --HOLE-- [fill = 0]
                  70012b60    00000118     drivers.am64x.r5f.ti-arm-clang.debug.lib : lpddr4_16bit.obj (.text.LPDDR4_CheckCtlInterrupt)
                  70012c78    00000118     libclang_rt.builtins.a : udivmoddi4.S.obj (.text)
                  70012d90    00000116     drivers.am64x.r5f.ti-arm-clang.debug.lib : csl_bcdma.obj (.text.CSL_bcdmaChanOpDecChanStats)
                  70012ea6    0000000a     --HOLE-- [fill = 0]
                  70012eb0    00000116                                              : uart_v0_lld.obj (.text.UART_divisorLatchWrite)
                  70012fc6    0000000a     --HOLE-- [fill = 0]
                  70012fd0    00000114     nortos.am64x.r5f.ti-arm-clang.debug.lib : printf.obj (.text._ntoa_long)
                  700130e4    0000000c     --HOLE-- [fill = 0]
                  700130f0    00000112     freertos_fat.am64x.r5f.ti-arm-clang.debug.lib : ff_file.obj (.text.FF_GetModeBits)
                  70013202    0000000e     --HOLE-- [fill = 0]
                  70013210    00000110     drivers.am64x.r5f.ti-arm-clang.debug.lib : sciclient_pm.obj (.text.Sciclient_pmSetModuleClkFreq)
                  70013320    0000010e                                              : ddr.obj (.text.DDR_changeFreqAck)
                  7001342e    00000002     --HOLE-- [fill = 0]
                  70013430    0000010c                                              : bootloader.obj (.text.Bootloader_loadSelfCpu)
                  7001353c    00000004     --HOLE-- [fill = 0]
                  70013540    0000010a                                              : bootloader.obj (.text.Bootloader_getMsgLen)
                  7001364a    00000006     --HOLE-- [fill = 0]
                  70013650    00000106                                              : lpddr4_16bit.obj (.text.LPDDR4_AckCtlInterrupt_3)
                  70013756    0000000a     --HOLE-- [fill = 0]
                  70013760    00000106                                              : mmcsd_priv.obj (.text.MMCSD_parseCSDSd)
                  70013866    0000000a     --HOLE-- [fill = 0]
                  70013870    00000106                                              : udma_event.obj (.text.Udma_eventCheckParams)
                  70013976    0000000a     --HOLE-- [fill = 0]
                  70013980    00000104                                              : csl_pktdma.obj (.text.CSL_pktdmaTeardownChan)
                  70013a84    0000000c     --HOLE-- [fill = 0]
                  70013a90    00000104                                              : uart_v0_lld.obj (.text.UART_configInstance)
                  70013b94    0000000c     --HOLE-- [fill = 0]
                  70013ba0    00000102     freertos_fat.am64x.r5f.ti-arm-clang.debug.lib : ff_ioman.obj (.text.FF_DecreaseFreeClusters)
                  70013ca2    0000000e     --HOLE-- [fill = 0]
                  70013cb0    000000fe     drivers.am64x.r5f.ti-arm-clang.debug.lib : sciclient_rm_irq.obj (.text.Sciclient_rmIrGetOutp)
                  70013dae    00000002     --HOLE-- [fill = 0]
                  70013db0    000000fc     freertos_fat.am64x.r5f.ti-arm-clang.debug.lib : ff_sys.obj (.text.FF_FS_Find)
                  70013eac    00000004     --HOLE-- [fill = 0]
                  70013eb0    000000fa                                                   : ff_file.obj (.text.FF_ReadPartial)
                  70013faa    00000006     --HOLE-- [fill = 0]
                  70013fb0    000000fa     drivers.am64x.r5f.ti-arm-clang.debug.lib : mmcsd_priv.obj (.text.MMCSD_parseCIDEmmc)
                  700140aa    00000006     --HOLE-- [fill = 0]
                  700140b0    000000f8     freertos_fat.am64x.r5f.ti-arm-clang.debug.lib : ff_file.obj (.text.FF_ReadClusters)
                  700141a8    00000008     --HOLE-- [fill = 0]
                  700141b0    000000f6     nortos.am64x.r5f.ti-arm-clang.debug.lib : SemaphoreP_nortos.obj (.text.SemaphoreP_pend)
                  700142a6    0000000a     --HOLE-- [fill = 0]
                  700142b0    000000f4     drivers.am64x.r5f.ti-arm-clang.debug.lib : sciclient.obj (.text.Sciclient_getVersionCheck)
                  700143a4    0000000c     --HOLE-- [fill = 0]
                  700143b0    000000f2                                              : bootloader_soc.obj (.text.Bootloader_socCpuPowerOnResetM4f)
                  700144a2    0000000e     --HOLE-- [fill = 0]
                  700144b0    000000f2                                              : mmcsd_v0.obj (.text.MMCSD_phyTuneAuto)
                  700145a2    0000000e     --HOLE-- [fill = 0]
                  700145b0    000000f0                                              : mmcsd_priv.obj (.text.MMCSD_parseECSDEmmc)
                  700146a0    000000ec                                              : udma_event.obj (.text.Udma_eventIsrFxn)
                  7001478c    00000004     --HOLE-- [fill = 0]
                  70014790    000000ea     nortos.am64x.r5f.ti-arm-clang.debug.lib : AddrTranslateP.obj (.text.AddrTranslateP_getLocalAddr)
                  7001487a    00000006     --HOLE-- [fill = 0]
                  70014880    000000ea     drivers.am64x.r5f.ti-arm-clang.debug.lib : lpddr4_16bit.obj (.text.LPDDR4_CheckCtlInterrupt_2)
                  7001496a    00000006     --HOLE-- [fill = 0]
                  70014970    000000e8                                              : lpddr4_16bit.obj (.text.LPDDR4_AckCtlInterrupt_2)
                  70014a58    00000008     --HOLE-- [fill = 0]
                  70014a60    000000e8                                              : udma_event.obj (.text.Udma_eventFreeResource)
                  70014b48    00000008     --HOLE-- [fill = 0]
                  70014b50    000000e6                                              : mmcsd_v0.obj (.text.MMCSD_getModeEmmc)
                  70014c36    0000000a     --HOLE-- [fill = 0]
                  70014c40    000000e6     freertos_fat.am64x.r5f.ti-arm-clang.debug.lib : ff_ioman.obj (.text.prvDetermineFatType)
                  70014d26    0000000a     --HOLE-- [fill = 0]
                  70014d30    000000e4                                                   : ff_dir.obj (.text.FF_GetEntry)
                  70014e14    0000000c     --HOLE-- [fill = 0]
                  70014e20    000000e4     drivers.am64x.r5f.ti-arm-clang.debug.lib : mmcsd_v0.obj (.text.MMCSD_halSetBusFreq)
                  70014f04    0000000c     --HOLE-- [fill = 0]
                  70014f10    000000e2                                              : mmcsd_v0.obj (.text.MMCSD_phyInit)
                  70014ff2    0000000e     --HOLE-- [fill = 0]
                  70015000    000000e2                                              : sciclient_rm_irq.obj (.text.Sciclient_rmIrqGetNode)
                  700150e2    0000000e     --HOLE-- [fill = 0]
                  700150f0    000000de                                              : mmcsd_v0.obj (.text.MMCSD_cmdStatusPollingFxn)
                  700151ce    00000002     --HOLE-- [fill = 0]
                  700151d0    000000de                                              : sciclient.obj (.text.Sciclient_waitForMessage)
                  700152ae    00000002     --HOLE-- [fill = 0]
                  700152b0    000000de                                              : uart_v0_lld.obj (.text.UART_intrEnable)
                  7001538e    00000002     --HOLE-- [fill = 0]
                  70015390    000000da                                              : csl_emif.obj (.text.CSL_emifConfigController)
                  7001546a    00000006     --HOLE-- [fill = 0]
                  70015470    000000da     freertos_fat.am64x.r5f.ti-arm-clang.debug.lib : ff_dir.obj (.text.FF_Traverse)
                  7001554a    00000006     --HOLE-- [fill = 0]
                  70015550    000000da     drivers.am64x.r5f.ti-arm-clang.debug.lib : sciclient_rm_irq.obj (.text.Sciclient_rmIrInpIsFree)
                  7001562a    00000006     --HOLE-- [fill = 0]
                  70015630    000000da                                              : uart_v0_lld.obj (.text.UART_intrDisable)
                  7001570a    00000006     --HOLE-- [fill = 0]
                  70015710    000000d8                                              : uart_dma_udma.obj (.text.UART_udmaConfigPdmaTx)
                  700157e8    00000008     --HOLE-- [fill = 0]
                  700157f0    000000d6     freertos_fat.am64x.r5f.ti-arm-clang.debug.lib : ff_dir.obj (.text.FF_CreateFile)
                  700158c6    0000000a     --HOLE-- [fill = 0]
                  700158d0    000000d4     drivers.am64x.r5f.ti-arm-clang.debug.lib : bootloader_soc.obj (.text.Bootloader_socOpenFirewalls)
                  700159a4    0000000c     --HOLE-- [fill = 0]
                  700159b0    000000d4                                              : csl_bcdma.obj (.text.CSL_bcdmaChanOpGetChanRT)
                  70015a84    0000000c     --HOLE-- [fill = 0]
                  70015a90    000000d4     freertos_fat.am64x.r5f.ti-arm-clang.debug.lib : ff_fat.obj (.text.FF_ClearCluster)
                  70015b64    0000000c     --HOLE-- [fill = 0]
                  70015b70    000000d4     drivers.am64x.r5f.ti-arm-clang.debug.lib : pinmux.obj (.text.Pinmux_unlockMMR)
                  70015c44    0000000c     --HOLE-- [fill = 0]
                  70015c50    000000d4                                              : sciclient_procboot.obj (.text.Sciclient_procBootWaitProcessorState)
                  70015d24    0000000c     --HOLE-- [fill = 0]
                  70015d30    000000d2                                              : uart_v0_lld.obj (.text.UART_lld_write)
                  70015e02    0000000e     --HOLE-- [fill = 0]
                  70015e10    000000d2                                              : uart_dma_udma.obj (.text.UART_udmaDeInitCh)
                  70015ee2    0000000e     --HOLE-- [fill = 0]
                  70015ef0    000000ce                                              : mmcsd_priv.obj (.text.MMCSD_parseCIDSd)
                  70015fbe    00000002     --HOLE-- [fill = 0]
                  70015fc0    000000cc     freertos_fat.am64x.r5f.ti-arm-clang.debug.lib : ff_dir.obj (.text.FF_PutEntry)
                  7001608c    00000004     --HOLE-- [fill = 0]
                  70016090    000000cc     drivers.am64x.r5f.ti-arm-clang.debug.lib : udma_rm.obj (.text.Udma_rmAllocVintrBit)
                  7001615c    00000004     --HOLE-- [fill = 0]
                  70016160    000000ca                                              : csl_bcdma.obj (.text.CSL_bcdmaChanOpSetBurstSize)
                  7001622a    00000006     --HOLE-- [fill = 0]
                  70016230    000000ca                                              : udma_ring_common.obj (.text.Udma_ringCheckParams)
                  700162fa    00000006     --HOLE-- [fill = 0]
                  70016300    000000c8     freertos_fat.am64x.r5f.ti-arm-clang.debug.lib : ff_fat.obj (.text.FF_TraverseFAT)
                  700163c8    00000008     --HOLE-- [fill = 0]
                  700163d0    000000c8     drivers.am64x.r5f.ti-arm-clang.debug.lib : uart_v0_lld.obj (.text.UART_lld_writeDma)
                  70016498    00000008     --HOLE-- [fill = 0]
                  700164a0    000000c8                                              : uart_dma_udma.obj (.text.UART_udmaHpdInit)
                  70016568    00000008     --HOLE-- [fill = 0]
                  70016570    000000c8                                              : udma_event.obj (.text.Udma_eventCheckUnRegister)
                  70016638    00000008     --HOLE-- [fill = 0]
                  70016640    000000c8                                              : udma_ring_common.obj (.text.Udma_ringFree)
                  70016708    00000008     --HOLE-- [fill = 0]
                  70016710    000000c6                                              : soc.obj (.text.SOC_isR5FDualCoreMode)
                  700167d6    0000000a     --HOLE-- [fill = 0]
                  700167e0    000000c6                                              : uart_v0_lld.obj (.text.UART_lld_writeIntr)
                  700168a6    0000000a     --HOLE-- [fill = 0]
                  700168b0    000000c6                                              : udma_event.obj (.text.Udma_eventUnRegister)
                  70016976    0000000a     --HOLE-- [fill = 0]
                  70016980    000000c6     freertos_fat.am64x.r5f.ti-arm-clang.debug.lib : ff_mmcsd.obj (.text.prvReadMmcsd)
                  70016a46    0000000a     --HOLE-- [fill = 0]
                  70016a50    000000c4     drivers.am64x.r5f.ti-arm-clang.debug.lib : sciclient_rm_irq.obj (.text.Sciclient_rmIrqIsVintRouteSet)
                  70016b14    0000000c     --HOLE-- [fill = 0]
                  70016b20    000000c4                                              : uart_v0.obj (.text.UART_flushTxFifo)
                  70016be4    0000000c     --HOLE-- [fill = 0]
                  70016bf0    000000c2     freertos_fat.am64x.r5f.ti-arm-clang.debug.lib : ff_ioman.obj (.text.FF_BlockRead)
                  70016cb2    0000000e     --HOLE-- [fill = 0]
                  70016cc0    000000c2                                                   : ff_ioman.obj (.text.FF_BlockWrite)
                  70016d82    0000000e     --HOLE-- [fill = 0]
                  70016d90    000000c2                                                   : ff_string.obj (.text.FF_strmatch)
                  70016e52    0000000e     --HOLE-- [fill = 0]
                  70016e60    000000c2     drivers.am64x.r5f.ti-arm-clang.debug.lib : udma_ch.obj (.text.Udma_chClose)
                  70016f22    0000000e     --HOLE-- [fill = 0]
                  70016f30    000000c0                                              : csl_bcdma.obj (.text.CSL_bcdmaChanOpAccessRemotePeerReg)
                  70016ff0    000000c0                                              : lpddr4_16bit.obj (.text.LPDDR4_CheckCtlInterrupt_4)
                  700170b0    000000c0                                              : lpddr4.obj (.text.LPDDR4_ReadReg)
                  70017170    000000c0     nortos.am64x.r5f.ti-arm-clang.debug.lib : printf.obj (.text._out_rev)
                  70017230    000000be                                             : ClockP_nortos.obj (.text.ClockP_timerTickIsr)
                  700172ee    00000002     --HOLE-- [fill = 0]
                  700172f0    000000bc     drivers.am64x.r5f.ti-arm-clang.debug.lib : ddr.obj (.text.DDR_setClock)
                  700173ac    00000004     --HOLE-- [fill = 0]
                  700173b0    000000bc     freertos_fat.am64x.r5f.ti-arm-clang.debug.lib : ff_fat.obj (.text.prvGetFromFATBuffers)
                  7001746c    00000004     --HOLE-- [fill = 0]
                  70017470    000000bc                                                   : ff_mmcsd.obj (.text.prvWriteMmcsd)
                  7001752c    00000004     --HOLE-- [fill = 0]
                  70017530    000000ba     nortos.am64x.r5f.ti-arm-clang.debug.lib : ClockP_nortos.obj (.text.ClockP_stop)
                  700175ea    00000006     --HOLE-- [fill = 0]
                  700175f0    000000ba     drivers.am64x.r5f.ti-arm-clang.debug.lib : mmcsd_v0.obj (.text.MMCSD_halSendCommand)
                  700176aa    00000006     --HOLE-- [fill = 0]
                  700176b0    000000b8                                              : lpddr4.obj (.text.LPDDR4_WriteReg)
                  70017768    00000008     --HOLE-- [fill = 0]
                  70017770    000000b6                                              : csl_pktdma.obj (.text.CSL_pktdmaAccessChanPeerReg)
                  70017826    0000000a     --HOLE-- [fill = 0]
                  70017830    000000b6                                              : uart_v0_lld.obj (.text.UART_fifoWrite)
                  700178e6    0000000a     --HOLE-- [fill = 0]
                  700178f0    000000b2                                              : ddr.obj (.text.DDR_initDrv)
                  700179a2    0000000e     --HOLE-- [fill = 0]
                  700179b0    000000b2                                              : sciclient.obj (.text.Sciclient_getCurrentContext)
                  70017a62    0000000e     --HOLE-- [fill = 0]
                  70017a70    000000b0     freertos_fat.am64x.r5f.ti-arm-clang.debug.lib : ff_file.obj (.text.FF_SetCluster)
                  70017b20    000000b0     drivers.am64x.r5f.ti-arm-clang.debug.lib : uart_v0.obj (.text.UART_init)
                  70017bd0    000000b0                                              : udma_ch.obj (.text.Udma_chCheckParams)
                  70017c80    000000ae                                              : udma_soc.obj (.text.Udma_getMappedChRingAttributes)
                  70017d2e    00000002     --HOLE-- [fill = 0]
                  70017d30    000000ac                                              : udma_ch.obj (.text.UdmaChRxPrms_init)
                  70017ddc    00000004     --HOLE-- [fill = 0]
                  70017de0    000000ac                                              : udma_ch.obj (.text.UdmaChTxPrms_init)
                  70017e8c    00000004     --HOLE-- [fill = 0]
                  70017e90    000000ac                                              : udma_ch.obj (.text.Udma_chDisable)
                  70017f3c    00000004     --HOLE-- [fill = 0]
                  70017f40    000000aa                                              : csl_bcdma.obj (.text.CSL_bcdmaChanOpSetChanPause)
                  70017fea    00000006     --HOLE-- [fill = 0]
                  70017ff0    000000aa                                              : csl_bcdma.obj (.text.CSL_bcdmaChanOpSetChanRT)
                  7001809a    00000006     --HOLE-- [fill = 0]
                  700180a0    000000a8     nortos.am64x.r5f.ti-arm-clang.debug.lib : ClockP_nortos.obj (.text.ClockP_addToList)
                  70018148    00000008     --HOLE-- [fill = 0]
                  70018150    000000a8                                             : ClockP_nortos.obj (.text.ClockP_destruct)
                  700181f8    00000008     --HOLE-- [fill = 0]
                  70018200    000000a8     ti_drivers_open_close.obj (.text.Drivers_uartOpen)
                  700182a8    00000008     --HOLE-- [fill = 0]
                  700182b0    000000a8     drivers.am64x.r5f.ti-arm-clang.debug.lib : sciclient_rm_irq.obj (.text.Sciclient_rmIrInpRomMapped)
                  70018358    00000008     --HOLE-- [fill = 0]
                  70018360    000000a8                                              : sciclient_rm_irq.obj (.text.Sciclient_rmIrOutpRomMapped)
                  70018408    00000008     --HOLE-- [fill = 0]
                  70018410    000000a8     nortos.am64x.r5f.ti-arm-clang.debug.lib : PmuP_armv7r.obj (.text.pmu)
                  700184b8    00000008     --HOLE-- [fill = 0]
                  700184c0    000000a6     ti_drivers_open_close.obj (.text.Drivers_mmcsdOpen)
                  70018566    0000000a     --HOLE-- [fill = 0]
                  70018570    000000a6     drivers.am64x.r5f.ti-arm-clang.debug.lib : mmcsd_v0.obj (.text.MMCSD_phyGetOtapDelay)
                  70018616    0000000a     --HOLE-- [fill = 0]
                  70018620    000000a6                                              : sciclient_pm.obj (.text.Sciclient_pmGetModuleClkNumParent)
                  700186c6    0000000a     --HOLE-- [fill = 0]
                  700186d0    000000a4                                              : bootloader_soc.obj (.text.Bootloader_socOpenFirewallRegion)
                  70018774    0000000c     --HOLE-- [fill = 0]
                  70018780    000000a4                                              : csl_intaggr.obj (.text.CSL_intaggrIsIntrPending)
                  70018824    0000000c     --HOLE-- [fill = 0]
                  70018830    000000a4                                              : sciclient_rm_irq.obj (.text.Sciclient_rmIrqCheckLoop)
                  700188d4    0000000c     --HOLE-- [fill = 0]
                  700188e0    000000a4                                              : uart_v0_lld.obj (.text.UART_IsBaseAddrValid)
                  70018984    000000a4     libc.a : memory.c.obj (.text.split)
                  70018a28    00000008     --HOLE-- [fill = 0]
                  70018a30    000000a2     drivers.am64x.r5f.ti-arm-clang.debug.lib : ddr.obj (.text.DDR_init)
                  70018ad2    0000000e     --HOLE-- [fill = 0]
                  70018ae0    000000a0                                              : udma_rm.obj (.text.Udma_rmAllocEvent)
                  70018b80    000000a0                                              : udma_rm.obj (.text.Udma_rmAllocVintr)
                  70018c20    0000009e                                              : bootloader_soc.obj (.text.Bootloader_socCpuSetEntryPoint)
                  70018cbe    00000002     --HOLE-- [fill = 0]
                  70018cc0    0000009e     freertos_fat.am64x.r5f.ti-arm-clang.debug.lib : ff_file.obj (.text.FF_GetSequentialClusters)
                  70018d5e    00000002     --HOLE-- [fill = 0]
                  70018d60    0000009e                                                   : ff_dir.obj (.text.FF_PopulateShortDirent)
                  70018dfe    00000002     --HOLE-- [fill = 0]
                  70018e00    0000009e     drivers.am64x.r5f.ti-arm-clang.debug.lib : mmcsd_v0.obj (.text.MMCSD_halCmdResponseGet)
                  70018e9e    00000002     --HOLE-- [fill = 0]
                  70018ea0    0000009e                                              : sciclient_soc_priv.obj (.text.Sciclient_getContext)
                  70018f3e    00000002     --HOLE-- [fill = 0]
                  70018f40    0000009c                                              : pinmux.obj (.text.Pinmux_config)
                  70018fdc    00000004     --HOLE-- [fill = 0]
                  70018fe0    0000009a                                              : bootloader_soc.obj (.text.Bootloader_socCpuSetClock)
                  7001907a    00000006     --HOLE-- [fill = 0]
                  70019080    0000009a                                              : bootloader_soc.obj (.text.Bootloader_socTranslateSectionAddr)
                  7001911a    00000006     --HOLE-- [fill = 0]
                  70019120    0000009a     ti_power_clock_config.obj (.text.Module_clockSetFrequency)
                  700191ba    00000006     --HOLE-- [fill = 0]
                  700191c0    0000009a     drivers.am64x.r5f.ti-arm-clang.debug.lib : soc.obj (.text.SOC_controlModuleUnlockMMR)
                  7001925a    00000006     --HOLE-- [fill = 0]
                  70019260    0000009a                                              : sciclient_pm.obj (.text.Sciclient_pmGetModuleClkFreq)
                  700192fa    00000006     --HOLE-- [fill = 0]
                  70019300    0000009a                                              : sciclient_pm.obj (.text.Sciclient_pmGetModuleClkParent)
                  7001939a    00000006     --HOLE-- [fill = 0]
                  700193a0    0000009a                                              : sciclient_pm.obj (.text.Sciclient_pmSetModuleClkParent)
                  7001943a    00000006     --HOLE-- [fill = 0]
                  70019440    0000009a                                              : sciclient_procboot.obj (.text.Sciclient_procBootSetSequenceCtrl)
                  700194da    00000006     --HOLE-- [fill = 0]
                  700194e0    0000009a                                              : sciclient_rm_irq.obj (.text.Sciclient_rmIrOutpIsFree)
                  7001957a    00000006     --HOLE-- [fill = 0]
                  70019580    0000009a                                              : udma_ring_common.obj (.text.Udma_ringQueueRaw)
                  7001961a    00000006     --HOLE-- [fill = 0]
                  70019620    00000098                                              : csl_bcdma.obj (.text.CSL_bcdmaChanOpSetChanEnable)
                  700196b8    00000008     --HOLE-- [fill = 0]
                  700196c0    00000098                                              : sciclient_boardcfg.obj (.text.Sciclient_boardCfgPm)
                  70019758    00000008     --HOLE-- [fill = 0]
                  70019760    00000098                                              : sciclient_boardcfg.obj (.text.Sciclient_boardCfgRm)
                  700197f8    00000008     --HOLE-- [fill = 0]
                  70019800    00000098                                              : sciclient_pm.obj (.text.Sciclient_pmModuleGetClkStatus)
                  70019898    00000008     --HOLE-- [fill = 0]
                  700198a0    00000096                                              : bootloader.obj (.text.Bootloader_runCpu)
                  70019936    0000000a     --HOLE-- [fill = 0]
                  70019940    00000096                                              : sciclient.obj (.text.Sciclient_init)
                  700199d6    0000000a     --HOLE-- [fill = 0]
                  700199e0    00000096                                              : uart_v0_lld.obj (.text.UART_subConfigTCRTLRModeEn)
                  70019a76    0000000a     --HOLE-- [fill = 0]
                  70019a80    00000096                                              : uart_dma_udma.obj (.text.UART_udmaIsrRx)
                  70019b16    0000000a     --HOLE-- [fill = 0]
                  70019b20    00000096                                              : uart_dma_udma.obj (.text.UART_udmaIsrTx)
                  70019bb6    0000000a     --HOLE-- [fill = 0]
                  70019bc0    00000096                                              : udma_flow.obj (.text.UdmaFlowPrms_init)
                  70019c56    0000000a     --HOLE-- [fill = 0]
                  70019c60    00000096                                              : udma_ring_common.obj (.text.Udma_ringDequeueRaw)
                  70019cf6    0000000a     --HOLE-- [fill = 0]
                  70019d00    00000094                                              : mmcsd_v0.obj (.text.MMCSD_init)
                  70019d94    0000000c     --HOLE-- [fill = 0]
                  70019da0    00000094                                              : sciclient.obj (.text.Sciclient_waitForBootNotification)
                  70019e34    0000000c     --HOLE-- [fill = 0]
                  70019e40    00000094                                              : uart_dma_udma.obj (.text.UART_lld_dmaDisableChannel)
                  70019ed4    0000000c     --HOLE-- [fill = 0]
                  70019ee0    00000092     nortos.am64x.r5f.ti-arm-clang.debug.lib : ClockP_nortos.obj (.text.ClockP_getTimeUsec)
                  70019f72    0000000e     --HOLE-- [fill = 0]
                  70019f80    00000092     ti_drivers_open_close.obj (.text.Drivers_ffOpen)
                  7001a012    0000000e     --HOLE-- [fill = 0]
                  7001a020    00000092     drivers.am64x.r5f.ti-arm-clang.debug.lib : soc.obj (.text.SOC_moduleClockEnable)
                  7001a0b2    0000000e     --HOLE-- [fill = 0]
                  7001a0c0    00000092                                              : sciclient_rm_irq.obj (.text.Sciclient_rmPsPop)
                  7001a152    0000000e     --HOLE-- [fill = 0]
                  7001a160    00000090                                              : mmcsd_v0.obj (.text.MMCSD_halBusPower)
                  7001a1f0    00000090                                              : mmcsd_v0.obj (.text.MMCSD_isReadyForTransfer)
                  7001a280    0000008e                                              : udma_rm.obj (.text.Udma_rmFreeMappedRing)
                  7001a30e    00000002     --HOLE-- [fill = 0]
                  7001a310    0000008c                                              : ddr.obj (.text.DDR_initHwRegs)
                  7001a39c    00000004     --HOLE-- [fill = 0]
                  7001a3a0    0000008c                                              : sciclient_pm.obj (.text.Sciclient_pmGetModuleState)
                  7001a42c    00000004     --HOLE-- [fill = 0]
                  7001a430    0000008c                                              : sciclient_pm.obj (.text.Sciclient_pmModuleClkRequest)
                  7001a4bc    00000004     --HOLE-- [fill = 0]
                  7001a4c0    0000008c                                              : sciclient_pm.obj (.text.Sciclient_pmSetModuleState)
                  7001a54c    00000004     --HOLE-- [fill = 0]
                  7001a550    0000008c                                              : sciclient_rm_irq.obj (.text.Sciclient_rmIaEvtRomMapped)
                  7001a5dc    00000004     --HOLE-- [fill = 0]
                  7001a5e0    0000008c                                              : uart_v0_lld.obj (.text.UART_writeCancelNoCB)
                  7001a66c    00000004     --HOLE-- [fill = 0]
                  7001a670    0000008a                                              : lpddr4.obj (.text.LPDDR4_PollCtlIrq)
                  7001a6fa    00000006     --HOLE-- [fill = 0]
                  7001a700    0000008a                                              : lpddr4.obj (.text.LPDDR4_PollPhyIndepIrq)
                  7001a78a    00000006     --HOLE-- [fill = 0]
                  7001a790    0000008a                                              : udma_ring_common.obj (.text.Udma_ringFlushRaw)
                  7001a81a    00000006     --HOLE-- [fill = 0]
                  7001a820    00000088                                              : bootloader_soc.obj (.text.Bootloader_socCpuGetClock)
                  7001a8a8    00000008     --HOLE-- [fill = 0]
                  7001a8b0    00000088                                              : csl_bcdma.obj (.text.CSL_bcdmaGetCfg)
                  7001a938    00000008     --HOLE-- [fill = 0]
                  7001a940    00000088     freertos_fat.am64x.r5f.ti-arm-clang.debug.lib : ff_dir.obj (.text.FF_InitEntryFetch)
                  7001a9c8    00000008     --HOLE-- [fill = 0]
                  7001a9d0    00000088     drivers.am64x.r5f.ti-arm-clang.debug.lib : sciclient_procboot.obj (.text.Sciclient_procBootReleaseProcessor)
                  7001aa58    00000008     --HOLE-- [fill = 0]
                  7001aa60    00000088                                              : udma_rm.obj (.text.Udma_rmFreeVintrBit)
                  7001aae8    00000008     --HOLE-- [fill = 0]
                  7001aaf0    00000086                                              : lpddr4_16bit.obj (.text.LPDDR4_CheckCtlInterrupt_3)
                  7001ab76    0000000a     --HOLE-- [fill = 0]
                  7001ab80    00000086                                              : mmcsd_v0.obj (.text.MMCSD_halSetBusWidth)
                  7001ac06    0000000a     --HOLE-- [fill = 0]
                  7001ac10    00000086                                              : uart_v0_lld.obj (.text.UART_lld_flushTxFifo)
                  7001ac96    0000000a     --HOLE-- [fill = 0]
                  7001aca0    00000086                                              : uart_v0_lld.obj (.text.UART_tcrTlrBitValRestore)
                  7001ad26    0000000a     --HOLE-- [fill = 0]
                  7001ad30    00000084                                              : mmcsd_v0.obj (.text.MMCSD_halLinesResetCmd)
                  7001adb4    0000000c     --HOLE-- [fill = 0]
                  7001adc0    00000084                                              : mmcsd_v0.obj (.text.MMCSD_halLinesResetDat)
                  7001ae44    0000000c     --HOLE-- [fill = 0]
                  7001ae50    00000082                                              : uart_dma_soc.obj (.text.CSL_udmapCppi5SetReturnPolicy)
                  7001aed2    0000000e     --HOLE-- [fill = 0]
                  7001aee0    00000082     freertos_fat.am64x.r5f.ti-arm-clang.debug.lib : ff_file.obj (.text.FF_CheckValid)
                  7001af62    0000000e     --HOLE-- [fill = 0]
                  7001af70    00000082     drivers.am64x.r5f.ti-arm-clang.debug.lib : mmcsd_v0.obj (.text.MMCSD_halSoftReset)
                  7001aff2    0000000e     --HOLE-- [fill = 0]
                  7001b000    00000082                                              : mmcsd_v0.obj (.text.MMCSD_sendTuningDataEMMC)
                  7001b082    0000000e     --HOLE-- [fill = 0]
                  7001b090    00000082                                              : udma_ch.obj (.text.Udma_chPair)
                  7001b112    0000000e     --HOLE-- [fill = 0]
                  7001b120    00000082                                              : udma_ch.obj (.text.Udma_chUnpair)
                  7001b1a2    0000000e     --HOLE-- [fill = 0]
                  7001b1b0    00000080     freertos_fat.am64x.r5f.ti-arm-clang.debug.lib : ff_fat.obj (.text.FF_GetChainLength)
                  7001b230    00000080     drivers.am64x.r5f.ti-arm-clang.debug.lib : uart_v0_lld.obj (.text.UART_moduleReset)
                  7001b2b0    0000007e                                              : bootloader.obj (.text.Bootloader_findSeq)
                  7001b32e    00000002     --HOLE-- [fill = 0]
                  7001b330    0000007e                                              : csl_bcdma.obj (.text.CSL_bcdmaChanOpIsChanEnabled)
                  7001b3ae    00000002     --HOLE-- [fill = 0]
                  7001b3b0    0000007e                                              : csl_bcdma.obj (.text.CSL_bcdmaChanOpIsValidChanIdx)
                  7001b42e    00000002     --HOLE-- [fill = 0]
                  7001b430    0000007e                                              : csl_bcdma.obj (.text.CSL_bcdmaMapChanIdx)
                  7001b4ae    00000002     --HOLE-- [fill = 0]
                  7001b4b0    0000007e                                              : lpddr4.obj (.text.LPDDR4_StartSequenceController)
                  7001b52e    00000002     --HOLE-- [fill = 0]
                  7001b530    0000007e                                              : uart_v0_lld.obj (.text.UART_readData)
                  7001b5ae    00000002     --HOLE-- [fill = 0]
                  7001b5b0    0000007c     freertos_fat.am64x.r5f.ti-arm-clang.debug.lib : ff_dir.obj (.text.FF_ProcessShortName)
                  7001b62c    00000004     --HOLE-- [fill = 0]
                  7001b630    0000007c     nortos.am64x.r5f.ti-arm-clang.debug.lib : DebugP_log.obj (.text._DebugP_assert)
                  7001b6ac    00000004     --HOLE-- [fill = 0]
                  7001b6b0    0000007a     freertos_fat.am64x.r5f.ti-arm-clang.debug.lib : ff_fat.obj (.text.FF_isEndOfChain)
                  7001b72a    00000006     --HOLE-- [fill = 0]
                  7001b730    0000007a     drivers.am64x.r5f.ti-arm-clang.debug.lib : uart_v0.obj (.text.UART_Params_init)
                  7001b7aa    00000002     --HOLE-- [fill = 0]
                  7001b7ac    00000078     libc.a : snprintf.c.obj (.text.snprintf)
                  7001b824    0000000c     --HOLE-- [fill = 0]
                  7001b830    00000076     drivers.am64x.r5f.ti-arm-clang.debug.lib : csl_bcdma.obj (.text.CSL_bcdmaChanOpClearError)
                  7001b8a6    0000000a     --HOLE-- [fill = 0]
                  7001b8b0    00000076                                              : csl_bcdma.obj (.text.CSL_bcdmaDoChanOp)
                  7001b926    0000000a     --HOLE-- [fill = 0]
                  7001b930    00000076                                              : mmcsd_priv.obj (.text.MMCSD_parseCSDEmmc)
                  7001b9a6    0000000a     --HOLE-- [fill = 0]
                  7001b9b0    00000076                                              : udma_ch.obj (.text.Udma_chGetCqRingHandle)
                  7001ba26    0000000a     --HOLE-- [fill = 0]
                  7001ba30    00000076                                              : udma_ch.obj (.text.Udma_chGetFqRingHandle)
                  7001baa6    0000000a     --HOLE-- [fill = 0]
                  7001bab0    00000074     freertos_fat.am64x.r5f.ti-arm-clang.debug.lib : ff_dir.obj (.text.FF_ValidShortChar)
                  7001bb24    0000000c     --HOLE-- [fill = 0]
                  7001bb30    00000074     drivers.am64x.r5f.ti-arm-clang.debug.lib : udma_ch.obj (.text.Udma_chEnable)
                  7001bba4    0000000c     --HOLE-- [fill = 0]
                  7001bbb0    00000074     freertos_fat.am64x.r5f.ti-arm-clang.debug.lib : ff_dir.obj (.text.strcasecmp)
                  7001bc24    0000000c     --HOLE-- [fill = 0]
                  7001bc30    00000072     drivers.am64x.r5f.ti-arm-clang.debug.lib : csl_bcdma.obj (.text.CSL_bcdmaChanOpTriggerChan)
                  7001bca2    0000000e     --HOLE-- [fill = 0]
                  7001bcb0    00000072     nortos.am64x.r5f.ti-arm-clang.debug.lib : ClockP_nortos.obj (.text.ClockP_usleep)
                  7001bd22    0000000e     --HOLE-- [fill = 0]
                  7001bd30    00000072     drivers.am64x.r5f.ti-arm-clang.debug.lib : mmcsd_v0.obj (.text.MMCSD_close)
                  7001bda2    0000000e     --HOLE-- [fill = 0]
                  7001bdb0    00000070                                              : bootloader.obj (.text.Bootloader_open)
                  7001be20    00000070                                              : csl_intaggr.obj (.text.CSL_intaggrClrIntr)
                  7001be90    00000070     nortos.am64x.r5f.ti-arm-clang.debug.lib : ClockP_nortos.obj (.text.ClockP_construct)
                  7001bf00    00000070     drivers.am64x.r5f.ti-arm-clang.debug.lib : mmcsd_v0.obj (.text.MMCSD_halSetUHSMode)
                  7001bf70    00000070                                              : sciclient_rm.obj (.text.Sciclient_rmGetResourceRange)
                  7001bfe0    00000070                                              : udma_rm.obj (.text.Udma_rmFreeMappedRxCh)
                  7001c050    00000070                                              : udma_rm.obj (.text.Udma_rmFreeMappedTxCh)
                  7001c0c0    0000006e                                              : bootloader.obj (.text.Bootloader_getX509CertLen)
                  7001c12e    00000002     --HOLE-- [fill = 0]
                  7001c130    0000006e                                              : bootloader_soc.obj (.text.Bootloader_socCpuPowerOnResetA53)
                  7001c19e    00000002     --HOLE-- [fill = 0]
                  7001c1a0    0000006e                                              : bootloader_soc.obj (.text.Bootloader_socGetR5fBtcmAddrAndSize)
                  7001c20e    00000002     --HOLE-- [fill = 0]
                  7001c210    0000006e                                              : lpddr4_16bit.obj (.text.LPDDR4_EnablePIInitiator)
                  7001c27e    00000002     --HOLE-- [fill = 0]
                  7001c280    0000006e                                              : sciclient_rm_irq.obj (.text.Sciclient_rmIaVintGetInfo)
                  7001c2ee    00000002     --HOLE-- [fill = 0]
                  7001c2f0    0000006e     freertos_fat.am64x.r5f.ti-arm-clang.debug.lib : ff_file.obj (.text.prvAllocFileHandle)
                  7001c35e    00000002     --HOLE-- [fill = 0]
                  7001c360    0000006c     drivers.am64x.r5f.ti-arm-clang.debug.lib : bootloader_soc.obj (.text.Bootloader_socGetR5fAtcmAddrAndSize)
                  7001c3cc    00000004     --HOLE-- [fill = 0]
                  7001c3d0    0000006c                                              : ddr_soc.obj (.text.DDR_socEnableVttRegulator)
                  7001c43c    00000004     --HOLE-- [fill = 0]
                  7001c440    0000006c     freertos_fat.am64x.r5f.ti-arm-clang.debug.lib : ff_ioman.obj (.text.FF_ReadParts)
                  7001c4ac    00000004     --HOLE-- [fill = 0]
                  7001c4b0    0000006c     drivers.am64x.r5f.ti-arm-clang.debug.lib : udma_ch.obj (.text.UdmaChPrms_init)
                  7001c51c    0000006c     libc.a : atoi.c.obj (.text.atoi)
                  7001c588    00000008     --HOLE-- [fill = 0]
                  7001c590    0000006a     freertos_fat.am64x.r5f.ti-arm-clang.debug.lib : ff_ioman.obj (.text.FF_ReleaseBuffer)
                  7001c5fa    00000006     --HOLE-- [fill = 0]
                  7001c600    0000006a     drivers.am64x.r5f.ti-arm-clang.debug.lib : lpddr4.obj (.text.LPDDR4_WriteCtlConfig)
                  7001c66a    00000006     --HOLE-- [fill = 0]
                  7001c670    0000006a                                              : lpddr4.obj (.text.LPDDR4_WritePhyConfig)
                  7001c6da    00000006     --HOLE-- [fill = 0]
                  7001c6e0    0000006a                                              : lpddr4.obj (.text.LPDDR4_WritePhyIndepConfig)
                  7001c74a    00000006     --HOLE-- [fill = 0]
                  7001c750    0000006a                                              : pinmux.obj (.text.Pinmux_lockMMR)
                  7001c7ba    00000006     --HOLE-- [fill = 0]
                  7001c7c0    00000068                                              : bootloader.obj (.text.Bootloader_loadCpu)
                  7001c828    00000008     --HOLE-- [fill = 0]
                  7001c830    00000068                                              : bootloader_soc.obj (.text.Bootloader_socCpuRelease)
                  7001c898    00000008     --HOLE-- [fill = 0]
                  7001c8a0    00000068     freertos_fat.am64x.r5f.ti-arm-clang.debug.lib : ff_fat.obj (.text.FF_ReleaseFATBuffers)
                  7001c908    00000008     --HOLE-- [fill = 0]
                  7001c910    00000068     drivers.am64x.r5f.ti-arm-clang.debug.lib : sciclient_rm_irq.obj (.text.Sciclient_rmIrqCfgIsDirectEvent)
                  7001c978    00000008     --HOLE-- [fill = 0]
                  7001c980    00000068                                              : sciclient_rm_irq.obj (.text.Sciclient_rmIrqCfgIsDirectNonEvent)
                  7001c9e8    00000008     --HOLE-- [fill = 0]
                  7001c9f0    00000068                                              : sciclient_rm_irq.obj (.text.Sciclient_rmIrqCfgIsEventToVintMappingOnly)
                  7001ca58    00000008     --HOLE-- [fill = 0]
                  7001ca60    00000068                                              : sciclient_rm_irq.obj (.text.Sciclient_rmIrqCfgIsOesOnly)
                  7001cac8    00000008     --HOLE-- [fill = 0]
                  7001cad0    00000068                                              : sciclient_rm_irq.obj (.text.Sciclient_rmIrqCfgIsUnmappedVintDirectEvent)
                  7001cb38    00000008     --HOLE-- [fill = 0]
                  7001cb40    00000068                                              : uart_v0_lld.obj (.text.UART_divisorValCompute)
                  7001cba8    00000008     --HOLE-- [fill = 0]
                  7001cbb0    00000066                                              : bootloader_soc.obj (.text.Bootloader_socCpuRequest)
                  7001cc16    0000000a     --HOLE-- [fill = 0]
                  7001cc20    00000066                                              : bootloader_soc.obj (.text.Bootloader_socInitR5FAtcmBtcm)
                  7001cc86    0000000a     --HOLE-- [fill = 0]
                  7001cc90    00000066                                              : uart_dma_udma.obj (.text.CSL_udmapCppi5SetIds)
                  7001ccf6    0000000a     --HOLE-- [fill = 0]
                  7001cd00    00000066                                              : sciclient_pm.obj (.text.Sciclient_pmSetModuleRst_flags)
                  7001cd66    0000000a     --HOLE-- [fill = 0]
                  7001cd70    00000064     freertos_fat.am64x.r5f.ti-arm-clang.debug.lib : ff_dir.obj (.text.FF_MakeNameCompliant)
                  7001cdd4    0000000c     --HOLE-- [fill = 0]
                  7001cde0    00000064     drivers.am64x.r5f.ti-arm-clang.debug.lib : mmcsd_v0.obj (.text.MMCSD_getXferSpeedFromModeEmmc)
                  7001ce44    0000000c     --HOLE-- [fill = 0]
                  7001ce50    00000064                                              : sciclient_procboot.obj (.text.Sciclient_procBootGetProcessorState)
                  7001ceb4    0000000c     --HOLE-- [fill = 0]
                  7001cec0    00000064                                              : sciclient_rm_irq.obj (.text.Sciclient_rmIrGetInst)
                  7001cf24    0000000c     --HOLE-- [fill = 0]
                  7001cf30    00000064                                              : uart_v0_lld.obj (.text.UART_fifoRegisterWrite)
                  7001cf94    0000000c     --HOLE-- [fill = 0]
                  7001cfa0    00000064                                              : uart_v0_lld.obj (.text.UART_lld_deInitDma)
                  7001d004    0000000c     --HOLE-- [fill = 0]
                  7001d010    00000064                                              : udma_rm.obj (.text.Udma_rmFreeEvent)
                  7001d074    0000000c     --HOLE-- [fill = 0]
                  7001d080    00000064                                              : udma_rm.obj (.text.Udma_rmFreeIrIntr)
                  7001d0e4    0000000c     --HOLE-- [fill = 0]
                  7001d0f0    00000064                                              : udma_rm.obj (.text.Udma_rmFreeVintr)
                  7001d154    0000000c     --HOLE-- [fill = 0]
                  7001d160    00000062                                              : ddr.obj (.text.DDR_probe)
                  7001d1c2    0000000e     --HOLE-- [fill = 0]
                  7001d1d0    00000062                                              : udma_event.obj (.text.UdmaEventPrms_init)
                  7001d232    0000000e     --HOLE-- [fill = 0]
                  7001d240    00000062                                              : udma_rm.obj (.text.Udma_rmFreeBlkCopyCh)
                  7001d2a2    0000000e     --HOLE-- [fill = 0]
                  7001d2b0    00000062                                              : udma_rm.obj (.text.Udma_rmFreeBlkCopyHcCh)
                  7001d312    0000000e     --HOLE-- [fill = 0]
                  7001d320    00000062                                              : udma_rm.obj (.text.Udma_rmFreeBlkCopyUhcCh)
                  7001d382    0000000e     --HOLE-- [fill = 0]
                  7001d390    00000062                                              : udma_rm.obj (.text.Udma_rmFreeRxCh)
                  7001d3f2    0000000e     --HOLE-- [fill = 0]
                  7001d400    00000062                                              : udma_rm.obj (.text.Udma_rmFreeRxHcCh)
                  7001d462    0000000e     --HOLE-- [fill = 0]
                  7001d470    00000062                                              : udma_rm.obj (.text.Udma_rmFreeRxUhcCh)
                  7001d4d2    0000000e     --HOLE-- [fill = 0]
                  7001d4e0    00000062                                              : udma_rm.obj (.text.Udma_rmFreeTxCh)
                  7001d542    0000000e     --HOLE-- [fill = 0]
                  7001d550    00000062                                              : udma_rm.obj (.text.Udma_rmFreeTxHcCh)
                  7001d5b2    0000000e     --HOLE-- [fill = 0]
                  7001d5c0    00000062                                              : udma_rm.obj (.text.Udma_rmFreeTxUhcCh)
                  7001d622    0000000e     --HOLE-- [fill = 0]
                  7001d630    00000060     freertos_fat.am64x.r5f.ti-arm-clang.debug.lib : ff_ioman.obj (.text.FF_IOMAN_InitBufferDescriptors)
                  7001d690    00000060     drivers.am64x.r5f.ti-arm-clang.debug.lib : uart_v0_lld.obj (.text.UART_getChar)
                  7001d6f0    00000060                                              : uart_v0_lld.obj (.text.UART_writeData)
                  7001d750    00000060                                              : udma_utils.obj (.text.Udma_virtToPhyFxn)
                  7001d7b0    0000005e     freertos_fat.am64x.r5f.ti-arm-clang.debug.lib : ff_fat.obj (.text.FF_getMinorBlockEntry)
                  7001d80e    00000002     --HOLE-- [fill = 0]
                  7001d810    0000005e     drivers.am64x.r5f.ti-arm-clang.debug.lib : lpddr4.obj (.text.LPDDR4_PollAndAckIrq)
                  7001d86e    00000002     --HOLE-- [fill = 0]
                  7001d870    0000005e                                              : sciclient_pm.obj (.text.Sciclient_pmSetModuleRst)
                  7001d8ce    00000002     --HOLE-- [fill = 0]
                  7001d8d0    0000005e                                              : sciclient_procboot.obj (.text.Sciclient_procBootRequestProcessor)
                  7001d92e    00000002     --HOLE-- [fill = 0]
                  7001d930    0000005e     nortos.am64x.r5f.ti-arm-clang.debug.lib : SemaphoreP_nortos.obj (.text.SemaphoreP_post)
                  7001d98e    00000002     --HOLE-- [fill = 0]
                  7001d990    0000005c     freertos_fat.am64x.r5f.ti-arm-clang.debug.lib : ff_ioman.obj (.text.FF_DeleteIOManager)
                  7001d9ec    00000004     --HOLE-- [fill = 0]
                  7001d9f0    0000005c                                                   : ff_crc.obj (.text.FF_GetCRC16)
                  7001da4c    00000004     --HOLE-- [fill = 0]
                  7001da50    0000005c     drivers.am64x.r5f.ti-arm-clang.debug.lib : lpddr4.obj (.text.LPDDR4_CheckPhyIndepInterrupt)
                  7001daac    00000004     --HOLE-- [fill = 0]
                  7001dab0    0000005c                                              : lpddr4.obj (.text.LPDDR4_SanityFunction4)
                  7001db0c    00000004     --HOLE-- [fill = 0]
                  7001db10    0000005c                                              : sciclient_rm_irq.obj (.text.Sciclient_rmIaGetInst)
                  7001db6c    00000004     --HOLE-- [fill = 0]
                  7001db70    0000005c                                              : sciclient_rm_irq.obj (.text.Sciclient_rmPsPush)
                  7001dbcc    00000004     --HOLE-- [fill = 0]
                  7001dbd0    0000005c                                              : sciclient.obj (.text.Sciclient_triggerSecHandover)
                  7001dc2c    00000004     --HOLE-- [fill = 0]
                  7001dc30    0000005c                                              : uart_v0_lld.obj (.text.UART_lld_deInit)
                  7001dc8c    00000004     --HOLE-- [fill = 0]
                  7001dc90    0000005c                                              : uart_v0.obj (.text.UART_lld_writeCompleteCallback)
                  7001dcec    00000004     --HOLE-- [fill = 0]
[...]
700255ec  DDRSS_phyRegNum                                                               
700259e2  DDRSS_ctlRegNum                                                               
70025d30  DDRSS_phyIndepRegNum                                                          
70026114  gAddrTranslateInfo                                                            
700261d8  vint_usage_count_DMASS0_INTAGGR_0                                             
70026290  gCoreBootInfo                                                                 
70026470  gAddrTranslateConfig                                                          
7002647c  __aeabi_errno                                                                 
70026480  gTuningPattern8Bit                                                            
70026500  gRmIrInstances                                                                
700265b8  gUartParams                                                                   
7002664c  _lock                                                                         
700266b8  gSocModulesClockFrequency                                                     
700266e8  gBootloaderConfig                                                             
70026730  gRmIaInstances                                                                
70026750  gSciclientSecProxyCfg                                                         
70026770  gBootloaderMemFxns                                                            
70026788  gClockConfig                                                                  
700267b8  gResMemSection                                                                
700267cc  gSocModules                                                                   
700267f4  gBootloader0Args                                                              
700267fc  gFFMmcsdConfig                                                                
70026804  gFFPartitionIds                                                               
7002680c  gMemBootloaderArgs                                                            
70026814  gMmcsdConfig                                                                  
7002681c  gMmcsdParams                                                                  
70026834  gUartConfig                                                                   
7002683c  _unlock                                                                       
70026848  gBootloaderConfigNum                                                          
7002684c  gDebugLogZone                                                                 
70026850  gDebugP_uartDrvIndex                                                          
70026854  gHwiConfig                                                                    
70026858  gMmcsdConfigNum                                                               
7002685c  gUartConfigNum                                                                
70026860  gUartDmaChConfig                                                              
70026864  operatingMode                                                                 
70026880  crc32_table                                                                   
70026c80  gSciclientMap                                                                 
70026de8  gUdmaTxMappedChRingAttributes                                                 
70026f20  __aeabi_ctype_table_                                                          
70026f20  __aeabi_ctype_table_C                                                         
70027224  gUdmaRxMappedChRingAttributes                                                 
700273ac  tisci_if_TIMESYNC_EVENT_INTROUTER0                                            
70027414  gCacheConfig                                                                  
7002741c  gMpuConfig                                                                    
70027428  gMpuRegionConfig                                                              
700274dc  gRmIrqTree                                                                    
70027534  gCacheL1dCacheLineSize                                                        
700275d4  gSOC_r5fVectors                                                               
70027964  tisci_if_MAIN_GPIOMUX_INTROUTER0                                              
70027b28  tisci_if_DMASS0_INTAGGR_0                                                     
70028078  tisci_if_MCU_MCU_GPIOMUX_INTROUTER0                                           
700281cc  tisci_if_CPTS0                                                                
700283e8  tisci_if_PRU_ICSSG0                                                           
70028404  tisci_if_PRU_ICSSG1                                                           
700285c0  tisci_if_CMP_EVENT_INTROUTER0                                                 
700286f0  tisci_if_PCIE0                                                                
70028868  tisci_if_CPSW0                                                                
700289b4  CMP_EVENT_INTROUTER0_outp_0_15_to_GICSS0_spi_48_63                            
700289bc  CMP_EVENT_INTROUTER0_outp_16_23_to_R5FSS0_CORE0_intr_48_55                    
700289c4  CMP_EVENT_INTROUTER0_outp_16_23_to_R5FSS0_CORE1_intr_48_55                    
700289cc  CMP_EVENT_INTROUTER0_outp_24_31_to_R5FSS1_CORE0_intr_48_55                    
700289d4  CMP_EVENT_INTROUTER0_outp_24_31_to_R5FSS1_CORE1_intr_48_55                    
700289dc  CMP_EVENT_INTROUTER0_outp_32_39_to_DMASS0_INTAGGR_0_intaggr_levi_pend_0_7     
700289e4  CPSW0_cpts_comp_0_0_to_CMP_EVENT_INTROUTER0_in_80_80                          
700289ec  CPSW0_cpts_genf0_1_1_to_TIMESYNC_EVENT_INTROUTER0_in_21_21                    
700289f4  CPSW0_cpts_genf1_2_2_to_TIMESYNC_EVENT_INTROUTER0_in_22_22                    
700289fc  CPSW0_cpts_sync_3_3_to_TIMESYNC_EVENT_INTROUTER0_in_34_34                     
70028a04  CPTS0_cpts_comp_0_0_to_CMP_EVENT_INTROUTER0_in_82_82                          
70028a0c  CPTS0_cpts_genf0_1_1_to_TIMESYNC_EVENT_INTROUTER0_in_16_16                    
70028a14  CPTS0_cpts_genf1_2_2_to_TIMESYNC_EVENT_INTROUTER0_in_17_17                    
70028a1c  CPTS0_cpts_genf2_3_3_to_TIMESYNC_EVENT_INTROUTER0_in_18_18                    
70028a24  CPTS0_cpts_genf3_4_4_to_TIMESYNC_EVENT_INTROUTER0_in_19_19                    
70028a2c  CPTS0_cpts_genf4_5_5_to_TIMESYNC_EVENT_INTROUTER0_in_20_20                    
70028a34  CPTS0_cpts_genf5_6_6_to_TIMESYNC_EVENT_INTROUTER0_in_24_24                    
70028a3c  CPTS0_cpts_sync_7_7_to_TIMESYNC_EVENT_INTROUTER0_in_35_35                     
70028a44  DMASS0_INTAGGR_0_intaggr_vintr_pend_0_39_to_GICSS0_spi_64_103                 
70028a4c  DMASS0_INTAGGR_0_intaggr_vintr_pend_120_127_to_R5FSS1_CORE0_intr_8_15         
70028a54  DMASS0_INTAGGR_0_intaggr_vintr_pend_128_135_to_R5FSS1_CORE1_intr_8_15         
70028a5c  DMASS0_INTAGGR_0_intaggr_vintr_pend_152_159_to_PRU_ICSSG0_pr1_slv_intr_16_23  
70028a64  DMASS0_INTAGGR_0_intaggr_vintr_pend_160_167_to_PRU_ICSSG1_pr1_slv_intr_16_23  
70028a6c  DMASS0_INTAGGR_0_intaggr_vintr_pend_168_183_to_MCU_M4FSS0_CORE0_nvic_32_47    
70028a74  DMASS0_INTAGGR_0_intaggr_vintr_pend_40_71_to_R5FSS0_CORE0_intr_64_95          
70028a7c  DMASS0_INTAGGR_0_intaggr_vintr_pend_40_71_to_R5FSS0_CORE1_intr_64_95          
70028a84  DMASS0_INTAGGR_0_intaggr_vintr_pend_72_79_to_R5FSS0_CORE0_intr_8_15           
70028a8c  DMASS0_INTAGGR_0_intaggr_vintr_pend_80_87_to_R5FSS0_CORE1_intr_8_15           
70028a94  DMASS0_INTAGGR_0_intaggr_vintr_pend_88_119_to_R5FSS1_CORE0_intr_64_95         
70028a9c  DMASS0_INTAGGR_0_intaggr_vintr_pend_88_119_to_R5FSS1_CORE1_intr_64_95         
70028aa4  EPWM0_epwm_synco_o_0_0_to_TIMESYNC_EVENT_INTROUTER0_in_39_39                  
70028aac  EPWM3_epwm_synco_o_0_0_to_TIMESYNC_EVENT_INTROUTER0_in_40_40                  
70028ab4  EPWM6_epwm_synco_o_0_0_to_TIMESYNC_EVENT_INTROUTER0_in_41_41                  
70028abc  GPIO0_gpio_0_89_to_MAIN_GPIOMUX_INTROUTER0_in_0_89                            
70028ac4  GPIO0_gpio_bank_90_98_to_MAIN_GPIOMUX_INTROUTER0_in_190_198                   
70028acc  GPIO1_gpio_0_89_to_MAIN_GPIOMUX_INTROUTER0_in_90_179                          
70028ad4  GPIO1_gpio_bank_90_98_to_MAIN_GPIOMUX_INTROUTER0_in_180_188                   
70028adc  GPMC0_gpmc_sdmareq_0_0_to_DMASS0_INTAGGR_0_intaggr_levi_pend_29_29            
70028ae4  GTC0_gtc_push_event_0_0_to_TIMESYNC_EVENT_INTROUTER0_in_36_36                 
70028aec  MAIN_GPIOMUX_INTROUTER0_outp_0_15_to_GICSS0_spi_32_47                         
70028af4  MAIN_GPIOMUX_INTROUTER0_outp_0_15_to_R5FSS0_CORE0_intr_32_47                  
70028afc  MAIN_GPIOMUX_INTROUTER0_outp_0_15_to_R5FSS0_CORE1_intr_32_47                  
70028b04  MAIN_GPIOMUX_INTROUTER0_outp_0_15_to_R5FSS1_CORE0_intr_32_47                  
70028b0c  MAIN_GPIOMUX_INTROUTER0_outp_0_15_to_R5FSS1_CORE1_intr_32_47                  
70028b14  MAIN_GPIOMUX_INTROUTER0_outp_16_17_to_DMASS0_INTAGGR_0_intaggr_levi_pend_24_25
70028b1c  MAIN_GPIOMUX_INTROUTER0_outp_18_23_to_PRU_ICSSG0_pr1_iep0_cap_intr_req_4_9    
70028b24  MAIN_GPIOMUX_INTROUTER0_outp_18_23_to_PRU_ICSSG1_pr1_iep0_cap_intr_req_4_9    
70028b2c  MAIN_GPIOMUX_INTROUTER0_outp_24_29_to_PRU_ICSSG0_pr1_iep1_cap_intr_req_10_15  
70028b34  MAIN_GPIOMUX_INTROUTER0_outp_24_29_to_PRU_ICSSG1_pr1_iep1_cap_intr_req_10_15  
70028b3c  MAIN_GPIOMUX_INTROUTER0_outp_30_37_to_DMASS0_INTAGGR_0_intaggr_levi_pend_16_23
70028b44  MAIN_GPIOMUX_INTROUTER0_outp_38_45_to_PRU_ICSSG0_pr1_slv_intr_46_53           
70028b4c  MAIN_GPIOMUX_INTROUTER0_outp_46_53_to_PRU_ICSSG1_pr1_slv_intr_46_53           
70028b54  MCU_GPIO0_gpio_0_29_to_MCU_MCU_GPIOMUX_INTROUTER0_in_0_29                     
70028b5c  MCU_GPIO0_gpio_bank_30_31_to_MCU_MCU_GPIOMUX_INTROUTER0_in_30_31              
70028b64  MCU_MCU_GPIOMUX_INTROUTER0_outp_0_3_to_GICSS0_spi_104_107                     
70028b6c  MCU_MCU_GPIOMUX_INTROUTER0_outp_0_3_to_R5FSS0_CORE0_intr_104_107              
70028b74  MCU_MCU_GPIOMUX_INTROUTER0_outp_0_3_to_R5FSS0_CORE1_intr_104_107              
70028b7c  MCU_MCU_GPIOMUX_INTROUTER0_outp_0_3_to_R5FSS1_CORE0_intr_104_107              
70028b84  MCU_MCU_GPIOMUX_INTROUTER0_outp_0_3_to_R5FSS1_CORE1_intr_104_107              
70028b8c  MCU_MCU_GPIOMUX_INTROUTER0_outp_4_7_to_MCU_M4FSS0_CORE0_nvic_0_3              
70028b94  MCU_MCU_GPIOMUX_INTROUTER0_outp_8_11_to_MCU_ESM0_esm_pls_event0_88_91         
70028b9c  MCU_MCU_GPIOMUX_INTROUTER0_outp_8_11_to_MCU_ESM0_esm_pls_event1_92_95         
70028ba4  MCU_MCU_GPIOMUX_INTROUTER0_outp_8_11_to_MCU_ESM0_esm_pls_event2_96_99         
70028bac  PCIE0_pcie_cpts_comp_0_0_to_CMP_EVENT_INTROUTER0_in_81_81                     
70028bb4  PCIE0_pcie_cpts_genf0_1_1_to_TIMESYNC_EVENT_INTROUTER0_in_23_23               
70028bbc  PCIE0_pcie_cpts_hw1_push_2_2_to_TIMESYNC_EVENT_INTROUTER0_in_37_37            
70028bc4  PCIE0_pcie_cpts_sync_3_3_to_TIMESYNC_EVENT_INTROUTER0_in_33_33                
70028bcc  PCIE0_pcie_ptm_valid_pulse_4_4_to_TIMESYNC_EVENT_INTROUTER0_in_38_38          
70028bd4  PRU_ICSSG0_pr1_edc0_sync0_out_0_0_to_TIMESYNC_EVENT_INTROUTER0_in_25_25       
70028bdc  PRU_ICSSG0_pr1_edc0_sync1_out_1_1_to_TIMESYNC_EVENT_INTROUTER0_in_26_26       
70028be4  PRU_ICSSG0_pr1_edc1_sync0_out_2_2_to_TIMESYNC_EVENT_INTROUTER0_in_27_27       
70028bec  PRU_ICSSG0_pr1_edc1_sync1_out_3_3_to_TIMESYNC_EVENT_INTROUTER0_in_28_28       
70028bf4  PRU_ICSSG0_pr1_host_intr_req_4_11_to_CMP_EVENT_INTROUTER0_in_0_7              
70028bfc  PRU_ICSSG0_pr1_iep0_cmp_intr_req_12_27_to_CMP_EVENT_INTROUTER0_in_16_31       
70028c04  PRU_ICSSG0_pr1_iep1_cmp_intr_req_28_43_to_CMP_EVENT_INTROUTER0_in_32_47       
70028c0c  PRU_ICSSG1_pr1_edc0_sync0_out_0_0_to_TIMESYNC_EVENT_INTROUTER0_in_29_29       
70028c14  PRU_ICSSG1_pr1_edc0_sync1_out_1_1_to_TIMESYNC_EVENT_INTROUTER0_in_30_30       
70028c1c  PRU_ICSSG1_pr1_edc1_sync0_out_2_2_to_TIMESYNC_EVENT_INTROUTER0_in_31_31       
70028c24  PRU_ICSSG1_pr1_edc1_sync1_out_3_3_to_TIMESYNC_EVENT_INTROUTER0_in_32_32       
70028c2c  PRU_ICSSG1_pr1_host_intr_req_4_11_to_CMP_EVENT_INTROUTER0_in_8_15             
70028c34  PRU_ICSSG1_pr1_iep0_cmp_intr_req_12_27_to_CMP_EVENT_INTROUTER0_in_48_63       
70028c3c  PRU_ICSSG1_pr1_iep1_cmp_intr_req_28_43_to_CMP_EVENT_INTROUTER0_in_64_79       
70028c44  TIMER0_timer_pwm_0_0_to_TIMESYNC_EVENT_INTROUTER0_in_0_0                      
70028c4c  TIMER1_timer_pwm_0_0_to_TIMESYNC_EVENT_INTROUTER0_in_1_1                      
70028c54  TIMER2_timer_pwm_0_0_to_TIMESYNC_EVENT_INTROUTER0_in_2_2                      
70028c5c  TIMER3_timer_pwm_0_0_to_TIMESYNC_EVENT_INTROUTER0_in_3_3                      
70028c64  TIMESYNC_EVENT_INTROUTER0_outl_0_7_to_DMASS0_INTAGGR_0_intaggr_levi_pend_8_15 
70028c6c  TIMESYNC_EVENT_INTROUTER0_outl_10_10_to_PRU_ICSSG0_pr1_edc1_latch0_in_2_2     
70028c74  TIMESYNC_EVENT_INTROUTER0_outl_11_11_to_PRU_ICSSG0_pr1_edc1_latch1_in_3_3     
70028c7c  TIMESYNC_EVENT_INTROUTER0_outl_12_12_to_PRU_ICSSG1_pr1_edc0_latch0_in_0_0     
70028c84  TIMESYNC_EVENT_INTROUTER0_outl_13_13_to_PRU_ICSSG1_pr1_edc0_latch1_in_1_1     
70028c8c  TIMESYNC_EVENT_INTROUTER0_outl_14_14_to_PRU_ICSSG1_pr1_edc1_latch0_in_2_2     
70028c94  TIMESYNC_EVENT_INTROUTER0_outl_15_15_to_PRU_ICSSG1_pr1_edc1_latch1_in_3_3     
70028c9c  TIMESYNC_EVENT_INTROUTER0_outl_16_16_to_CPTS0_cpts_hw1_push_0_0               
70028ca4  TIMESYNC_EVENT_INTROUTER0_outl_17_17_to_CPTS0_cpts_hw2_push_1_1               
70028cac  TIMESYNC_EVENT_INTROUTER0_outl_18_18_to_CPTS0_cpts_hw3_push_2_2               
70028cb4  TIMESYNC_EVENT_INTROUTER0_outl_19_19_to_CPTS0_cpts_hw4_push_3_3               
70028cbc  TIMESYNC_EVENT_INTROUTER0_outl_20_20_to_CPTS0_cpts_hw5_push_4_4               
70028cc4  TIMESYNC_EVENT_INTROUTER0_outl_21_21_to_CPTS0_cpts_hw6_push_5_5               
70028ccc  TIMESYNC_EVENT_INTROUTER0_outl_22_22_to_CPTS0_cpts_hw7_push_6_6               
70028cd4  TIMESYNC_EVENT_INTROUTER0_outl_23_23_to_CPTS0_cpts_hw8_push_7_7               
70028cdc  TIMESYNC_EVENT_INTROUTER0_outl_29_29_to_PCIE0_pcie_cpts_hw2_push_0_0          
70028ce4  TIMESYNC_EVENT_INTROUTER0_outl_30_30_to_CPSW0_cpts_hw1_push_0_0               
70028cec  TIMESYNC_EVENT_INTROUTER0_outl_31_31_to_CPSW0_cpts_hw2_push_1_1               
70028cf4  TIMESYNC_EVENT_INTROUTER0_outl_32_32_to_CPSW0_cpts_hw3_push_2_2               
70028cfc  TIMESYNC_EVENT_INTROUTER0_outl_33_33_to_CPSW0_cpts_hw4_push_3_3               
70028d04  TIMESYNC_EVENT_INTROUTER0_outl_34_34_to_CPSW0_cpts_hw5_push_4_4               
70028d0c  TIMESYNC_EVENT_INTROUTER0_outl_35_35_to_CPSW0_cpts_hw6_push_5_5               
70028d14  TIMESYNC_EVENT_INTROUTER0_outl_36_36_to_CPSW0_cpts_hw7_push_6_6               
70028d1c  TIMESYNC_EVENT_INTROUTER0_outl_37_37_to_CPSW0_cpts_hw8_push_7_7               
70028d24  TIMESYNC_EVENT_INTROUTER0_outl_8_8_to_PRU_ICSSG0_pr1_edc0_latch0_in_0_0       
70028d2c  TIMESYNC_EVENT_INTROUTER0_outl_9_9_to_PRU_ICSSG0_pr1_edc0_latch1_in_1_1       
70028d54  tisci_if_GPIO0                                                                
70028d5c  tisci_if_GPIO1                                                                
70028d64  tisci_if_MCU_GPIO0                                                            
70028e78  gCacheL1pCacheLineSize                                                        
70028e7c  gRmIrqTreeCount                                                               
70028eb8  tisci_if_EPWM0                                                                
70028ebc  tisci_if_EPWM3                                                                
70028ec0  tisci_if_EPWM6                                                                
70028ec4  tisci_if_GPMC0                                                                
70028ec8  tisci_if_GTC0                                                                 
70028ecc  tisci_if_TIMER0                                                               
70028ed0  tisci_if_TIMER1                                                               
70028ed4  tisci_if_TIMER2                                                               
70028ed8  tisci_if_TIMER3                                                               
70070000  __start___llvm_prf_bits                                                       
70070000  __start___llvm_prf_cnts                                                       
70070000  __stop___llvm_prf_bits                                                        
70070000  __stop___llvm_prf_cnts                                                        
70070000  _sys_memory                                                                   
70078000  __stack                                                                       
7007c000  __BSS_START                                                                   
7007c000  __STACK_END                                                                   
7007c000  gHwiCtrl                                                                      
7007d730  gClockCtrl                                                                    
7007d768  gFFDisks                                                                      
7007d780  gMmcsdDataBuf0                                                                
7007d980  gProfileObj                                                                   
7007db00  gSdData0                                                                      
7007db7c  gADMA2Desc                                                                    
7007db90  gMmcsdHandle                                                                  
7007db94  gUartHandle                                                                   
7007db98  ucAssumeFATType                                                               
7007dc00  __BSS_END                                                                     
7007dc00  __IRQ_STACK_START                                                             
7007ec00  __FIQ_STACK_START                                                             
7007ec00  __IRQ_STACK_END                                                               
7007ed00  __FIQ_STACK_END                                                               
7007ed00  __SVC_STACK_START                                                             
7007ee00  __ABORT_STACK_START                                                           
7007ee00  __SVC_STACK_END                                                               
7007ef00  __ABORT_STACK_END                                                             
7007ef00  __UNDEFINED_STACK_START                                                       
7007f000  __UNDEFINED_STACK_END                                                         
70180000  gAppImageBuf                                                                  
ffffffff  __TI_pprof_out_hndl                                                           
ffffffff  __TI_prof_data_size                                                           
ffffffff  __TI_prof_data_start                                                          
ffffffff  __binit__                                                                     
ffffffff  binit                                                                         
UNDEFED   __TI_CINIT_Base                                                               
UNDEFED   __TI_CINIT_Limit                                                              
UNDEFED   __TI_Handler_Table_Base                                                       
UNDEFED   __TI_Handler_Table_Limit                                                      
UNDEFED   _system_post_cinit                                                            

[802 symbols]
