******************************************************************************
            TI ARM Clang Linker Unix v3.2.2                    
******************************************************************************
>> Linked Sun Aug  4 01:52:04 2024

OUTPUT FILE NAME:   <sbl_ospi.debug.out>
ENTRY POINT SYMBOL: "_vectors_sbl"  address: 70000000


MEMORY CONFIGURATION

         name            origin    length      used     unused   attr    fill
----------------------  --------  ---------  --------  --------  ----  --------
  R5F_VECS              00000000   00000040  00000000  00000040  RWIX
  R5F_TCMA              00000040   00007fc0  00000000  00007fc0  RWIX
  R5F_TCMB0             41010000   00008000  00000000  00008000  RWIX
  MSRAM_VECS            70000000   00000100  00000040  000000c0  RWIX
  MSRAM_0               70000100   0006ff00  000252a8  0004ac58  RWIX
  MSRAM_1               70070000   00010000  00006f00  00009100  RWIX


SEGMENT ALLOCATION MAP

run origin  load origin   length   init length attrs members
----------  ----------- ---------- ----------- ----- -------
70000000    70000000    00000040   00000040    r-x
  70000000    70000000    00000040   00000040    r-x .vectors
70000100    70000100    0001ffe0   0001ffe0    r-x
  70000100    70000100    0001ebd0   0001ebd0    r-x .text
  7001ecd0    7001ecd0    00000ae0   00000ae0    r-x .text.hwi
  7001f7b0    7001f7b0    000004a0   000004a0    r-x .text.cache
  7001fc50    7001fc50    000002d0   000002d0    r-x .text.mpu
  7001ff20    7001ff20    000001c0   000001c0    r-x .text.boot
700200e0    700200e0    00003400   00003400    rw-
  700200e0    700200e0    00003400   00003400    rw- .data
700234e0    700234e0    00001ec8   00001ec8    r--
  700234e0    700234e0    00001ec8   00001ec8    r-- .rodata
70070000    70070000    00005b00   00000000    rw-
  70070000    70070000    00004000   00000000    rw- .stack
  70074000    70074000    00001b00   00000000    rw- .bss
70075b00    70075b00    00001400   00000000    r--
  70075b00    70075b00    00001000   00000000    r-- .irqstack
  70076b00    70076b00    00000100   00000000    r-- .fiqstack
  70076c00    70076c00    00000100   00000000    r-- .svcstack
  70076d00    70076d00    00000100   00000000    r-- .abortstack
  70076e00    70076e00    00000100   00000000    r-- .undefinedstack


SECTION ALLOCATION MAP

 output                                  attributes/
section   page    origin      length       input sections
--------  ----  ----------  ----------   ----------------
.vectors   0    70000000    00000040     
                  70000000    00000040     nortos.am64x.r5f.ti-arm-clang.debug.lib : HwiP_armv7r_vectors_nortos_sbl_asm.obj (.vectors)

.text      0    70000100    0001ebd0     
                  70000100    00000bee     drivers.am64x.r5f.ti-arm-clang.debug.lib : ospi_phy_dqs.obj (.text.OSPI_phyFindOTP1)
                  70000cee    00000002     --HOLE-- [fill = 0]
                  70000cf0    00000a34     nortos.am64x.r5f.ti-arm-clang.debug.lib : printf.obj (.text._vsnprintf)
                  70001724    0000000c     libclang_rt.builtins.a : aeabi_memset.S.obj (.text.__aeabi_memclr)
                  70001730    000005f4     drivers.am64x.r5f.ti-arm-clang.debug.lib : sciclient_rm_irq.obj (.text.Sciclient_rmIrqRouteValidate)
                  70001d24    00000008     libc.a : exit.c.obj (.text:abort)
                  70001d2c    00000004     libclang_rt.builtins.a : aeabi_memcpy.S.obj (.text.__aeabi_memcpy)
                  70001d30    00000552     drivers.am64x.r5f.ti-arm-clang.debug.lib : ospi_phy_dqs.obj (.text.OSPI_phyFindOTP2)
                  70002282    0000000e     --HOLE-- [fill = 0]
                  70002290    00000550                                              : udma_rm.obj (.text.Udma_rmInit)
                  700027e0    0000051e     nortos.am64x.r5f.ti-arm-clang.debug.lib : printf.obj (.text._ftoa)
                  70002cfe    00000002     --HOLE-- [fill = 0]
                  70002d00    00000500     main.obj (.text.main)
                  70003200    00000478     nortos.am64x.r5f.ti-arm-clang.debug.lib : printf.obj (.text._etoa)
                  70003678    00000008     --HOLE-- [fill = 0]
                  70003680    0000042c     drivers.am64x.r5f.ti-arm-clang.debug.lib : uart_v0.obj (.text.UART_open)
                  70003aac    00000004     --HOLE-- [fill = 0]
                  70003ab0    000003bc                                              : udma_soc.obj (.text.Udma_initDrvHandle)
                  70003e6c    00000004     --HOLE-- [fill = 0]
                  70003e70    0000039c                                              : udma_ch.obj (.text.Udma_chAllocResource)
                  7000420c    00000004     --HOLE-- [fill = 0]
                  70004210    00000372                                              : udma_rmcfg_common.obj (.text.UdmaRmInitPrms_init)
                  70004582    0000000e     --HOLE-- [fill = 0]
                  70004590    00000364     board.am64x.r5f.ti-arm-clang.debug.lib : flash_nor_ospi.obj (.text.Flash_setQeBit)
                  700048f4    0000000c     --HOLE-- [fill = 0]
                  70004900    00000360     drivers.am64x.r5f.ti-arm-clang.debug.lib : udma_ch.obj (.text.Udma_chDisableTxChan)
                  70004c60    0000035a                                              : udma_event.obj (.text.Udma_eventConfig)
                  70004fba    00000006     --HOLE-- [fill = 0]
                  70004fc0    00000358                                              : bootloader.obj (.text.Bootloader_verifyMulticoreImage)
                  70005318    00000008     --HOLE-- [fill = 0]
                  70005320    00000306                                              : sciclient_rm_irq.obj (.text.Sciclient_rmIrqGetRoute)
                  70005626    0000000a     --HOLE-- [fill = 0]
                  70005630    000002f4                                              : udma_event.obj (.text.Udma_eventReset)
                  70005924    0000000c     --HOLE-- [fill = 0]
                  70005930    000002ce                                              : sciclient.obj (.text.Sciclient_service)
                  70005bfe    00000002     --HOLE-- [fill = 0]
                  70005c00    000002c8                                              : udma_ch.obj (.text.Udma_chDisableRxChan)
                  70005ec8    00000008     --HOLE-- [fill = 0]
                  70005ed0    00000294                                              : csl_bcdma.obj (.text.CSL_bcdmaChanOpCfgChan)
                  70006164    0000000c     --HOLE-- [fill = 0]
                  70006170    0000027a     nortos.am64x.r5f.ti-arm-clang.debug.lib : TimerP.obj (.text.TimerP_setup)
                  700063ea    00000006     --HOLE-- [fill = 0]
                  700063f0    0000026a     drivers.am64x.r5f.ti-arm-clang.debug.lib : lpddr4_16bit.obj (.text.LPDDR4_INTR_SanityFunction1)
                  7000665a    00000006     --HOLE-- [fill = 0]
                  70006660    00000264                                              : ospi_v0.obj (.text.OSPI_programInstance)
                  700068c4    0000000c     --HOLE-- [fill = 0]
                  700068d0    00000260                                              : udma_ch.obj (.text.Udma_chConfigRx)
                  70006b30    0000025a                                              : lpddr4_16bit.obj (.text.LPDDR4_INTR_SanityFunction2)
                  70006d8a    00000006     --HOLE-- [fill = 0]
                  70006d90    00000248                                              : sciclient_rm_irq.obj (.text.Sciclient_rmIrqFindRoute)
                  70006fd8    00000008     --HOLE-- [fill = 0]
                  70006fe0    00000244     board.am64x.r5f.ti-arm-clang.debug.lib : flash_nor_ospi.obj (.text.Flash_set888mode)
                  70007224    0000000c     --HOLE-- [fill = 0]
                  70007230    00000242     drivers.am64x.r5f.ti-arm-clang.debug.lib : uart_v0_lld.obj (.text.UART_fifoConfig)
                  70007472    0000000e     --HOLE-- [fill = 0]
                  70007480    0000023e     nortos.am64x.r5f.ti-arm-clang.debug.lib : printf.obj (.text._ntoa_format)
                  700076be    00000002     --HOLE-- [fill = 0]
                  700076c0    00000238     board.am64x.r5f.ti-arm-clang.debug.lib : flash_nor_ospi.obj (.text.Flash_norOspiOpen)
                  700078f8    00000008     --HOLE-- [fill = 0]
                  70007900    00000236     drivers.am64x.r5f.ti-arm-clang.debug.lib : ospi_dma_udma.obj (.text.OspiDma_udmaOpen)
                  70007b36    0000000a     --HOLE-- [fill = 0]
                  70007b40    0000022a                                              : udma_rm.obj (.text.Udma_rmDeinit)
                  70007d6a    00000006     --HOLE-- [fill = 0]
                  70007d70    00000222                                              : udma_event.obj (.text.Udma_eventRegister)
                  70007f92    0000000e     --HOLE-- [fill = 0]
                  70007fa0    0000021e                                              : udma_event.obj (.text.Udma_eventAllocResource)
                  700081be    00000002     --HOLE-- [fill = 0]
                  700081c0    00000214                                              : udma_rm.obj (.text.Udma_rmSetSharedResRmInitPrms)
                  700083d4    0000000c     --HOLE-- [fill = 0]
                  700083e0    0000020c                                              : udma_ch.obj (.text.Udma_chFreeResource)
                  700085ec    00000004     --HOLE-- [fill = 0]
                  700085f0    0000020a                                              : bootloader_soc.obj (.text.Bootloader_socCpuPowerOnResetR5f)
                  700087fa    00000006     --HOLE-- [fill = 0]
                  70008800    0000020a                                              : udma_ring_common.obj (.text.Udma_ringAlloc)
                  70008a0a    00000006     --HOLE-- [fill = 0]
                  70008a10    000001f6                                              : bootloader_soc.obj (.text.Bootloader_socCpuResetRelease)
                  70008c06    0000000a     --HOLE-- [fill = 0]
                  70008c10    000001f0                                              : bootloader_profile.obj (.text.Bootloader_profilePrintProfileLog)
                  70008e00    000001e6                                              : udma_ch.obj (.text.Udma_chDisableBlkCpyChan)
                  70008fe6    0000000a     --HOLE-- [fill = 0]
                  70008ff0    000001dc                                              : bootloader_soc.obj (.text.Bootloader_socCpuResetReleaseSelf)
                  700091cc    00000004     --HOLE-- [fill = 0]
                  700091d0    000001d8                                              : udma_flow.obj (.text.Udma_flowConfig)
                  700093a8    00000008     --HOLE-- [fill = 0]
                  700093b0    000001d2                                              : ospi_v0.obj (.text.OSPI_open)
                  70009582    0000000e     --HOLE-- [fill = 0]
                  70009590    000001be                                              : ddr.obj (.text.DDR_inlineECCCfg)
                  7000974e    00000002     --HOLE-- [fill = 0]
                  70009750    000001b4                                              : soc.obj (.text.SOC_moduleSetClockFrequency)
                  70009904    0000000c     --HOLE-- [fill = 0]
                  70009910    000001b4                                              : soc.obj (.text.SOC_moduleSetClockFrequencyWithParent)
                  70009ac4    0000000c     --HOLE-- [fill = 0]
                  70009ad0    000001b2                                              : uart_v0.obj (.text.UART_close)
                  70009c82    0000000e     --HOLE-- [fill = 0]
                  70009c90    000001a8                                              : uart_v0_lld.obj (.text.UART_lld_controllerIsr)
                  70009e38    00000008     --HOLE-- [fill = 0]
                  70009e40    000001a4                                              : uart_v0.obj (.text.UART_write)
                  70009fe4    0000000c     --HOLE-- [fill = 0]
                  70009ff0    00000198                                              : sciclient_rm_irq.obj (.text.Sciclient_rmClearInterruptRoute)
                  7000a188    00000008     --HOLE-- [fill = 0]
                  7000a190    00000196                                              : udma_ch.obj (.text.Udma_chConfigTx)
                  7000a326    0000000a     --HOLE-- [fill = 0]
                  7000a330    0000018c                                              : ospi_dma_udma.obj (.text.OspiDma_udmaUpdateSubmitTR)
                  7000a4bc    00000004     --HOLE-- [fill = 0]
                  7000a4c0    0000018a                                              : sciclient_rm_irq.obj (.text.Sciclient_rmIrqDeleteRoute)
                  7000a64a    00000006     --HOLE-- [fill = 0]
                  7000a650    0000018a                                              : sciclient_rm_irq.obj (.text.Sciclient_rmProgramInterruptRoute)
                  7000a7da    00000006     --HOLE-- [fill = 0]
                  7000a7e0    00000188                                              : ospi_v0.obj (.text.OSPI_readCmd)
                  7000a968    00000008     --HOLE-- [fill = 0]
                  7000a970    00000186                                              : sciclient_rm_irq.obj (.text.Sciclient_rmIrqProgramRoute)
                  7000aaf6    0000000a     --HOLE-- [fill = 0]
                  7000ab00    00000184     board.am64x.r5f.ti-arm-clang.debug.lib : flash_nor_ospi.obj (.text.Flash_set444mode)
                  7000ac84    0000000c     --HOLE-- [fill = 0]
                  7000ac90    00000182     drivers.am64x.r5f.ti-arm-clang.debug.lib : udma_ch.obj (.text.Udma_chEnableLocal)
                  7000ae12    0000000e     --HOLE-- [fill = 0]
                  7000ae20    0000017e                                              : udma_ch.obj (.text.Udma_chConfigPdma)
                  7000af9e    00000002     --HOLE-- [fill = 0]
                  7000afa0    00000174                                              : ospi_v0.obj (.text.OSPI_readDirect)
                  7000b114    0000000c     --HOLE-- [fill = 0]
                  7000b120    0000016c                                              : csl_bcdma.obj (.text.CSL_bcdmaChanOpTeardownChan)
                  7000b28c    00000004     --HOLE-- [fill = 0]
                  7000b290    00000168                                              : csl_bcdma.obj (.text.CSL_bcdmaChanOp)
                  7000b3f8    00000008     --HOLE-- [fill = 0]
                  7000b400    00000168                                              : udma_ch.obj (.text.Udma_chOpen)
                  7000b568    00000008     --HOLE-- [fill = 0]
                  7000b570    00000162                                              : lpddr4.obj (.text.LPDDR4_INTR_SanityFunction3)
                  7000b6d2    0000000e     --HOLE-- [fill = 0]
                  7000b6e0    00000160                                              : ospi_v0.obj (.text.OSPI_writeIndirect)
                  7000b840    0000015a                                              : udma_rm.obj (.text.Udma_rmAllocMappedRxCh)
                  7000b99a    00000006     --HOLE-- [fill = 0]
                  7000b9a0    0000015a                                              : udma_rm.obj (.text.Udma_rmAllocMappedTxCh)
                  7000bafa    00000006     --HOLE-- [fill = 0]
                  7000bb00    00000158                                              : csl_bcdma.obj (.text.CSL_bcdmaChanOpGetChanStats)
                  7000bc58    00000008     --HOLE-- [fill = 0]
                  7000bc60    00000152                                              : lpddr4.obj (.text.LPDDR4_INTR_SanityFunction4)
                  7000bdb2    0000000e     --HOLE-- [fill = 0]
                  7000bdc0    00000152                                              : uart_v0_lld.obj (.text.UART_lld_initDma)
                  7000bf12    0000000e     --HOLE-- [fill = 0]
                  7000bf20    00000150                                              : csl_lcdma_ringacc.obj (.text.CSL_lcdma_ringaccDequeue)
                  7000c070    00000150                                              : ospi_v0.obj (.text.OSPI_writeCmd)
                  7000c1c0    0000014a                                              : bootloader.obj (.text.Bootloader_parseMultiCoreAppImage)
                  7000c30a    00000006     --HOLE-- [fill = 0]
                  7000c310    00000146                                              : udma_ch.obj (.text.Udma_chAssignRegOverlay)
                  7000c456    0000000a     --HOLE-- [fill = 0]
                  7000c460    00000144     board.am64x.r5f.ti-arm-clang.debug.lib : flash_nor_ospi.obj (.text.Flash_norOspiSetProtocol)
                  7000c5a4    0000000c     --HOLE-- [fill = 0]
                  7000c5b0    00000142     drivers.am64x.r5f.ti-arm-clang.debug.lib : sciclient.obj (.text.Sciclient_sendMessage)
                  7000c6f2    0000000e     --HOLE-- [fill = 0]
                  7000c700    00000140                                              : ospi_phy_dqs.obj (.text.OSPI_phyResyncDLL)
                  7000c840    00000140                                              : sciclient_rm_irq.obj (.text.Sciclient_rmIaValidateMapping)
                  7000c980    00000140                                              : udma_rm.obj (.text.Udma_rmAllocMappedRing)
                  7000cac0    0000013e                                              : lpddr4_16bit.obj (.text.LPDDR4_AckCtlInterrupt_4)
                  7000cbfe    00000002     --HOLE-- [fill = 0]
                  7000cc00    0000013e                                              : uart_v0_lld.obj (.text.UART_procLineStatusErr)
                  7000cd3e    00000002     --HOLE-- [fill = 0]
                  7000cd40    0000013c     nortos.am64x.r5f.ti-arm-clang.debug.lib : ClockP_nortos_r5.obj (.text.ClockP_init)
                  7000ce7c    00000004     --HOLE-- [fill = 0]
                  7000ce80    0000013a     drivers.am64x.r5f.ti-arm-clang.debug.lib : lpddr4_16bit.obj (.text.LPDDR4_AckCtlInterrupt)
                  7000cfba    00000006     --HOLE-- [fill = 0]
                  7000cfc0    00000138     nortos.am64x.r5f.ti-arm-clang.debug.lib : printf.obj (.text._ntoa_long_long)
                  7000d0f8    00000008     --HOLE-- [fill = 0]
                  7000d100    00000136     drivers.am64x.r5f.ti-arm-clang.debug.lib : ddr.obj (.text.DDR_start)
                  7000d236    0000000a     --HOLE-- [fill = 0]
                  7000d240    00000136                                              : sciclient_rm_irq.obj (.text.Sciclient_rmIrqVintDelete)
                  7000d376    0000000a     --HOLE-- [fill = 0]
                  7000d380    00000134                                              : uart_v0_lld.obj (.text.UART_writePolling)
                  7000d4b4    0000000c     --HOLE-- [fill = 0]
                  7000d4c0    00000130                                              : sciclient.obj (.text.Sciclient_recvMessage)
                  7000d5f0    0000012e     board.am64x.r5f.ti-arm-clang.debug.lib : flash_nor_ospi.obj (.text.Flash_norOspiWaitReady)
                  7000d71e    00000002     --HOLE-- [fill = 0]
                  7000d720    0000012e     drivers.am64x.r5f.ti-arm-clang.debug.lib : udma_rm.obj (.text.Udma_rmAllocIrIntr)
                  7000d84e    00000002     --HOLE-- [fill = 0]
                  7000d850    0000012c                                              : uart_v0_lld.obj (.text.UART_lld_init)
                  7000d97c    00000004     --HOLE-- [fill = 0]
                  7000d980    0000012a                                              : sciclient_pm.obj (.text.Sciclient_pmQueryModuleClkFreq)
                  7000daaa    00000006     --HOLE-- [fill = 0]
                  7000dab0    00000126     board.am64x.r5f.ti-arm-clang.debug.lib : flash_nor_ospi.obj (.text.Flash_norOspiWrite)
                  7000dbd6    0000000a     --HOLE-- [fill = 0]
                  7000dbe0    00000122     drivers.am64x.r5f.ti-arm-clang.debug.lib : bootloader.obj (.text.Bootloader_rprcImageLoad)
                  7000dd02    0000000e     --HOLE-- [fill = 0]
                  7000dd10    00000122                                              : udma_rm.obj (.text.Udma_rmAllocBlkCopyCh)
                  7000de32    0000000e     --HOLE-- [fill = 0]
                  7000de40    00000122                                              : udma_rm.obj (.text.Udma_rmAllocBlkCopyHcCh)
                  7000df62    0000000e     --HOLE-- [fill = 0]
                  7000df70    00000122                                              : udma_rm.obj (.text.Udma_rmAllocBlkCopyUhcCh)
                  7000e092    0000000e     --HOLE-- [fill = 0]
                  7000e0a0    00000122                                              : udma_rm.obj (.text.Udma_rmAllocRxCh)
                  7000e1c2    0000000e     --HOLE-- [fill = 0]
                  7000e1d0    00000122                                              : udma_rm.obj (.text.Udma_rmAllocRxHcCh)
                  7000e2f2    0000000e     --HOLE-- [fill = 0]
                  7000e300    00000122                                              : udma_rm.obj (.text.Udma_rmAllocRxUhcCh)
                  7000e422    0000000e     --HOLE-- [fill = 0]
                  7000e430    00000122                                              : udma_rm.obj (.text.Udma_rmAllocTxCh)
                  7000e552    0000000e     --HOLE-- [fill = 0]
                  7000e560    00000122                                              : udma_rm.obj (.text.Udma_rmAllocTxHcCh)
                  7000e682    0000000e     --HOLE-- [fill = 0]
                  7000e690    00000122                                              : udma_rm.obj (.text.Udma_rmAllocTxUhcCh)
                  7000e7b2    0000000e     --HOLE-- [fill = 0]
                  7000e7c0    00000120                                              : uart_dma_udma.obj (.text.UART_udmaInitRxCh)
                  7000e8e0    00000120                                              : uart_dma_udma.obj (.text.UART_udmaInitTxCh)
                  7000ea00    0000011e                                              : sciclient_rm_irq.obj (.text.Sciclient_rmIaValidateEvt)
                  7000eb1e    00000002     --HOLE-- [fill = 0]
                  7000eb20    0000011e                                              : sciclient_rm_irq.obj (.text.Sciclient_rmIrqVintAdd)
                  7000ec3e    00000002     --HOLE-- [fill = 0]
                  7000ec40    0000011c     board.am64x.r5f.ti-arm-clang.debug.lib : flash_nor_ospi.obj (.text.Flash_norOspiReset)
                  7000ed5c    00000004     --HOLE-- [fill = 0]
                  7000ed60    00000118     drivers.am64x.r5f.ti-arm-clang.debug.lib : lpddr4_16bit.obj (.text.LPDDR4_CheckCtlInterrupt)
                  7000ee78    00000008     --HOLE-- [fill = 0]
                  7000ee80    00000118                                              : udma_ring_lcdma.obj (.text.Udma_ringSetCfgLcdma)
                  7000ef98    00000118     libclang_rt.builtins.a : udivmoddi4.S.obj (.text)
                  7000f0b0    00000116     drivers.am64x.r5f.ti-arm-clang.debug.lib : csl_bcdma.obj (.text.CSL_bcdmaChanOpDecChanStats)
                  7000f1c6    0000000a     --HOLE-- [fill = 0]
                  7000f1d0    00000116                                              : uart_v0_lld.obj (.text.UART_divisorLatchWrite)
                  7000f2e6    0000000a     --HOLE-- [fill = 0]
                  7000f2f0    00000114     nortos.am64x.r5f.ti-arm-clang.debug.lib : printf.obj (.text._ntoa_long)
                  7000f404    0000000c     --HOLE-- [fill = 0]
                  7000f410    00000110     drivers.am64x.r5f.ti-arm-clang.debug.lib : sciclient_pm.obj (.text.Sciclient_pmSetModuleClkFreq)
                  7000f520    0000010e                                              : ddr.obj (.text.DDR_changeFreqAck)
                  7000f62e    00000002     --HOLE-- [fill = 0]
                  7000f630    0000010c                                              : bootloader.obj (.text.Bootloader_loadSelfCpu)
                  7000f73c    00000004     --HOLE-- [fill = 0]
                  7000f740    0000010a                                              : bootloader.obj (.text.Bootloader_getMsgLen)
                  7000f84a    00000006     --HOLE-- [fill = 0]
                  7000f850    00000106                                              : lpddr4_16bit.obj (.text.LPDDR4_AckCtlInterrupt_3)
                  7000f956    0000000a     --HOLE-- [fill = 0]
                  7000f960    00000106                                              : ospi_v0.obj (.text.OSPI_setProtocol)
                  7000fa66    0000000a     --HOLE-- [fill = 0]
                  7000fa70    00000106                                              : udma_event.obj (.text.Udma_eventCheckParams)
                  7000fb76    0000000a     --HOLE-- [fill = 0]
                  7000fb80    00000104                                              : csl_pktdma.obj (.text.CSL_pktdmaTeardownChan)
                  7000fc84    0000000c     --HOLE-- [fill = 0]
                  7000fc90    00000104                                              : uart_v0_lld.obj (.text.UART_configInstance)
                  7000fd94    0000000c     --HOLE-- [fill = 0]
                  7000fda0    00000100                                              : csl_lcdma_ringacc.obj (.text.CSL_lcdma_ringaccPop64MultiAccess)
                  7000fea0    00000100     board.am64x.r5f.ti-arm-clang.debug.lib : flash_nor_ospi.obj (.text.Flash_norOspiErase)
                  7000ffa0    00000100                                            : flash_nor_ospi.obj (.text.Flash_norOspiEraseSector)
                  700100a0    000000fe     drivers.am64x.r5f.ti-arm-clang.debug.lib : sciclient_rm_irq.obj (.text.Sciclient_rmIrGetOutp)
                  7001019e    00000002     --HOLE-- [fill = 0]
                  700101a0    000000fe                                              : udma.obj (.text.Udma_init)
                  7001029e    00000002     --HOLE-- [fill = 0]
                  700102a0    000000fa                                              : csl_lcdma_ringacc.obj (.text.CSL_lcdma_ringaccPush64MultiAccess)
                  7001039a    00000006     --HOLE-- [fill = 0]
                  700103a0    000000f6     nortos.am64x.r5f.ti-arm-clang.debug.lib : SemaphoreP_nortos.obj (.text.SemaphoreP_pend)
                  70010496    0000000a     --HOLE-- [fill = 0]
                  700104a0    000000f4     drivers.am64x.r5f.ti-arm-clang.debug.lib : sciclient.obj (.text.Sciclient_getVersionCheck)
                  70010594    0000000c     --HOLE-- [fill = 0]
                  700105a0    000000f4                                              : sciclient_rm_irq.obj (.text.Sciclient_rmTranslateIntOutput)
                  70010694    0000000c     --HOLE-- [fill = 0]
                  700106a0    000000f2                                              : bootloader_soc.obj (.text.Bootloader_socCpuPowerOnResetM4f)
                  70010792    0000000e     --HOLE-- [fill = 0]
                  700107a0    000000f0     board.am64x.r5f.ti-arm-clang.debug.lib : flash_nor_ospi.obj (.text.Flash_norOspiReadId)
                  70010890    000000ee                                            : flash_nor_ospi.obj (.text.Flash_norOspiSet4ByteAddrMode)
                  7001097e    00000002     --HOLE-- [fill = 0]
                  70010980    000000ec     drivers.am64x.r5f.ti-arm-clang.debug.lib : udma_event.obj (.text.Udma_eventIsrFxn)
                  70010a6c    00000004     --HOLE-- [fill = 0]
                  70010a70    000000ea     nortos.am64x.r5f.ti-arm-clang.debug.lib : AddrTranslateP.obj (.text.AddrTranslateP_getLocalAddr)
                  70010b5a    00000006     --HOLE-- [fill = 0]
                  70010b60    000000ea     drivers.am64x.r5f.ti-arm-clang.debug.lib : lpddr4_16bit.obj (.text.LPDDR4_CheckCtlInterrupt_2)
                  70010c4a    00000006     --HOLE-- [fill = 0]
                  70010c50    000000e8                                              : lpddr4_16bit.obj (.text.LPDDR4_AckCtlInterrupt_2)
                  70010d38    00000008     --HOLE-- [fill = 0]
                  70010d40    000000e8                                              : udma_event.obj (.text.Udma_eventFreeResource)
                  70010e28    00000008     --HOLE-- [fill = 0]
                  70010e30    000000e6                                              : ospi_dma_udma.obj (.text.OspiDma_udmaCopy)
                  70010f16    0000000a     --HOLE-- [fill = 0]
                  70010f20    000000e2                                              : sciclient_rm_irq.obj (.text.Sciclient_rmIrqGetNode)
                  70011002    0000000e     --HOLE-- [fill = 0]
                  70011010    000000de                                              : sciclient.obj (.text.Sciclient_waitForMessage)
                  700110ee    00000002     --HOLE-- [fill = 0]
                  700110f0    000000de                                              : uart_v0_lld.obj (.text.UART_intrEnable)
                  700111ce    00000002     --HOLE-- [fill = 0]
                  700111d0    000000da                                              : csl_emif.obj (.text.CSL_emifConfigController)
                  700112aa    00000006     --HOLE-- [fill = 0]
                  700112b0    000000da                                              : sciclient_rm_irq.obj (.text.Sciclient_rmIrInpIsFree)
                  7001138a    00000006     --HOLE-- [fill = 0]
                  70011390    000000da                                              : uart_v0_lld.obj (.text.UART_intrDisable)
                  7001146a    00000006     --HOLE-- [fill = 0]
                  70011470    000000da                                              : udma_rm.obj (.text.Udma_rmGetSciclientDefaultBoardCfgRmRange)
                  7001154a    00000006     --HOLE-- [fill = 0]
                  70011550    000000d8     board.am64x.r5f.ti-arm-clang.debug.lib : flash_nor_ospi.obj (.text.Flash_norOspiSetRegCfg)
                  70011628    00000008     --HOLE-- [fill = 0]
                  70011630    000000d8     drivers.am64x.r5f.ti-arm-clang.debug.lib : uart_dma_udma.obj (.text.UART_udmaConfigPdmaTx)
                  70011708    00000008     --HOLE-- [fill = 0]
                  70011710    000000d6     board.am64x.r5f.ti-arm-clang.debug.lib : flash_nor_ospi.obj (.text.Flash_setOeBit)
                  700117e6    0000000a     --HOLE-- [fill = 0]
                  700117f0    000000d4     drivers.am64x.r5f.ti-arm-clang.debug.lib : bootloader_soc.obj (.text.Bootloader_socOpenFirewalls)
                  700118c4    0000000c     --HOLE-- [fill = 0]
                  700118d0    000000d4                                              : csl_bcdma.obj (.text.CSL_bcdmaChanOpGetChanRT)
                  700119a4    0000000c     --HOLE-- [fill = 0]
                  700119b0    000000d4                                              : pinmux.obj (.text.Pinmux_unlockMMR)
                  70011a84    0000000c     --HOLE-- [fill = 0]
                  70011a90    000000d4                                              : sciclient_procboot.obj (.text.Sciclient_procBootWaitProcessorState)
                  70011b64    0000000c     --HOLE-- [fill = 0]
                  70011b70    000000d2                                              : uart_v0_lld.obj (.text.UART_lld_write)
                  70011c42    0000000e     --HOLE-- [fill = 0]
                  70011c50    000000d2                                              : uart_dma_udma.obj (.text.UART_udmaDeInitCh)
                  70011d22    0000000e     --HOLE-- [fill = 0]
                  70011d30    000000cc                                              : udma_rm.obj (.text.Udma_rmAllocVintrBit)
                  70011dfc    00000004     --HOLE-- [fill = 0]
                  70011e00    000000ca                                              : csl_bcdma.obj (.text.CSL_bcdmaChanOpSetBurstSize)
                  70011eca    00000006     --HOLE-- [fill = 0]
                  70011ed0    000000ca                                              : udma_ring_common.obj (.text.Udma_ringCheckParams)
                  70011f9a    00000006     --HOLE-- [fill = 0]
                  70011fa0    000000c8                                              : ospi_phy_dqs.obj (.text.OSPI_phyBasicConfig)
                  70012068    00000008     --HOLE-- [fill = 0]
                  70012070    000000c8                                              : uart_v0_lld.obj (.text.UART_lld_writeDma)
                  70012138    00000008     --HOLE-- [fill = 0]
                  70012140    000000c8                                              : uart_dma_udma.obj (.text.UART_udmaHpdInit)
                  70012208    00000008     --HOLE-- [fill = 0]
                  70012210    000000c8                                              : udma_event.obj (.text.Udma_eventCheckUnRegister)
                  700122d8    00000008     --HOLE-- [fill = 0]
                  700122e0    000000c8                                              : udma_ring_common.obj (.text.Udma_ringFree)
                  700123a8    00000008     --HOLE-- [fill = 0]
                  700123b0    000000c6                                              : soc.obj (.text.SOC_isR5FDualCoreMode)
                  70012476    0000000a     --HOLE-- [fill = 0]
                  70012480    000000c6                                              : uart_v0_lld.obj (.text.UART_lld_writeIntr)
                  70012546    0000000a     --HOLE-- [fill = 0]
                  70012550    000000c6                                              : udma_event.obj (.text.Udma_eventUnRegister)
                  70012616    0000000a     --HOLE-- [fill = 0]
                  70012620    000000c4                                              : sciclient_rm_irq.obj (.text.Sciclient_rmIrqIsVintRouteSet)
                  700126e4    0000000c     --HOLE-- [fill = 0]
                  700126f0    000000c4                                              : uart_v0.obj (.text.UART_flushTxFifo)
                  700127b4    0000000c     --HOLE-- [fill = 0]
                  700127c0    000000c2     board.am64x.r5f.ti-arm-clang.debug.lib : flash.obj (.text.Flash_offsetToSectorPage)
                  70012882    0000000e     --HOLE-- [fill = 0]
                  70012890    000000c2     drivers.am64x.r5f.ti-arm-clang.debug.lib : udma_ch.obj (.text.Udma_chClose)
                  70012952    0000000e     --HOLE-- [fill = 0]
                  70012960    000000c0                                              : csl_bcdma.obj (.text.CSL_bcdmaChanOpAccessRemotePeerReg)
                  70012a20    000000c0                                              : lpddr4_16bit.obj (.text.LPDDR4_CheckCtlInterrupt_4)
                  70012ae0    000000c0                                              : lpddr4.obj (.text.LPDDR4_ReadReg)
                  70012ba0    000000c0     nortos.am64x.r5f.ti-arm-clang.debug.lib : printf.obj (.text._out_rev)
                  70012c60    000000be     ti_board_open_close.obj (.text.Board_flashOpen)
                  70012d1e    00000002     --HOLE-- [fill = 0]
                  70012d20    000000be     nortos.am64x.r5f.ti-arm-clang.debug.lib : ClockP_nortos.obj (.text.ClockP_timerTickIsr)
                  70012dde    00000002     --HOLE-- [fill = 0]
                  70012de0    000000bc     drivers.am64x.r5f.ti-arm-clang.debug.lib : ddr.obj (.text.DDR_setClock)
                  70012e9c    00000004     --HOLE-- [fill = 0]
                  70012ea0    000000ba     nortos.am64x.r5f.ti-arm-clang.debug.lib : ClockP_nortos.obj (.text.ClockP_stop)
                  70012f5a    00000006     --HOLE-- [fill = 0]
                  70012f60    000000b8     drivers.am64x.r5f.ti-arm-clang.debug.lib : lpddr4.obj (.text.LPDDR4_WriteReg)
                  70013018    00000008     --HOLE-- [fill = 0]
                  70013020    000000b6                                              : csl_pktdma.obj (.text.CSL_pktdmaAccessChanPeerReg)
                  700130d6    0000000a     --HOLE-- [fill = 0]
                  700130e0    000000b6                                              : uart_v0_lld.obj (.text.UART_fifoWrite)
                  70013196    0000000a     --HOLE-- [fill = 0]
                  700131a0    000000b4                                              : ospi_v0.obj (.text.OSPI_close)
                  70013254    0000000c     --HOLE-- [fill = 0]
                  70013260    000000b4                                              : udma.obj (.text.Udma_deinit)
                  70013314    0000000c     --HOLE-- [fill = 0]
                  70013320    000000b2                                              : ddr.obj (.text.DDR_initDrv)
                  700133d2    0000000e     --HOLE-- [fill = 0]
                  700133e0    000000b2                                              : sciclient.obj (.text.Sciclient_getCurrentContext)
                  70013492    0000000e     --HOLE-- [fill = 0]
                  700134a0    000000b0     ti_drivers_config.obj (.text.System_init)
                  70013550    000000b0     drivers.am64x.r5f.ti-arm-clang.debug.lib : uart_v0.obj (.text.UART_init)
                  70013600    000000b0                                              : udma_ch.obj (.text.Udma_chCheckParams)
                  700136b0    000000ae                                              : udma_soc.obj (.text.Udma_getMappedChRingAttributes)
                  7001375e    00000002     --HOLE-- [fill = 0]
                  70013760    000000ac                                              : udma_ch.obj (.text.UdmaChRxPrms_init)
                  7001380c    00000004     --HOLE-- [fill = 0]
                  70013810    000000ac                                              : udma_ch.obj (.text.UdmaChTxPrms_init)
                  700138bc    00000004     --HOLE-- [fill = 0]
                  700138c0    000000ac                                              : udma_ch.obj (.text.Udma_chDisable)
                  7001396c    00000004     --HOLE-- [fill = 0]
                  70013970    000000aa                                              : csl_bcdma.obj (.text.CSL_bcdmaChanOpSetChanPause)
                  70013a1a    00000006     --HOLE-- [fill = 0]
                  70013a20    000000aa                                              : csl_bcdma.obj (.text.CSL_bcdmaChanOpSetChanRT)
                  70013aca    00000006     --HOLE-- [fill = 0]
                  70013ad0    000000a8     nortos.am64x.r5f.ti-arm-clang.debug.lib : ClockP_nortos.obj (.text.ClockP_addToList)
                  70013b78    00000008     --HOLE-- [fill = 0]
                  70013b80    000000a8                                             : ClockP_nortos.obj (.text.ClockP_destruct)
                  70013c28    00000008     --HOLE-- [fill = 0]
                  70013c30    000000a8     ti_drivers_open_close.obj (.text.Drivers_uartOpen)
                  70013cd8    00000008     --HOLE-- [fill = 0]
                  70013ce0    000000a8     drivers.am64x.r5f.ti-arm-clang.debug.lib : sciclient_rm_irq.obj (.text.Sciclient_rmIrInpRomMapped)
                  70013d88    00000008     --HOLE-- [fill = 0]
                  70013d90    000000a8                                              : sciclient_rm_irq.obj (.text.Sciclient_rmIrOutpRomMapped)
                  70013e38    00000008     --HOLE-- [fill = 0]
                  70013e40    000000a8                                              : udma_ring_lcdma.obj (.text.Udma_ringSetDoorBellLcdma)
                  70013ee8    00000008     --HOLE-- [fill = 0]
                  70013ef0    000000a8     nortos.am64x.r5f.ti-arm-clang.debug.lib : PmuP_armv7r.obj (.text.pmu)
                  70013f98    00000008     --HOLE-- [fill = 0]
                  70013fa0    000000a6     ti_drivers_open_close.obj (.text.Drivers_ospiOpen)
                  70014046    0000000a     --HOLE-- [fill = 0]
                  70014050    000000a6     drivers.am64x.r5f.ti-arm-clang.debug.lib : ospi_v0.obj (.text.OSPI_setXferOpCodes)
                  700140f6    0000000a     --HOLE-- [fill = 0]
                  70014100    000000a6                                              : sciclient_pm.obj (.text.Sciclient_pmGetModuleClkNumParent)
                  700141a6    0000000a     --HOLE-- [fill = 0]
                  700141b0    000000a4                                              : bootloader_soc.obj (.text.Bootloader_socOpenFirewallRegion)
                  70014254    0000000c     --HOLE-- [fill = 0]
                  70014260    000000a4                                              : csl_intaggr.obj (.text.CSL_intaggrIsIntrPending)
                  70014304    0000000c     --HOLE-- [fill = 0]
                  70014310    000000a4                                              : ospi_v0.obj (.text.OSPI_flashExecCmd)
                  700143b4    0000000c     --HOLE-- [fill = 0]
                  700143c0    000000a4                                              : sciclient_rm_irq.obj (.text.Sciclient_rmIrqCheckLoop)
                  70014464    0000000c     --HOLE-- [fill = 0]
                  70014470    000000a4                                              : uart_v0_lld.obj (.text.UART_IsBaseAddrValid)
                  70014514    0000000c     --HOLE-- [fill = 0]
                  70014520    000000a2                                              : ddr.obj (.text.DDR_init)
                  700145c2    0000000e     --HOLE-- [fill = 0]
                  700145d0    000000a2                                              : ospi_phy_dqs.obj (.text.OSPI_phyTuneDDR)
                  70014672    0000000e     --HOLE-- [fill = 0]
                  70014680    000000a0                                              : udma_rm.obj (.text.Udma_rmAllocEvent)
                  70014720    000000a0                                              : udma_rm.obj (.text.Udma_rmAllocVintr)
                  700147c0    0000009e                                              : bootloader_soc.obj (.text.Bootloader_socCpuSetEntryPoint)
                  7001485e    00000002     --HOLE-- [fill = 0]
                  70014860    0000009e     board.am64x.r5f.ti-arm-clang.debug.lib : flash_nor_ospi.obj (.text.Flash_norOspiSetModeDummy)
                  700148fe    00000002     --HOLE-- [fill = 0]
                  70014900    0000009e     drivers.am64x.r5f.ti-arm-clang.debug.lib : ospi_v0.obj (.text.OSPI_isProtocolValid)
                  7001499e    00000002     --HOLE-- [fill = 0]
                  700149a0    0000009e                                              : sciclient_soc_priv.obj (.text.Sciclient_getContext)
                  70014a3e    00000002     --HOLE-- [fill = 0]
                  70014a40    0000009c                                              : pinmux.obj (.text.Pinmux_config)
                  70014adc    00000004     --HOLE-- [fill = 0]
                  70014ae0    0000009c                                              : udma_ring_lcdma.obj (.text.Udma_ringFlushRawLcdma)
                  70014b7c    00000004     --HOLE-- [fill = 0]
                  70014b80    0000009a                                              : bootloader_soc.obj (.text.Bootloader_socCpuSetClock)
                  70014c1a    00000006     --HOLE-- [fill = 0]
                  70014c20    0000009a                                              : bootloader_soc.obj (.text.Bootloader_socTranslateSectionAddr)
                  70014cba    00000006     --HOLE-- [fill = 0]
                  70014cc0    0000009a     ti_power_clock_config.obj (.text.Module_clockSetFrequency)
                  70014d5a    00000006     --HOLE-- [fill = 0]
                  70014d60    0000009a     drivers.am64x.r5f.ti-arm-clang.debug.lib : soc.obj (.text.SOC_controlModuleUnlockMMR)
                  70014dfa    00000006     --HOLE-- [fill = 0]
                  70014e00    0000009a                                              : sciclient_pm.obj (.text.Sciclient_pmGetModuleClkFreq)
                  70014e9a    00000006     --HOLE-- [fill = 0]
                  70014ea0    0000009a                                              : sciclient_pm.obj (.text.Sciclient_pmGetModuleClkParent)
                  70014f3a    00000006     --HOLE-- [fill = 0]
                  70014f40    0000009a                                              : sciclient_pm.obj (.text.Sciclient_pmSetModuleClkParent)
                  70014fda    00000006     --HOLE-- [fill = 0]
                  70014fe0    0000009a                                              : sciclient_procboot.obj (.text.Sciclient_procBootSetSequenceCtrl)
                  7001507a    00000006     --HOLE-- [fill = 0]
                  70015080    0000009a                                              : sciclient_rm_irq.obj (.text.Sciclient_rmIrOutpIsFree)
                  7001511a    00000006     --HOLE-- [fill = 0]
                  70015120    0000009a                                              : udma_ring_common.obj (.text.Udma_ringQueueRaw)
                  700151ba    00000006     --HOLE-- [fill = 0]
                  700151c0    00000098                                              : csl_bcdma.obj (.text.CSL_bcdmaChanOpSetChanEnable)
                  70015258    00000008     --HOLE-- [fill = 0]
                  70015260    00000098                                              : sciclient_boardcfg.obj (.text.Sciclient_boardCfgPm)
                  700152f8    00000008     --HOLE-- [fill = 0]
                  70015300    00000098                                              : sciclient_boardcfg.obj (.text.Sciclient_boardCfgRm)
                  70015398    00000008     --HOLE-- [fill = 0]
                  700153a0    00000098                                              : sciclient_pm.obj (.text.Sciclient_pmModuleGetClkStatus)
                  70015438    00000008     --HOLE-- [fill = 0]
                  70015440    00000096                                              : bootloader.obj (.text.Bootloader_runCpu)
                  700154d6    0000000a     --HOLE-- [fill = 0]
                  700154e0    00000096                                              : ospi_dma_udma.obj (.text.OspiDma_udmaClose)
                  70015576    0000000a     --HOLE-- [fill = 0]
                  70015580    00000096                                              : sciclient.obj (.text.Sciclient_init)
                  70015616    0000000a     --HOLE-- [fill = 0]
                  70015620    00000096                                              : uart_v0_lld.obj (.text.UART_subConfigTCRTLRModeEn)
                  700156b6    0000000a     --HOLE-- [fill = 0]
                  700156c0    00000096                                              : uart_dma_udma.obj (.text.UART_udmaIsrRx)
                  70015756    0000000a     --HOLE-- [fill = 0]
                  70015760    00000096                                              : uart_dma_udma.obj (.text.UART_udmaIsrTx)
                  700157f6    0000000a     --HOLE-- [fill = 0]
                  70015800    00000096                                              : udma_flow.obj (.text.UdmaFlowPrms_init)
                  70015896    0000000a     --HOLE-- [fill = 0]
                  700158a0    00000096                                              : udma_ring_common.obj (.text.Udma_ringDequeueRaw)
                  70015936    0000000a     --HOLE-- [fill = 0]
                  70015940    00000094                                              : ospi_v0.obj (.text.OSPI_init)
                  700159d4    0000000c     --HOLE-- [fill = 0]
                  700159e0    00000094                                              : sciclient.obj (.text.Sciclient_waitForBootNotification)
                  70015a74    0000000c     --HOLE-- [fill = 0]
                  70015a80    00000094                                              : uart_dma_udma.obj (.text.UART_lld_dmaDisableChannel)
                  70015b14    0000000c     --HOLE-- [fill = 0]
                  70015b20    00000092     nortos.am64x.r5f.ti-arm-clang.debug.lib : ClockP_nortos.obj (.text.ClockP_getTimeUsec)
                  70015bb2    0000000e     --HOLE-- [fill = 0]
                  70015bc0    00000092     drivers.am64x.r5f.ti-arm-clang.debug.lib : soc.obj (.text.SOC_moduleClockEnable)
                  70015c52    0000000e     --HOLE-- [fill = 0]
                  70015c60    00000092                                              : sciclient_rm_irq.obj (.text.Sciclient_rmPsPop)
                  70015cf2    0000000e     --HOLE-- [fill = 0]
                  70015d00    00000090     ti_drivers_config.obj (.text.System_deinit)
                  70015d90    0000008e     drivers.am64x.r5f.ti-arm-clang.debug.lib : udma_rm.obj (.text.Udma_rmFreeMappedRing)
                  70015e1e    00000002     --HOLE-- [fill = 0]
                  70015e20    0000008c                                              : ddr.obj (.text.DDR_initHwRegs)
                  70015eac    00000004     --HOLE-- [fill = 0]
                  70015eb0    0000008c     board.am64x.r5f.ti-arm-clang.debug.lib : flash_nor_ospi.obj (.text.Flash_norOspiSetAddressBytes)
                  70015f3c    00000004     --HOLE-- [fill = 0]
                  70015f40    0000008c     drivers.am64x.r5f.ti-arm-clang.debug.lib : sciclient_pm.obj (.text.Sciclient_pmGetModuleState)
                  70015fcc    00000004     --HOLE-- [fill = 0]
                  70015fd0    0000008c                                              : sciclient_pm.obj (.text.Sciclient_pmModuleClkRequest)
                  7001605c    00000004     --HOLE-- [fill = 0]
                  70016060    0000008c                                              : sciclient_pm.obj (.text.Sciclient_pmSetModuleState)
                  700160ec    00000004     --HOLE-- [fill = 0]
                  700160f0    0000008c                                              : sciclient_rm_irq.obj (.text.Sciclient_rmIaEvtRomMapped)
                  7001617c    00000004     --HOLE-- [fill = 0]
                  70016180    0000008c                                              : uart_v0_lld.obj (.text.UART_writeCancelNoCB)
                  7001620c    00000004     --HOLE-- [fill = 0]
                  70016210    0000008a                                              : lpddr4.obj (.text.LPDDR4_PollCtlIrq)
                  7001629a    00000006     --HOLE-- [fill = 0]
                  700162a0    0000008a                                              : lpddr4.obj (.text.LPDDR4_PollPhyIndepIrq)
                  7001632a    00000006     --HOLE-- [fill = 0]
                  70016330    0000008a                                              : ospi_phy_dqs.obj (.text.OSPI_phySetRdDelayTxRxDLL)
                  700163ba    00000006     --HOLE-- [fill = 0]
                  700163c0    0000008a                                              : udma_ring_common.obj (.text.Udma_ringFlushRaw)
                  7001644a    00000006     --HOLE-- [fill = 0]
                  70016450    00000088                                              : bootloader_soc.obj (.text.Bootloader_socCpuGetClock)
                  700164d8    00000008     --HOLE-- [fill = 0]
                  700164e0    00000088                                              : csl_bcdma.obj (.text.CSL_bcdmaGetCfg)
                  70016568    00000008     --HOLE-- [fill = 0]
                  70016570    00000088                                              : sciclient_procboot.obj (.text.Sciclient_procBootReleaseProcessor)
                  700165f8    00000008     --HOLE-- [fill = 0]
                  70016600    00000088                                              : udma_rm.obj (.text.Udma_rmFreeVintrBit)
                  70016688    00000008     --HOLE-- [fill = 0]
                  70016690    00000086     board.am64x.r5f.ti-arm-clang.debug.lib : flash_nor_ospi.obj (.text.Flash_norOspiRead)
                  70016716    0000000a     --HOLE-- [fill = 0]
                  70016720    00000086     drivers.am64x.r5f.ti-arm-clang.debug.lib : lpddr4_16bit.obj (.text.LPDDR4_CheckCtlInterrupt_3)
                  700167a6    0000000a     --HOLE-- [fill = 0]
                  700167b0    00000086                                              : ospi_v0.obj (.text.OSPI_enablePhy)
                  70016836    0000000a     --HOLE-- [fill = 0]
                  70016840    00000086                                              : uart_v0_lld.obj (.text.UART_lld_flushTxFifo)
                  700168c6    0000000a     --HOLE-- [fill = 0]
                  700168d0    00000086                                              : uart_v0_lld.obj (.text.UART_tcrTlrBitValRestore)
                  70016956    0000000a     --HOLE-- [fill = 0]
                  70016960    00000084     board.am64x.r5f.ti-arm-clang.debug.lib : flash_nor_ospi.obj (.text.Flash_norOspiRegWrite)
                  700169e4    0000000c     --HOLE-- [fill = 0]
                  700169f0    00000082     drivers.am64x.r5f.ti-arm-clang.debug.lib : uart_dma_soc.obj (.text.CSL_udmapCppi5SetReturnPolicy)
                  70016a72    0000000e     --HOLE-- [fill = 0]
                  70016a80    00000082                                              : udma_utils.obj (.text.CSL_udmapCppi5SetReturnPolicy)
                  70016b02    0000000e     --HOLE-- [fill = 0]
                  70016b10    00000082                                              : ospi_phy_dqs.obj (.text.OSPI_phyFindRxHigh)
                  70016b92    0000000e     --HOLE-- [fill = 0]
                  70016ba0    00000082                                              : ospi_phy_dqs.obj (.text.OSPI_phyFindRxLow)
                  70016c22    0000000e     --HOLE-- [fill = 0]
                  70016c30    00000082                                              : ospi_phy_dqs.obj (.text.OSPI_phyFindTxHigh)
                  70016cb2    0000000e     --HOLE-- [fill = 0]
                  70016cc0    00000082                                              : ospi_phy_dqs.obj (.text.OSPI_phyFindTxLow)
                  70016d42    0000000e     --HOLE-- [fill = 0]
                  70016d50    00000082                                              : udma_ch.obj (.text.Udma_chPair)
                  70016dd2    0000000e     --HOLE-- [fill = 0]
                  70016de0    00000082                                              : udma_ch.obj (.text.Udma_chUnpair)
                  70016e62    0000000e     --HOLE-- [fill = 0]
                  70016e70    00000080     board.am64x.r5f.ti-arm-clang.debug.lib : flash_nor_ospi.obj (.text.Flash_norOspiRegRead)
                  70016ef0    00000080     drivers.am64x.r5f.ti-arm-clang.debug.lib : uart_v0_lld.obj (.text.UART_moduleReset)
                  70016f70    0000007e                                              : bootloader.obj (.text.Bootloader_findSeq)
                  70016fee    00000002     --HOLE-- [fill = 0]
                  70016ff0    0000007e                                              : csl_bcdma.obj (.text.CSL_bcdmaChanOpIsChanEnabled)
                  7001706e    00000002     --HOLE-- [fill = 0]
                  70017070    0000007e                                              : csl_bcdma.obj (.text.CSL_bcdmaChanOpIsValidChanIdx)
                  700170ee    00000002     --HOLE-- [fill = 0]
                  700170f0    0000007e                                              : csl_bcdma.obj (.text.CSL_bcdmaMapChanIdx)
                  7001716e    00000002     --HOLE-- [fill = 0]
                  70017170    0000007e                                              : lpddr4.obj (.text.LPDDR4_StartSequenceController)
                  700171ee    00000002     --HOLE-- [fill = 0]
                  700171f0    0000007e                                              : uart_v0_lld.obj (.text.UART_readData)
                  7001726e    00000002     --HOLE-- [fill = 0]
                  70017270    0000007c                                              : csl_pktdma.obj (.text.CSL_pktdmaGetCfg)
                  700172ec    00000004     --HOLE-- [fill = 0]
                  700172f0    0000007c     nortos.am64x.r5f.ti-arm-clang.debug.lib : DebugP_log.obj (.text._DebugP_assert)
                  7001736c    00000004     --HOLE-- [fill = 0]
                  70017370    0000007a     drivers.am64x.r5f.ti-arm-clang.debug.lib : ospi_v0.obj (.text.OSPI_disablePhy)
                  700173ea    00000006     --HOLE-- [fill = 0]
                  700173f0    0000007a                                              : uart_v0.obj (.text.UART_Params_init)
                  7001746a    00000006     --HOLE-- [fill = 0]
                  70017470    0000007a     main.obj (.text.flashFixUpOspiBoot)
                  700174ea    00000006     --HOLE-- [fill = 0]
                  700174f0    00000078     drivers.am64x.r5f.ti-arm-clang.debug.lib : ospi_v0.obj (.text.OSPI_waitIndWriteComplete)
                  70017568    00000008     --HOLE-- [fill = 0]
                  70017570    00000076                                              : csl_bcdma.obj (.text.CSL_bcdmaChanOpClearError)
                  700175e6    0000000a     --HOLE-- [fill = 0]
                  700175f0    00000076                                              : csl_bcdma.obj (.text.CSL_bcdmaDoChanOp)
                  70017666    0000000a     --HOLE-- [fill = 0]
                  70017670    00000076                                              : ospi_v0.obj (.text.OSPI_isDmaRestrictedRegion)
                  700176e6    0000000a     --HOLE-- [fill = 0]
                  700176f0    00000076                                              : ospi_phy_dqs.obj (.text.OSPI_phyReadAttackVector)
                  70017766    0000000a     --HOLE-- [fill = 0]
                  70017770    00000076                                              : ospi_v0.obj (.text.OSPI_waitIdle)
                  700177e6    0000000a     --HOLE-- [fill = 0]
                  700177f0    00000076                                              : udma_ch.obj (.text.Udma_chGetCqRingHandle)
                  70017866    0000000a     --HOLE-- [fill = 0]
                  70017870    00000076                                              : udma_ch.obj (.text.Udma_chGetFqRingHandle)
                  700178e6    0000000a     --HOLE-- [fill = 0]
                  700178f0    00000074                                              : udma_ch.obj (.text.Udma_chEnable)
                  70017964    0000000c     --HOLE-- [fill = 0]
                  70017970    00000072                                              : csl_bcdma.obj (.text.CSL_bcdmaChanOpTriggerChan)
                  700179e2    0000000e     --HOLE-- [fill = 0]
                  700179f0    00000072                                              : csl_lcdma_ringacc.obj (.text.CSL_lcdma_ringaccAckReverseRing)
                  70017a62    0000000e     --HOLE-- [fill = 0]
                  70017a70    00000072     nortos.am64x.r5f.ti-arm-clang.debug.lib : ClockP_nortos.obj (.text.ClockP_usleep)
                  70017ae2    0000000e     --HOLE-- [fill = 0]
                  70017af0    00000072     drivers.am64x.r5f.ti-arm-clang.debug.lib : bootloader_flash.obj (.text.Flash_imgRead)
                  70017b62    0000000e     --HOLE-- [fill = 0]
                  70017b70    00000072                                              : udma_utils.obj (.text.UdmaUtils_makeTrpd)
                  70017be2    0000000e     --HOLE-- [fill = 0]
                  70017bf0    00000070                                              : bootloader.obj (.text.Bootloader_open)
                  70017c60    00000070                                              : csl_intaggr.obj (.text.CSL_intaggrClrIntr)
                  70017cd0    00000070     nortos.am64x.r5f.ti-arm-clang.debug.lib : ClockP_nortos.obj (.text.ClockP_construct)
                  70017d40    00000070     drivers.am64x.r5f.ti-arm-clang.debug.lib : sciclient_rm.obj (.text.Sciclient_rmGetResourceRange)
                  70017db0    00000070                                              : udma_rm.obj (.text.Udma_rmFreeMappedRxCh)
                  70017e20    00000070                                              : udma_rm.obj (.text.Udma_rmFreeMappedTxCh)
                  70017e90    0000006e                                              : bootloader.obj (.text.Bootloader_getX509CertLen)
                  70017efe    00000002     --HOLE-- [fill = 0]
                  70017f00    0000006e                                              : bootloader_soc.obj (.text.Bootloader_socCpuPowerOnResetA53)
                  70017f6e    00000002     --HOLE-- [fill = 0]
                  70017f70    0000006e                                              : bootloader_soc.obj (.text.Bootloader_socGetR5fBtcmAddrAndSize)
                  70017fde    00000002     --HOLE-- [fill = 0]
                  70017fe0    0000006e                                              : lpddr4_16bit.obj (.text.LPDDR4_EnablePIInitiator)
                  7001804e    00000002     --HOLE-- [fill = 0]
                  70018050    0000006e                                              : sciclient_rm_irq.obj (.text.Sciclient_rmIaVintGetInfo)
                  700180be    00000002     --HOLE-- [fill = 0]
                  700180c0    0000006c                                              : bootloader_soc.obj (.text.Bootloader_socGetR5fAtcmAddrAndSize)
                  7001812c    00000004     --HOLE-- [fill = 0]
                  70018130    0000006c                                              : ddr_soc.obj (.text.DDR_socEnableVttRegulator)
                  7001819c    00000004     --HOLE-- [fill = 0]
                  700181a0    0000006c                                              : ospi_dma.obj (.text.OSPI_dmaOpen)
                  7001820c    00000004     --HOLE-- [fill = 0]
                  70018210    0000006c                                              : udma_ch.obj (.text.UdmaChPrms_init)
                  7001827c    00000004     --HOLE-- [fill = 0]
                  70018280    0000006a     board.am64x.r5f.ti-arm-clang.debug.lib : flash_nor_ospi.obj (.text.Flash_quirkSpansionUNHYSADisable)
                  700182ea    00000006     --HOLE-- [fill = 0]
                  700182f0    0000006a     drivers.am64x.r5f.ti-arm-clang.debug.lib : lpddr4.obj (.text.LPDDR4_WriteCtlConfig)
                  7001835a    00000006     --HOLE-- [fill = 0]
                  70018360    0000006a                                              : lpddr4.obj (.text.LPDDR4_WritePhyConfig)
                  700183ca    00000006     --HOLE-- [fill = 0]
                  700183d0    0000006a                                              : lpddr4.obj (.text.LPDDR4_WritePhyIndepConfig)
                  7001843a    00000006     --HOLE-- [fill = 0]
                  70018440    0000006a                                              : pinmux.obj (.text.Pinmux_lockMMR)
                  700184aa    00000006     --HOLE-- [fill = 0]
                  700184b0    0000006a                                              : udma_rm.obj (.text.Udma_rmCheckResLeak)
                  7001851a    00000006     --HOLE-- [fill = 0]
                  70018520    00000068                                              : bootloader.obj (.text.Bootloader_loadCpu)
                  70018588    00000008     --HOLE-- [fill = 0]
                  70018590    00000068                                              : bootloader_soc.obj (.text.Bootloader_socCpuRelease)
                  700185f8    00000008     --HOLE-- [fill = 0]
                  70018600    00000068     board.am64x.r5f.ti-arm-clang.debug.lib : flash_nor_ospi.obj (.text.Flash_norOspiCmdRead)
                  70018668    00000008     --HOLE-- [fill = 0]
                  70018670    00000068     drivers.am64x.r5f.ti-arm-clang.debug.lib : ospi_v0.obj (.text.OSPI_waitWriteSRAMLevel)
                  700186d8    00000008     --HOLE-- [fill = 0]
                  700186e0    00000068                                              : sciclient_rm_irq.obj (.text.Sciclient_rmIrqCfgIsDirectEvent)
                  70018748    00000008     --HOLE-- [fill = 0]
                  70018750    00000068                                              : sciclient_rm_irq.obj (.text.Sciclient_rmIrqCfgIsDirectNonEvent)
                  700187b8    00000008     --HOLE-- [fill = 0]
                  700187c0    00000068                                              : sciclient_rm_irq.obj (.text.Sciclient_rmIrqCfgIsEventToVintMappingOnly)
                  70018828    00000008     --HOLE-- [fill = 0]
                  70018830    00000068                                              : sciclient_rm_irq.obj (.text.Sciclient_rmIrqCfgIsOesOnly)
                  70018898    00000008     --HOLE-- [fill = 0]
                  700188a0    00000068                                              : sciclient_rm_irq.obj (.text.Sciclient_rmIrqCfgIsUnmappedVintDirectEvent)
                  70018908    00000008     --HOLE-- [fill = 0]
                  70018910    00000068                                              : uart_v0_lld.obj (.text.UART_divisorValCompute)
                  70018978    00000008     --HOLE-- [fill = 0]
                  70018980    00000068                                              : udma_ring_lcdma.obj (.text.Udma_ringPrimeReadLcdma)
                  700189e8    00000008     --HOLE-- [fill = 0]
                  700189f0    00000066                                              : bootloader_soc.obj (.text.Bootloader_socCpuRequest)
                  70018a56    0000000a     --HOLE-- [fill = 0]
                  70018a60    00000066                                              : bootloader_soc.obj (.text.Bootloader_socInitR5FAtcmBtcm)
                  70018ac6    0000000a     --HOLE-- [fill = 0]
                  70018ad0    00000066                                              : csl_lcdma_ringacc.obj (.text.CSL_lcdma_ringaccCommitToForwardRing)
                  70018b36    0000000a     --HOLE-- [fill = 0]
                  70018b40    00000066                                              : uart_dma_udma.obj (.text.CSL_udmapCppi5SetIds)
                  70018ba6    0000000a     --HOLE-- [fill = 0]
                  70018bb0    00000066                                              : udma_utils.obj (.text.CSL_udmapCppi5SetIds)
                  70018c16    0000000a     --HOLE-- [fill = 0]
                  70018c20    00000066     board.am64x.r5f.ti-arm-clang.debug.lib : flash.obj (.text.Flash_open)
                  70018c86    0000000a     --HOLE-- [fill = 0]
                  70018c90    00000066     drivers.am64x.r5f.ti-arm-clang.debug.lib : sciclient_pm.obj (.text.Sciclient_pmSetModuleRst_flags)
                  70018cf6    0000000a     --HOLE-- [fill = 0]
                  70018d00    00000064                                              : ospi_v0.obj (.text.OSPI_getCmdExt)
                  70018d64    0000000c     --HOLE-- [fill = 0]
                  70018d70    00000064                                              : sciclient_procboot.obj (.text.Sciclient_procBootGetProcessorState)
                  70018dd4    0000000c     --HOLE-- [fill = 0]
                  70018de0    00000064                                              : sciclient_rm_irq.obj (.text.Sciclient_rmIrGetInst)
                  70018e44    0000000c     --HOLE-- [fill = 0]
                  70018e50    00000064                                              : uart_v0_lld.obj (.text.UART_fifoRegisterWrite)
                  70018eb4    0000000c     --HOLE-- [fill = 0]
                  70018ec0    00000064                                              : uart_v0_lld.obj (.text.UART_lld_deInitDma)
                  70018f24    0000000c     --HOLE-- [fill = 0]
                  70018f30    00000064                                              : udma_rm.obj (.text.Udma_rmFreeEvent)
                  70018f94    0000000c     --HOLE-- [fill = 0]
                  70018fa0    00000064                                              : udma_rm.obj (.text.Udma_rmFreeIrIntr)
                  70019004    0000000c     --HOLE-- [fill = 0]
                  70019010    00000064                                              : udma_rm.obj (.text.Udma_rmFreeVintr)
                  70019074    0000000c     --HOLE-- [fill = 0]
                  70019080    00000062                                              : ddr.obj (.text.DDR_probe)
                  700190e2    0000000e     --HOLE-- [fill = 0]
                  700190f0    00000062                                              : udma_event.obj (.text.UdmaEventPrms_init)
                  70019152    0000000e     --HOLE-- [fill = 0]
                  70019160    00000062                                              : udma_rm.obj (.text.Udma_rmFreeBlkCopyCh)
                  700191c2    0000000e     --HOLE-- [fill = 0]
                  700191d0    00000062                                              : udma_rm.obj (.text.Udma_rmFreeBlkCopyHcCh)
                  70019232    0000000e     --HOLE-- [fill = 0]
                  70019240    00000062                                              : udma_rm.obj (.text.Udma_rmFreeBlkCopyUhcCh)
                  700192a2    0000000e     --HOLE-- [fill = 0]
                  700192b0    00000062                                              : udma_rm.obj (.text.Udma_rmFreeRxCh)
                  70019312    0000000e     --HOLE-- [fill = 0]
                  70019320    00000062                                              : udma_rm.obj (.text.Udma_rmFreeRxHcCh)
                  70019382    0000000e     --HOLE-- [fill = 0]
                  70019390    00000062                                              : udma_rm.obj (.text.Udma_rmFreeRxUhcCh)
                  700193f2    0000000e     --HOLE-- [fill = 0]
                  70019400    00000062                                              : udma_rm.obj (.text.Udma_rmFreeTxCh)
                  70019462    0000000e     --HOLE-- [fill = 0]
                  70019470    00000062                                              : udma_rm.obj (.text.Udma_rmFreeTxHcCh)
                  700194d2    0000000e     --HOLE-- [fill = 0]
                  700194e0    00000062                                              : udma_rm.obj (.text.Udma_rmFreeTxUhcCh)
                  70019542    0000000e     --HOLE-- [fill = 0]
                  70019550    00000060                                              : uart_v0_lld.obj (.text.UART_getChar)
                  700195b0    00000060                                              : uart_v0_lld.obj (.text.UART_writeData)
                  70019610    00000060                                              : udma_utils.obj (.text.Udma_phyToVirtFxn)
                  70019670    00000060                                              : udma_utils.obj (.text.Udma_virtToPhyFxn)
                  700196d0    0000005e                                              : lpddr4.obj (.text.LPDDR4_PollAndAckIrq)
                  7001972e    00000002     --HOLE-- [fill = 0]
                  70019730    0000005e                                              : sciclient_pm.obj (.text.Sciclient_pmSetModuleRst)
                  7001978e    00000002     --HOLE-- [fill = 0]
                  70019790    0000005e                                              : sciclient_procboot.obj (.text.Sciclient_procBootRequestProcessor)
                  700197ee    00000002     --HOLE-- [fill = 0]
                  700197f0    0000005e     nortos.am64x.r5f.ti-arm-clang.debug.lib : SemaphoreP_nortos.obj (.text.SemaphoreP_post)
                  7001984e    00000002     --HOLE-- [fill = 0]
                  70019850    0000005c     drivers.am64x.r5f.ti-arm-clang.debug.lib : lpddr4.obj (.text.LPDDR4_CheckPhyIndepInterrupt)
                  700198ac    00000004     --HOLE-- [fill = 0]
                  700198b0    0000005c                                              : lpddr4.obj (.text.LPDDR4_SanityFunction4)
                  7001990c    00000004     --HOLE-- [fill = 0]
                  70019910    0000005c                                              : ospi_v0.obj (.text.OSPI_configResetPin)
                  7001996c    00000004     --HOLE-- [fill = 0]
                  70019970    0000005c                                              : ospi_v0.obj (.text.OSPI_utilLog2)
                  700199cc    00000004     --HOLE-- [fill = 0]
                  700199d0    0000005c                                              : sciclient_rm_irq.obj (.text.Sciclient_rmIaGetInst)
                  70019a2c    00000004     --HOLE-- [fill = 0]
                  70019a30    0000005c                                              : sciclient_rm_irq.obj (.text.Sciclient_rmPsPush)
                  70019a8c    00000004     --HOLE-- [fill = 0]
                  70019a90    0000005c                                              : sciclient.obj (.text.Sciclient_triggerSecHandover)
                  70019aec    00000004     --HOLE-- [fill = 0]
                  70019af0    0000005c                                              : uart_v0_lld.obj (.text.UART_lld_deInit)
                  70019b4c    00000004     --HOLE-- [fill = 0]
                  70019b50    0000005c                                              : uart_v0.obj (.text.UART_lld_writeCompleteCallback)
                  70019bac    00000004     --HOLE-- [fill = 0]
                  70019bb0    0000005a                                              : sciclient_rm_irq.obj (.text.Sciclient_rmIaValidateGlobalEvt)
                  70019c0a    00000006     --HOLE-- [fill = 0]
                  70019c10    0000005a                                              : uart_v0.obj (.text.UART_lld_readCompleteCallback)
                  70019c6a    00000006     --HOLE-- [fill = 0]
                  70019c70    0000005a                                              : uart_v0_lld.obj (.text.UART_regConfigModeEnable)
                  70019cca    00000006     --HOLE-- [fill = 0]
                  70019cd0    00000058                                              : bootloader_soc.obj (.text.Bootloader_socEnableICSSCores)
                  70019d28    00000008     --HOLE-- [fill = 0]
                  70019d30    00000058                                              : bootloader_soc.obj (.text.Bootloader_socRprcToCslCoreId)
                  70019d88    00000008     --HOLE-- [fill = 0]
                  70019d90    00000058     board.am64x.r5f.ti-arm-clang.debug.lib : flash_nor_ospi.obj (.text.Flash_norOspiCmdWrite)
                  70019de8    00000008     --HOLE-- [fill = 0]
                  70019df0    00000058     drivers.am64x.r5f.ti-arm-clang.debug.lib : ospi_v0.obj (.text.OSPI_writeFifoData)
                  70019e48    00000008     --HOLE-- [fill = 0]
                  70019e50    00000058                                              : sciclient_firewall.obj (.text.Sciclient_firewallChangeOwnerInfo)
                  70019ea8    00000008     --HOLE-- [fill = 0]
                  70019eb0    00000058                                              : sciclient_firewall.obj (.text.Sciclient_firewallSetRegion)
                  70019f08    00000008     --HOLE-- [fill = 0]
                  70019f10    00000058                                              : sciclient_procboot.obj (.text.Sciclient_procBootAuthAndStart)
                  70019f68    00000008     --HOLE-- [fill = 0]
                  70019f70    00000058                                              : sciclient_rm.obj (.text.Sciclient_rmIrqSetRaw)
                  70019fc8    00000008     --HOLE-- [fill = 0]
                  70019fd0    00000058                                              : sciclient_rm_irq.obj (.text.Sciclient_rmIrqUnmappedVintRouteDelete)
                  7001a028    00000008     --HOLE-- [fill = 0]
                  7001a030    00000058                                              : sciclient_rm.obj (.text.Sciclient_rmRingCfg)
                  7001a088    00000008     --HOLE-- [fill = 0]
                  7001a090    00000058                                              : sciclient_rm.obj (.text.Sciclient_rmUdmapFlowCfg)
                  7001a0e8    00000008     --HOLE-- [fill = 0]
                  7001a0f0    00000058                                              : sciclient_rm.obj (.text.Sciclient_rmUdmapFlowSizeThreshCfg)
                  7001a148    00000008     --HOLE-- [fill = 0]
                  7001a150    00000058                                              : sciclient_rm.obj (.text.Sciclient_rmUdmapRxChCfg)
                  7001a1a8    00000008     --HOLE-- [fill = 0]
                  7001a1b0    00000058                                              : sciclient_rm.obj (.text.Sciclient_rmUdmapTxChCfg)
                  7001a208    00000008     --HOLE-- [fill = 0]
                  7001a210    00000058                                              : udma_utils.obj (.text.UdmaUtils_getTrSizeEncoded)
                  7001a268    00000058     libc.a : autoinit.c.obj (.text:__TI_auto_init_nobinit_nopinit)
                  7001a2c0    00000056     drivers.am64x.r5f.ti-arm-clang.debug.lib : bootloader.obj (.text.Bootloader_BootImageInfo_init)
                  7001a316    0000000a     --HOLE-- [fill = 0]
                  7001a320    00000056                                              : csl_intaggr.obj (.text.CSL_intaggrGetCfg)
                  7001a376    0000000a     --HOLE-- [fill = 0]
                  7001a380    00000056                                              : sciclient_rm.obj (.text.Sciclient_rmIrqReleaseRaw)
                  7001a3d6    0000000a     --HOLE-- [fill = 0]
                  7001a3e0    00000056                                              : sciclient_rm.obj (.text.Sciclient_rmPsilPair)
                  7001a436    0000000a     --HOLE-- [fill = 0]
                  7001a440    00000056                                              : sciclient_rm.obj (.text.Sciclient_rmPsilUnpair)
                  7001a496    0000000a     --HOLE-- [fill = 0]
                  7001a4a0    00000056                                              : udma_ch.obj (.text.Udma_chSetPeerReg)
                  7001a4f6    0000000a     --HOLE-- [fill = 0]
                  7001a500    00000056                                              : udma_event.obj (.text.Udma_eventGetGlobalHandle)
                  7001a556    0000000a     --HOLE-- [fill = 0]
                  7001a560    00000054                                              : csl_pktdma.obj (.text.CSL_pktdmaIsValidChanIdx)
                  7001a5b4    0000000c     --HOLE-- [fill = 0]
                  7001a5c0    00000054                                              : ospi_v0.obj (.text.OSPI_setNumAddrBytes)
                  7001a614    0000000c     --HOLE-- [fill = 0]
                  7001a620    00000054                                              : sciclient_procboot.obj (.text.Sciclient_procBootSetProcessorCfg)
[...]
70022aa4  vint_usage_count_DMASS0_INTAGGR_0                                             
70022b5c  gCoreBootInfo                                                                 
70022dd0  gFlashDevCfg_S28HS512T                                                        
70023048  gRmIrInstances                                                                
700230a8  gUartParams                                                                   
70023100  gUdmaRmSharedResPrms                                                          
70023190  gFlashAttrs_S28HS512T                                                         
700231c8  gPhyTuneWindowParamsFixedOtp1                                                 
700231fc  gPhyTuneWindowParamsFixedOtp2                                                 
70023230  gSocModulesClockFrequency                                                     
70023260  gBootloaderConfig                                                             
70023288  gOspiUdma0Args                                                                
700232b0  gFlashNorOspiFxns                                                             
700232d4  gFlashToSpiProtocolMap                                                        
70023338  gRmIaInstances                                                                
70023358  gSciclientSecProxyCfg                                                         
70023378  gSocModules                                                                   
70023394  gBootloaderFlashFxns                                                          
700233ac  gBootloaderMemFxns                                                            
700233c4  gClockConfig                                                                  
700233dc  gFlashConfig                                                                  
7002340c  gResMemSection                                                                
70023434  gBootloader0Args                                                              
70023454  gAddrTranslateConfig                                                          
70023460  gOspiDmaUdmaFxns                                                              
7002346c  gFlashParams                                                                  
70023474  gMemBootloaderArgs                                                            
7002347c  gOspiConfig                                                                   
70023484  gOspiDmaConfig                                                                
7002349c  gUartConfig                                                                   
700234a4  gBootloaderConfigNum                                                          
700234b0  gDebugLogZone                                                                 
700234b4  gDebugP_uartDrvIndex                                                          
700234b8  gFlashConfigNum                                                               
700234bc  gHwiConfig                                                                    
700234c0  gOspiConfigNum                                                                
700234c4  gOspiDmaConfigNum                                                             
700234c8  gOspiParams                                                                   
700234cc  gPhyTuneWindowParams                                                          
700234d0  gUartConfigNum                                                                
700234d4  gUartDmaChConfig                                                              
700234d8  operatingMode                                                                 
700234e0  gUdmaRmDefBoardCfg_Pktdma                                                     
70023684  gSciclientMap                                                                 
700237ec  gUdmaTxMappedChRingAttributes                                                 
70023924  gUdmaRxMappedChRingAttributes                                                 
700239c0  gUdmaRmDefBoardCfg_Bcdma                                                      
70023a44  tisci_if_TIMESYNC_EVENT_INTROUTER0                                            
70023aac  gCacheConfig                                                                  
70023ab4  gMpuConfig                                                                    
70023ac0  gMpuRegionConfig                                                              
70023b74  gRmIrqTree                                                                    
70023bcc  gCacheL1dCacheLineSize                                                        
70023c20  gSOC_r5fVectors                                                               
70023ffc  tisci_if_MAIN_GPIOMUX_INTROUTER0                                              
700241c0  tisci_if_DMASS0_INTAGGR_0                                                     
70024600  tisci_if_MCU_MCU_GPIOMUX_INTROUTER0                                           
70024750  tisci_if_CPTS0                                                                
700248d8  tisci_if_PRU_ICSSG0                                                           
700248f4  tisci_if_PRU_ICSSG1                                                           
70024acc  tisci_if_CMP_EVENT_INTROUTER0                                                 
70024be8  tisci_if_PCIE0                                                                
70024d84  tisci_if_CPSW0                                                                
70024ebc  CMP_EVENT_INTROUTER0_outp_0_15_to_GICSS0_spi_48_63                            
70024ec4  CMP_EVENT_INTROUTER0_outp_16_23_to_R5FSS0_CORE0_intr_48_55                    
70024ecc  CMP_EVENT_INTROUTER0_outp_16_23_to_R5FSS0_CORE1_intr_48_55                    
70024ed4  CMP_EVENT_INTROUTER0_outp_24_31_to_R5FSS1_CORE0_intr_48_55                    
70024edc  CMP_EVENT_INTROUTER0_outp_24_31_to_R5FSS1_CORE1_intr_48_55                    
70024ee4  CMP_EVENT_INTROUTER0_outp_32_39_to_DMASS0_INTAGGR_0_intaggr_levi_pend_0_7     
70024eec  CPSW0_cpts_comp_0_0_to_CMP_EVENT_INTROUTER0_in_80_80                          
70024ef4  CPSW0_cpts_genf0_1_1_to_TIMESYNC_EVENT_INTROUTER0_in_21_21                    
70024efc  CPSW0_cpts_genf1_2_2_to_TIMESYNC_EVENT_INTROUTER0_in_22_22                    
70024f04  CPSW0_cpts_sync_3_3_to_TIMESYNC_EVENT_INTROUTER0_in_34_34                     
70024f0c  CPTS0_cpts_comp_0_0_to_CMP_EVENT_INTROUTER0_in_82_82                          
70024f14  CPTS0_cpts_genf0_1_1_to_TIMESYNC_EVENT_INTROUTER0_in_16_16                    
70024f1c  CPTS0_cpts_genf1_2_2_to_TIMESYNC_EVENT_INTROUTER0_in_17_17                    
70024f24  CPTS0_cpts_genf2_3_3_to_TIMESYNC_EVENT_INTROUTER0_in_18_18                    
70024f2c  CPTS0_cpts_genf3_4_4_to_TIMESYNC_EVENT_INTROUTER0_in_19_19                    
70024f34  CPTS0_cpts_genf4_5_5_to_TIMESYNC_EVENT_INTROUTER0_in_20_20                    
70024f3c  CPTS0_cpts_genf5_6_6_to_TIMESYNC_EVENT_INTROUTER0_in_24_24                    
70024f44  CPTS0_cpts_sync_7_7_to_TIMESYNC_EVENT_INTROUTER0_in_35_35                     
70024f4c  DMASS0_INTAGGR_0_intaggr_vintr_pend_0_39_to_GICSS0_spi_64_103                 
70024f54  DMASS0_INTAGGR_0_intaggr_vintr_pend_120_127_to_R5FSS1_CORE0_intr_8_15         
70024f5c  DMASS0_INTAGGR_0_intaggr_vintr_pend_128_135_to_R5FSS1_CORE1_intr_8_15         
70024f64  DMASS0_INTAGGR_0_intaggr_vintr_pend_152_159_to_PRU_ICSSG0_pr1_slv_intr_16_23  
70024f6c  DMASS0_INTAGGR_0_intaggr_vintr_pend_160_167_to_PRU_ICSSG1_pr1_slv_intr_16_23  
70024f74  DMASS0_INTAGGR_0_intaggr_vintr_pend_168_183_to_MCU_M4FSS0_CORE0_nvic_32_47    
70024f7c  DMASS0_INTAGGR_0_intaggr_vintr_pend_40_71_to_R5FSS0_CORE0_intr_64_95          
70024f84  DMASS0_INTAGGR_0_intaggr_vintr_pend_40_71_to_R5FSS0_CORE1_intr_64_95          
70024f8c  DMASS0_INTAGGR_0_intaggr_vintr_pend_72_79_to_R5FSS0_CORE0_intr_8_15           
70024f94  DMASS0_INTAGGR_0_intaggr_vintr_pend_80_87_to_R5FSS0_CORE1_intr_8_15           
70024f9c  DMASS0_INTAGGR_0_intaggr_vintr_pend_88_119_to_R5FSS1_CORE0_intr_64_95         
70024fa4  DMASS0_INTAGGR_0_intaggr_vintr_pend_88_119_to_R5FSS1_CORE1_intr_64_95         
70024fac  EPWM0_epwm_synco_o_0_0_to_TIMESYNC_EVENT_INTROUTER0_in_39_39                  
70024fb4  EPWM3_epwm_synco_o_0_0_to_TIMESYNC_EVENT_INTROUTER0_in_40_40                  
70024fbc  EPWM6_epwm_synco_o_0_0_to_TIMESYNC_EVENT_INTROUTER0_in_41_41                  
70024fc4  GPIO0_gpio_0_89_to_MAIN_GPIOMUX_INTROUTER0_in_0_89                            
70024fcc  GPIO0_gpio_bank_90_98_to_MAIN_GPIOMUX_INTROUTER0_in_190_198                   
70024fd4  GPIO1_gpio_0_89_to_MAIN_GPIOMUX_INTROUTER0_in_90_179                          
70024fdc  GPIO1_gpio_bank_90_98_to_MAIN_GPIOMUX_INTROUTER0_in_180_188                   
70024fe4  GPMC0_gpmc_sdmareq_0_0_to_DMASS0_INTAGGR_0_intaggr_levi_pend_29_29            
70024fec  GTC0_gtc_push_event_0_0_to_TIMESYNC_EVENT_INTROUTER0_in_36_36                 
70024ff4  MAIN_GPIOMUX_INTROUTER0_outp_0_15_to_GICSS0_spi_32_47                         
70024ffc  MAIN_GPIOMUX_INTROUTER0_outp_0_15_to_R5FSS0_CORE0_intr_32_47                  
70025004  MAIN_GPIOMUX_INTROUTER0_outp_0_15_to_R5FSS0_CORE1_intr_32_47                  
7002500c  MAIN_GPIOMUX_INTROUTER0_outp_0_15_to_R5FSS1_CORE0_intr_32_47                  
70025014  MAIN_GPIOMUX_INTROUTER0_outp_0_15_to_R5FSS1_CORE1_intr_32_47                  
7002501c  MAIN_GPIOMUX_INTROUTER0_outp_16_17_to_DMASS0_INTAGGR_0_intaggr_levi_pend_24_25
70025024  MAIN_GPIOMUX_INTROUTER0_outp_18_23_to_PRU_ICSSG0_pr1_iep0_cap_intr_req_4_9    
7002502c  MAIN_GPIOMUX_INTROUTER0_outp_18_23_to_PRU_ICSSG1_pr1_iep0_cap_intr_req_4_9    
70025034  MAIN_GPIOMUX_INTROUTER0_outp_24_29_to_PRU_ICSSG0_pr1_iep1_cap_intr_req_10_15  
7002503c  MAIN_GPIOMUX_INTROUTER0_outp_24_29_to_PRU_ICSSG1_pr1_iep1_cap_intr_req_10_15  
70025044  MAIN_GPIOMUX_INTROUTER0_outp_30_37_to_DMASS0_INTAGGR_0_intaggr_levi_pend_16_23
7002504c  MAIN_GPIOMUX_INTROUTER0_outp_38_45_to_PRU_ICSSG0_pr1_slv_intr_46_53           
70025054  MAIN_GPIOMUX_INTROUTER0_outp_46_53_to_PRU_ICSSG1_pr1_slv_intr_46_53           
7002505c  MCU_GPIO0_gpio_0_29_to_MCU_MCU_GPIOMUX_INTROUTER0_in_0_29                     
70025064  MCU_GPIO0_gpio_bank_30_31_to_MCU_MCU_GPIOMUX_INTROUTER0_in_30_31              
7002506c  MCU_MCU_GPIOMUX_INTROUTER0_outp_0_3_to_GICSS0_spi_104_107                     
70025074  MCU_MCU_GPIOMUX_INTROUTER0_outp_0_3_to_R5FSS0_CORE0_intr_104_107              
7002507c  MCU_MCU_GPIOMUX_INTROUTER0_outp_0_3_to_R5FSS0_CORE1_intr_104_107              
70025084  MCU_MCU_GPIOMUX_INTROUTER0_outp_0_3_to_R5FSS1_CORE0_intr_104_107              
7002508c  MCU_MCU_GPIOMUX_INTROUTER0_outp_0_3_to_R5FSS1_CORE1_intr_104_107              
70025094  MCU_MCU_GPIOMUX_INTROUTER0_outp_4_7_to_MCU_M4FSS0_CORE0_nvic_0_3              
7002509c  MCU_MCU_GPIOMUX_INTROUTER0_outp_8_11_to_MCU_ESM0_esm_pls_event0_88_91         
700250a4  MCU_MCU_GPIOMUX_INTROUTER0_outp_8_11_to_MCU_ESM0_esm_pls_event1_92_95         
700250ac  MCU_MCU_GPIOMUX_INTROUTER0_outp_8_11_to_MCU_ESM0_esm_pls_event2_96_99         
700250b4  PCIE0_pcie_cpts_comp_0_0_to_CMP_EVENT_INTROUTER0_in_81_81                     
700250bc  PCIE0_pcie_cpts_genf0_1_1_to_TIMESYNC_EVENT_INTROUTER0_in_23_23               
700250c4  PCIE0_pcie_cpts_hw1_push_2_2_to_TIMESYNC_EVENT_INTROUTER0_in_37_37            
700250cc  PCIE0_pcie_cpts_sync_3_3_to_TIMESYNC_EVENT_INTROUTER0_in_33_33                
700250d4  PCIE0_pcie_ptm_valid_pulse_4_4_to_TIMESYNC_EVENT_INTROUTER0_in_38_38          
700250dc  PRU_ICSSG0_pr1_edc0_sync0_out_0_0_to_TIMESYNC_EVENT_INTROUTER0_in_25_25       
700250e4  PRU_ICSSG0_pr1_edc0_sync1_out_1_1_to_TIMESYNC_EVENT_INTROUTER0_in_26_26       
700250ec  PRU_ICSSG0_pr1_edc1_sync0_out_2_2_to_TIMESYNC_EVENT_INTROUTER0_in_27_27       
700250f4  PRU_ICSSG0_pr1_edc1_sync1_out_3_3_to_TIMESYNC_EVENT_INTROUTER0_in_28_28       
700250fc  PRU_ICSSG0_pr1_host_intr_req_4_11_to_CMP_EVENT_INTROUTER0_in_0_7              
70025104  PRU_ICSSG0_pr1_iep0_cmp_intr_req_12_27_to_CMP_EVENT_INTROUTER0_in_16_31       
7002510c  PRU_ICSSG0_pr1_iep1_cmp_intr_req_28_43_to_CMP_EVENT_INTROUTER0_in_32_47       
70025114  PRU_ICSSG1_pr1_edc0_sync0_out_0_0_to_TIMESYNC_EVENT_INTROUTER0_in_29_29       
7002511c  PRU_ICSSG1_pr1_edc0_sync1_out_1_1_to_TIMESYNC_EVENT_INTROUTER0_in_30_30       
70025124  PRU_ICSSG1_pr1_edc1_sync0_out_2_2_to_TIMESYNC_EVENT_INTROUTER0_in_31_31       
7002512c  PRU_ICSSG1_pr1_edc1_sync1_out_3_3_to_TIMESYNC_EVENT_INTROUTER0_in_32_32       
70025134  PRU_ICSSG1_pr1_host_intr_req_4_11_to_CMP_EVENT_INTROUTER0_in_8_15             
7002513c  PRU_ICSSG1_pr1_iep0_cmp_intr_req_12_27_to_CMP_EVENT_INTROUTER0_in_48_63       
70025144  PRU_ICSSG1_pr1_iep1_cmp_intr_req_28_43_to_CMP_EVENT_INTROUTER0_in_64_79       
7002514c  TIMER0_timer_pwm_0_0_to_TIMESYNC_EVENT_INTROUTER0_in_0_0                      
70025154  TIMER1_timer_pwm_0_0_to_TIMESYNC_EVENT_INTROUTER0_in_1_1                      
7002515c  TIMER2_timer_pwm_0_0_to_TIMESYNC_EVENT_INTROUTER0_in_2_2                      
70025164  TIMER3_timer_pwm_0_0_to_TIMESYNC_EVENT_INTROUTER0_in_3_3                      
7002516c  TIMESYNC_EVENT_INTROUTER0_outl_0_7_to_DMASS0_INTAGGR_0_intaggr_levi_pend_8_15 
70025174  TIMESYNC_EVENT_INTROUTER0_outl_10_10_to_PRU_ICSSG0_pr1_edc1_latch0_in_2_2     
7002517c  TIMESYNC_EVENT_INTROUTER0_outl_11_11_to_PRU_ICSSG0_pr1_edc1_latch1_in_3_3     
70025184  TIMESYNC_EVENT_INTROUTER0_outl_12_12_to_PRU_ICSSG1_pr1_edc0_latch0_in_0_0     
7002518c  TIMESYNC_EVENT_INTROUTER0_outl_13_13_to_PRU_ICSSG1_pr1_edc0_latch1_in_1_1     
70025194  TIMESYNC_EVENT_INTROUTER0_outl_14_14_to_PRU_ICSSG1_pr1_edc1_latch0_in_2_2     
7002519c  TIMESYNC_EVENT_INTROUTER0_outl_15_15_to_PRU_ICSSG1_pr1_edc1_latch1_in_3_3     
700251a4  TIMESYNC_EVENT_INTROUTER0_outl_16_16_to_CPTS0_cpts_hw1_push_0_0               
700251ac  TIMESYNC_EVENT_INTROUTER0_outl_17_17_to_CPTS0_cpts_hw2_push_1_1               
700251b4  TIMESYNC_EVENT_INTROUTER0_outl_18_18_to_CPTS0_cpts_hw3_push_2_2               
700251bc  TIMESYNC_EVENT_INTROUTER0_outl_19_19_to_CPTS0_cpts_hw4_push_3_3               
700251c4  TIMESYNC_EVENT_INTROUTER0_outl_20_20_to_CPTS0_cpts_hw5_push_4_4               
700251cc  TIMESYNC_EVENT_INTROUTER0_outl_21_21_to_CPTS0_cpts_hw6_push_5_5               
700251d4  TIMESYNC_EVENT_INTROUTER0_outl_22_22_to_CPTS0_cpts_hw7_push_6_6               
700251dc  TIMESYNC_EVENT_INTROUTER0_outl_23_23_to_CPTS0_cpts_hw8_push_7_7               
700251e4  TIMESYNC_EVENT_INTROUTER0_outl_29_29_to_PCIE0_pcie_cpts_hw2_push_0_0          
700251ec  TIMESYNC_EVENT_INTROUTER0_outl_30_30_to_CPSW0_cpts_hw1_push_0_0               
700251f4  TIMESYNC_EVENT_INTROUTER0_outl_31_31_to_CPSW0_cpts_hw2_push_1_1               
700251fc  TIMESYNC_EVENT_INTROUTER0_outl_32_32_to_CPSW0_cpts_hw3_push_2_2               
70025204  TIMESYNC_EVENT_INTROUTER0_outl_33_33_to_CPSW0_cpts_hw4_push_3_3               
7002520c  TIMESYNC_EVENT_INTROUTER0_outl_34_34_to_CPSW0_cpts_hw5_push_4_4               
70025214  TIMESYNC_EVENT_INTROUTER0_outl_35_35_to_CPSW0_cpts_hw6_push_5_5               
7002521c  TIMESYNC_EVENT_INTROUTER0_outl_36_36_to_CPSW0_cpts_hw7_push_6_6               
70025224  TIMESYNC_EVENT_INTROUTER0_outl_37_37_to_CPSW0_cpts_hw8_push_7_7               
7002522c  TIMESYNC_EVENT_INTROUTER0_outl_8_8_to_PRU_ICSSG0_pr1_edc0_latch0_in_0_0       
70025234  TIMESYNC_EVENT_INTROUTER0_outl_9_9_to_PRU_ICSSG0_pr1_edc0_latch1_in_1_1       
7002525c  tisci_if_GPIO0                                                                
70025264  tisci_if_GPIO1                                                                
7002526c  tisci_if_MCU_GPIO0                                                            
70025374  gCacheL1pCacheLineSize                                                        
70025378  gRmIrqTreeCount                                                               
70025384  tisci_if_EPWM0                                                                
70025388  tisci_if_EPWM3                                                                
7002538c  tisci_if_EPWM6                                                                
70025390  tisci_if_GPMC0                                                                
70025394  tisci_if_GTC0                                                                 
70025398  tisci_if_TIMER0                                                               
7002539c  tisci_if_TIMER1                                                               
700253a0  tisci_if_TIMER2                                                               
700253a4  tisci_if_TIMER3                                                               
70070000  __stack                                                                       
70070000  __start___llvm_prf_bits                                                       
70070000  __start___llvm_prf_cnts                                                       
70070000  __stop___llvm_prf_bits                                                        
70070000  __stop___llvm_prf_cnts                                                        
70074000  __BSS_START                                                                   
70074000  __STACK_END                                                                   
70074000  gHwiCtrl                                                                      
70075750  gProfileObj                                                                   
70075a00  gClockCtrl                                                                    
70075a60  gFlashObject_S28HS512T                                                        
70075a88  gFlashHandle                                                                  
70075a8c  gOspiHandle                                                                   
70075a90  gUartHandle                                                                   
70075b00  __BSS_END                                                                     
70075b00  __IRQ_STACK_START                                                             
70076b00  __FIQ_STACK_START                                                             
70076b00  __IRQ_STACK_END                                                               
70076c00  __FIQ_STACK_END                                                               
70076c00  __SVC_STACK_START                                                             
70076d00  __ABORT_STACK_START                                                           
70076d00  __SVC_STACK_END                                                               
70076e00  __ABORT_STACK_END                                                             
70076e00  __UNDEFINED_STACK_START                                                       
70076f00  __UNDEFINED_STACK_END                                                         
ffffffff  __TI_pprof_out_hndl                                                           
ffffffff  __TI_prof_data_size                                                           
ffffffff  __TI_prof_data_start                                                          
ffffffff  __binit__                                                                     
ffffffff  binit                                                                         
UNDEFED   __TI_CINIT_Base                                                               
UNDEFED   __TI_CINIT_Limit                                                              
UNDEFED   __TI_Handler_Table_Base                                                       
UNDEFED   __TI_Handler_Table_Limit                                                      
UNDEFED   _system_post_cinit                                                            

[790 symbols]
