******************************************************************************
            TI ARM Clang Linker Unix v3.2.2                    
******************************************************************************
>> Linked Sun Aug  4 01:58:15 2024

OUTPUT FILE NAME:   <sbl_emmc_linux.release.out>
ENTRY POINT SYMBOL: "_vectors_sbl"  address: 70000000


MEMORY CONFIGURATION

         name            origin    length      used     unused   attr    fill
----------------------  --------  ---------  --------  --------  ----  --------
  R5F_VECS              00000000   00000040  00000000  00000040  RWIX
  R5F_TCMA              00000040   00007fc0  00000000  00007fc0  RWIX
  R5F_TCMB0             41010000   00008000  00000000  00008000  RWIX
  MSRAM_VECS            70000000   00000100  00000040  000000c0  RWIX
  MSRAM_0               70000100   0006ff00  00013be0  0005c320  RWIX
  MSRAM_1               70070000   00010000  0000ef80  00001080  RWIX
  APPIMAGE              82000000   00800000  00800000  00000000  RWIX


SEGMENT ALLOCATION MAP

run origin  load origin   length   init length attrs members
----------  ----------- ---------- ----------- ----- -------
70000000    70000000    00000040   00000040    r-x
  70000000    70000000    00000040   00000040    r-x .vectors
70000100    70000100    0000f8a0   0000f8a0    r-x
  70000100    70000100    0000e960   0000e960    r-x .text
  7000ea60    7000ea60    00000760   00000760    r-x .text.hwi
  7000f1c0    7000f1c0    00000430   00000430    r-x .text.cache
  7000f5f0    7000f5f0    00000220   00000220    r-x .text.mpu
  7000f810    7000f810    00000190   00000190    r-x .text.boot
7000f9a0    7000f9a0    00002460   00002460    rw-
  7000f9a0    7000f9a0    00002460   00002460    rw- .data
70011e00    70011e00    00001ee0   00001ee0    r--
  70011e00    70011e00    00001ee0   00001ee0    r-- .rodata
70070000    70070000    0000db80   00000000    rw-
  70070000    70070000    00008000   00000000    rw- .sysmem
  70078000    70078000    00004000   00000000    rw- .stack
  7007c000    7007c000    00001b80   00000000    rw- .bss
7007db80    7007db80    00001400   00000000    r--
  7007db80    7007db80    00001000   00000000    r-- .irqstack
  7007eb80    7007eb80    00000100   00000000    r-- .fiqstack
  7007ec80    7007ec80    00000100   00000000    r-- .svcstack
  7007ed80    7007ed80    00000100   00000000    r-- .abortstack
  7007ee80    7007ee80    00000100   00000000    r-- .undefinedstack
82000000    82000000    00800000   00000000    rw-
  82000000    82000000    00800000   00000000    rw- .app


SECTION ALLOCATION MAP

 output                                  attributes/
section   page    origin      length       input sections
--------  ----  ----------  ----------   ----------------
.vectors   0    70000000    00000040     
                  70000000    00000040     nortos.am64x.r5f.ti-arm-clang.release.lib : HwiP_armv7r_vectors_nortos_sbl_asm.obj (.vectors)

.text      0    70000100    0000e960     
                  70000100    00000ddc     libc.a : _printfi.c.obj (.text:__TI_printfi_nofloat)
                  70000edc    00000cec     drivers.am64x.r5f.ti-arm-clang.release.lib : mmcsd_v0.obj (.text.MMCSD_open)
                  70001bc8    0000083c                                                : mmcsd_v0.obj (.text.MMCSD_transfer)
                  70002404    00000620                                                : sciclient_rm_irq.obj (.text.Sciclient_rmIrqFindRoute)
                  70002a24    00000598     nortos.am64x.r5f.ti-arm-clang.release.lib : printf.obj (.text._vsnprintf)
                  70002fbc    00000522     drivers.am64x.r5f.ti-arm-clang.release.lib : udma_ch.obj (.text.Udma_chDisable)
                  700034de    00000002     ti_dpl_config.obj (.text.Dpl_deinit)
                  700034e0    0000045e     drivers.am64x.r5f.ti-arm-clang.release.lib : udma_event.obj (.text.Udma_eventRegister)
                  7000393e    000003ec                                                : ddr.obj (.text.DDR_init)
                  70003d2a    000003a4                                                : udma_ch.obj (.text.Udma_chOpen)
                  700040ce    000003a0                                                : sciclient.obj (.text.Sciclient_service)
                  7000446e    00000002                                                : bootloader_mmcsd_raw.obj (.text.MMCSDRaw_imgClose)
                  70004470    00000398     nortos.am64x.r5f.ti-arm-clang.release.lib : printf.obj (.text._ftoa)
                  70004808    00000390     drivers.am64x.r5f.ti-arm-clang.release.lib : uart_v0.obj (.text.UART_open)
                  70004b98    00000310     nortos.am64x.r5f.ti-arm-clang.release.lib : printf.obj (.text._etoa)
                  70004ea8    0000028c     drivers.am64x.r5f.ti-arm-clang.release.lib : sciclient_rm_irq.obj (.text.Sciclient_rmIrqGetRoute)
                  70005134    00000280                                                : uart_v0_lld.obj (.text.UART_configInstance)
                  700053b4    00000250                                                : bootloader.obj (.text.Bootloader_verifyMulticoreImage)
                  70005604    0000021e                                                : bootloader_soc.obj (.text.Bootloader_socCpuResetRelease)
                  70005822    00000002                                                : mmcsd_v0.obj (.text.MMCSD_isr)
                  70005824    0000020e                                                : bootloader_soc.obj (.text.Bootloader_socCpuPowerOnResetR5f)
                  70005a32    00000002                                                : bootloader_mem.obj (.text.Mem_imgClose)
                  70005a34    0000020a                                                : udma_event.obj (.text.Udma_eventUnRegister)
                  70005c3e    00000206                                                : uart_v0_lld.obj (.text.UART_lld_controllerIsr)
                  70005e44    00000202                                                : sciclient_rm_irq.obj (.text.Sciclient_rmProgramInterruptRoute)
                  70006046    000001e4     main.obj (.text.main)
                  7000622a    000001d4     drivers.am64x.r5f.ti-arm-clang.release.lib : uart_dma_udma.obj (.text.UART_lld_dmaInit)
                  700063fe    00000002     nortos.am64x.r5f.ti-arm-clang.release.lib : SemaphoreP_nortos.obj (.text.SemaphoreP_destruct)
                  70006400    000001d0     libclang_rt.builtins.a : udivsi3.S.obj (.text.__udivsi3)
                  700065d0    000001ca     drivers.am64x.r5f.ti-arm-clang.release.lib : csl_bcdma.obj (.text.CSL_bcdmaChanOp)
                  7000679a    000001c0     nortos.am64x.r5f.ti-arm-clang.release.lib : TimerP.obj (.text.TimerP_setup)
                  7000695a    000001b0     drivers.am64x.r5f.ti-arm-clang.release.lib : sciclient_rm_irq.obj (.text.Sciclient_rmClearInterruptRoute)
                  70006b0a    00000198                                                : uart_v0_lld.obj (.text.UART_lld_initDma)
                  70006ca2    00000190                                                : udma_ring_common.obj (.text.Udma_ringAlloc)
                  70006e32    00000182                                                : uart_v0_lld.obj (.text.UART_lld_init)
                  70006fb4    00000174                                                : bootloader_soc.obj (.text.Bootloader_socCpuResetReleaseSelf)
                  70007128    00000152                                                : mmcsd_v0.obj (.text.MMCSD_phyConfigure)
                  7000727a    00000152     nortos.am64x.r5f.ti-arm-clang.release.lib : printf.obj (.text._ntoa_format)
                  700073cc    00000004     ti_board_open_close.obj (.text.Board_driversOpen)
                  700073d0    00000148     drivers.am64x.r5f.ti-arm-clang.release.lib : bootloader_profile.obj (.text.Bootloader_profilePrintProfileLog)
                  70007518    00000148                                                : csl_bcdma.obj (.text.CSL_bcdmaChanOpCfgChan)
                  70007660    00000144                                                : uart_v0.obj (.text.UART_close)
                  700077a4    00000142                                                : uart_v0_lld.obj (.text.UART_lld_write)
                  700078e6    00000140                                                : sciclient_rm_irq.obj (.text.Sciclient_rmIrqProgramRoute)
                  70007a26    0000013c                                                : udma_ch.obj (.text.Udma_chConfigRx)
                  70007b62    00000134                                                : sciclient_rm_irq.obj (.text.Sciclient_rmIrqDeleteRoute)
                  70007c96    00000132                                                : soc.obj (.text.SOC_moduleSetClockFrequency)
                  70007dc8    00000126                                                : soc.obj (.text.SOC_unlockAllMMR)
                  70007eee    00000120                                                : lpddr4_16bit.obj (.text.LPDDR4_CheckCtlInterrupt)
                  7000800e    00000118                                                : soc.obj (.text.SOC_moduleSetClockFrequencyWithParent)
                  70008126    00000002     nortos.am64x.r5f.ti-arm-clang.release.lib : TaskP_nortos.obj (.text.TaskP_yield)
                  70008128    00000118     libclang_rt.builtins.a : udivmoddi4.S.obj (.text)
                  70008240    00000112     drivers.am64x.r5f.ti-arm-clang.release.lib : bootloader_soc.obj (.text.Bootloader_socCpuPowerOnResetM4f)
                  70008352    00000112                                                : lpddr4_16bit.obj (.text.LPDDR4_AckCtlInterrupt)
                  70008464    00000102     nortos.am64x.r5f.ti-arm-clang.release.lib : ClockP_nortos_r5.obj (.text.ClockP_init)
                  70008566    000000fa     main.obj (.text.App_loadImages)
                  70008660    000000fa     drivers.am64x.r5f.ti-arm-clang.release.lib : udma_flow.obj (.text.Udma_flowConfig)
                  7000875a    000000f6                                                : mmcsd_v0.obj (.text.MMCSD_read)
                  70008850    000000f6                                                : udma_ch.obj (.text.Udma_chEnable)
                  70008946    000000f4                                                : uart_v0.obj (.text.UART_write)
                  70008a3a    000000f0                                                : udma_ch.obj (.text.Udma_chFreeResource)
                  70008b2a    000000e8                                                : bootloader.obj (.text.Bootloader_parseAndLoadLinuxAppImage)
                  70008c12    000000de                                                : bootloader_mmcsd_raw.obj (.text.Bootloader_MmcsdRaw_readFromOffset)
                  70008cf0    000000da                                                : udma_ch.obj (.text.Udma_chConfigTx)
                  70008dca    000000d4                                                : bootloader.obj (.text.Bootloader_rprcImageLoad)
                  70008e9e    000000d2                                                : bootloader.obj (.text.Bootloader_parseMultiCoreAppImage)
                  70008f70    000000c8                                                : sciclient.obj (.text.Sciclient_getVersionCheck)
                  70009038    000000c2                                                : uart_dma_udma.obj (.text.UART_lld_dmaWrite)
                  700090fa    000000be                                                : mmcsd_v0.obj (.text.MMCSD_halSetBusFreq)
                  700091b8    000000ba                                                : bootloader.obj (.text.Bootloader_loadSelfCpu)
                  70009272    000000ba                                                : csl_bcdma.obj (.text.CSL_bcdmaChanOpTeardownChan)
                  7000932c    000000b8                                                : uart_v0_lld.obj (.text.UART_divisorLatchWrite)
                  700093e4    000000b0     nortos.am64x.r5f.ti-arm-clang.release.lib : printf.obj (.text._ntoa_long_long)
                  70009494    000000aa     drivers.am64x.r5f.ti-arm-clang.release.lib : sciclient_rm_irq.obj (.text.Sciclient_rmIaValidateMapping)
                  7000953e    000000aa                                                : uart_v0_lld.obj (.text.UART_procLineStatusErr)
                  700095e8    000000aa                                                : udma_rm.obj (.text.Udma_rmAllocMappedRxCh)
                  70009692    000000aa                                                : udma_rm.obj (.text.Udma_rmAllocMappedTxCh)
                  7000973c    000000a8                                                : mmcsd_v0.obj (.text.MMCSD_enableBootPartition)
                  700097e4    000000a6                                                : udma_ch.obj (.text.Udma_chConfigPdma)
                  7000988a    000000a6     nortos.am64x.r5f.ti-arm-clang.release.lib : printf.obj (.text._out_rev)
                  70009930    000000a4     drivers.am64x.r5f.ti-arm-clang.release.lib : sciclient_pm.obj (.text.Sciclient_pmQueryModuleClkFreq)
                  700099d4    000000a2                                                : sciclient_rm_irq.obj (.text.Sciclient_rmIrInpIsFree)
                  70009a76    000000a0                                                : bootloader.obj (.text.Bootloader_getMsgLen)
                  70009b16    000000a0                                                : udma_rm.obj (.text.Udma_rmAllocBlkCopyCh)
                  70009bb6    000000a0                                                : udma_rm.obj (.text.Udma_rmAllocBlkCopyHcCh)
                  70009c56    000000a0                                                : udma_rm.obj (.text.Udma_rmAllocBlkCopyUhcCh)
                  70009cf6    000000a0                                                : udma_rm.obj (.text.Udma_rmAllocIrIntr)
                  70009d96    000000a0                                                : udma_rm.obj (.text.Udma_rmAllocRxCh)
                  70009e36    000000a0                                                : udma_rm.obj (.text.Udma_rmAllocRxHcCh)
                  70009ed6    000000a0                                                : udma_rm.obj (.text.Udma_rmAllocRxUhcCh)
                  70009f76    000000a0                                                : udma_rm.obj (.text.Udma_rmAllocTxCh)
                  7000a016    000000a0                                                : udma_rm.obj (.text.Udma_rmAllocTxHcCh)
                  7000a0b6    000000a0                                                : udma_rm.obj (.text.Udma_rmAllocTxUhcCh)
                  7000a156    0000009e                                                : uart_v0.obj (.text.UART_flushTxFifo)
                  7000a1f4    0000009a                                                : sciclient.obj (.text.Sciclient_init)
                  7000a28e    0000009a                                                : sciclient.obj (.text.Sciclient_sendMessage)
                  7000a328    0000009a                                                : uart_dma_udma.obj (.text.UART_udmaDeInitCh)
                  7000a3c2    00000096                                                : mmcsd_priv.obj (.text.MMCSD_parseCSDSd)
                  7000a458    00000096     nortos.am64x.r5f.ti-arm-clang.release.lib : SemaphoreP_nortos.obj (.text.SemaphoreP_pend)
                  7000a4ee    00000094     drivers.am64x.r5f.ti-arm-clang.release.lib : uart_v0.obj (.text.UART_init)
                  7000a582    00000094                                                : udma_rm.obj (.text.Udma_rmAllocMappedRing)
                  7000a616    00000092                                                : sciclient_pm.obj (.text.Sciclient_pmSetModuleClkFreq)
                  7000a6a8    00000092                                                : udma_ch.obj (.text.Udma_chClose)
                  7000a73a    00000092                                                : udma_event.obj (.text.Udma_eventFreeResource)
                  7000a7cc    00000090                                                : bootloader_soc.obj (.text.Bootloader_socCpuSetEntryPoint)
                  7000a85c    00000090                                                : mmcsd_priv.obj (.text.MMCSD_parseECSDEmmc)
                  7000a8ec    0000008e                                                : csl_pktdma.obj (.text.CSL_pktdmaTeardownChan)
                  7000a97a    0000008c     nortos.am64x.r5f.ti-arm-clang.release.lib : printf.obj (.text._ntoa_long)
                  7000aa06    0000008a     drivers.am64x.r5f.ti-arm-clang.release.lib : mmcsd_priv.obj (.text.MMCSD_parseCIDEmmc)
                  7000aa90    0000008a                                                : udma_event.obj (.text.Udma_eventIsrFxn)
                  7000ab1a    00000086                                                : uart_v0_lld.obj (.text.UART_lld_writeIntr)
                  7000aba0    00000082                                                : mmcsd_v0.obj (.text.MMCSD_init)
                  7000ac22    00000080                                                : sciclient_boardcfg.obj (.text.Sciclient_boardCfgPm)
                  7000aca2    0000007e                                                : bootloader_soc.obj (.text.Bootloader_socOpenFirewalls)
                  7000ad20    0000007c                                                : mmcsd_v0.obj (.text.MMCSD_phyInit)
                  7000ad9c    0000007c                                                : pinmux.obj (.text.Pinmux_config)
                  7000ae18    0000007c                                                : sciclient_procboot.obj (.text.Sciclient_procBootWaitProcessorState)
                  7000ae94    0000007c                                                : sciclient_rm_irq.obj (.text.Sciclient_rmIrOutpIsFree)
                  7000af10    0000007c                                                : sciclient_rm_irq.obj (.text.Sciclient_rmIrqGetNode)
                  7000af8c    0000007a                                                : sciclient_pm.obj (.text.Sciclient_pmGetModuleClkNumParent)
                  7000b006    00000078                                                : bootloader_soc.obj (.text.Bootloader_socCpuSetClock)
                  7000b07e    00000078                                                : bootloader_soc.obj (.text.Bootloader_socOpenFirewallRegion)
                  7000b0f6    00000002                                                : uart_v0.obj (.text.UART_lld_errorCallback)
                  7000b0f8    00000078     libc.a : snprintf.c.obj (.text.snprintf)
                  7000b170    00000076     drivers.am64x.r5f.ti-arm-clang.release.lib : mmcsd_priv.obj (.text.MMCSD_parseCIDSd)
                  7000b1e6    00000076                                                : uart_v0_lld.obj (.text.UART_lld_writeDma)
                  7000b25c    00000072                                                : bootloader_soc.obj (.text.Bootloader_socCpuPowerOnResetA53)
                  7000b2ce    00000072                                                : csl_pktdma.obj (.text.CSL_pktdmaAccessChanPeerReg)
                  7000b340    00000072                                                : udma_rm.obj (.text.Udma_rmAllocVintrBit)
                  7000b3b2    00000002                                                : udma_rm.obj (.text.Udma_rmFreeFreeRing)
                  7000b3b4    00000070                                                : bootloader_soc.obj (.text.Bootloader_socMemInitCpu)
                  7000b424    0000006e                                                : lpddr4.obj (.text.LPDDR4_Start)
                  7000b492    0000006e                                                : soc.obj (.text.SOC_moduleClockEnable)
                  7000b500    0000006e                                                : sciclient_pm.obj (.text.Sciclient_pmGetModuleState)
                  7000b56e    0000006c                                                : soc.obj (.text.SOC_isR5FDualCoreMode)
                  7000b5da    0000006c                                                : uart_dma_udma.obj (.text.UART_udmaHpdInit)
                  7000b646    00000002     nortos.am64x.r5f.ti-arm-clang.release.lib : printf.obj (.text._out_null)
                  7000b648    0000006c     libc.a : atoi.c.obj (.text.atoi)
                  7000b6b4    00000068     nortos.am64x.r5f.ti-arm-clang.release.lib : AddrTranslateP.obj (.text.AddrTranslateP_getLocalAddr)
                  7000b71c    00000068     drivers.am64x.r5f.ti-arm-clang.release.lib : bootloader_soc.obj (.text.Bootloader_socCpuRelease)
                  7000b784    00000066                                                : bootloader_soc.obj (.text.Bootloader_socCpuRequest)
                  7000b7ea    00000066                                                : sciclient_pm.obj (.text.Sciclient_pmGetModuleClkFreq)
                  7000b850    00000066                                                : sciclient_pm.obj (.text.Sciclient_pmGetModuleClkParent)
                  7000b8b6    00000064                                                : bootloader_soc.obj (.text.Bootloader_socCpuGetClock)
                  7000b91a    00000064                                                : csl_bcdma.obj (.text.CSL_bcdmaDoChanOp)
                  7000b97e    00000064                                                : csl_emif.obj (.text.CSL_emifConfig)
                  7000b9e2    00000064                                                : mmcsd_v0.obj (.text.MMCSD_isReadyForTransfer)
                  7000ba46    00000064                                                : sciclient_pm.obj (.text.Sciclient_pmModuleGetClkStatus)
                  7000baaa    00000064                                                : uart_v0_lld.obj (.text.UART_writeCancelNoCB)
                  7000bb0e    00000062                                                : sciclient.obj (.text.Sciclient_waitForBootNotification)
                  7000bb70    00000062                                                : udma_ring_common.obj (.text.Udma_ringFree)
                  7000bbd2    00000062                                                : udma_ring_common.obj (.text.Udma_ringQueueRaw)
                  7000bc34    00000060                                                : mmcsd_v0.obj (.text.MMCSD_cmdStatusPollingFxn)
                  7000bc94    00000060                                                : uart_v0_lld.obj (.text.UART_intrDisable)
                  7000bcf4    00000060                                                : udma_rm.obj (.text.Udma_rmFreeMappedRing)
                  7000bd54    00000060     nortos.am64x.r5f.ti-arm-clang.release.lib : PmuP_armv7r.obj (.text.pmu)
                  7000bdb4    0000005e     drivers.am64x.r5f.ti-arm-clang.release.lib : bootloader.obj (.text.Bootloader_runCpu)
                  7000be12    0000005e     nortos.am64x.r5f.ti-arm-clang.release.lib : ClockP_nortos.obj (.text.ClockP_timerTickIsr)
                  7000be70    0000005e     drivers.am64x.r5f.ti-arm-clang.release.lib : sciclient_pm.obj (.text.Sciclient_pmModuleClkRequest)
                  7000bece    0000005e                                                : sciclient_pm.obj (.text.Sciclient_pmSetModuleClkParent)
                  7000bf2c    0000005e                                                : uart_dma_udma.obj (.text.UART_lld_dmaDisableChannel)
                  7000bf8a    0000005c     main.obj (.text.App_runCpus)
                  7000bfe6    0000005c     drivers.am64x.r5f.ti-arm-clang.release.lib : csl_bcdma.obj (.text.CSL_bcdmaChanOpGetChanStats)
                  7000c042    0000005c                                                : csl_bcdma.obj (.text.CSL_bcdmaChanOpSetChanPause)
                  7000c09e    0000005c                                                : sciclient_procboot.obj (.text.Sciclient_procBootSetSequenceCtrl)
                  7000c0fa    0000005c                                                : uart_dma_udma.obj (.text.UART_udmaIsrRx)
                  7000c156    0000005c                                                : uart_dma_udma.obj (.text.UART_udmaIsrTx)
                  7000c1b2    0000005c                                                : udma_rm.obj (.text.Udma_rmAllocEvent)
                  7000c20e    0000005c                                                : udma_rm.obj (.text.Udma_rmAllocVintr)
                  7000c26a    0000005c     nortos.am64x.r5f.ti-arm-clang.release.lib : DebugP_log.obj (.text._DebugP_assert)
                  7000c2c6    0000005a     drivers.am64x.r5f.ti-arm-clang.release.lib : uart_v0_lld.obj (.text.UART_lld_flushTxFifo)
                  7000c320    0000005a                                                : udma_ring_common.obj (.text.Udma_ringDequeueRaw)
                  7000c37a    00000002     --HOLE-- [fill = 0]
                  7000c37c    00000058     libc.a : snprintf.c.obj (.text._outs)
                  7000c3d4    00000058            : autoinit.c.obj (.text:__TI_auto_init_nobinit_nopinit)
                  7000c42c    00000056     nortos.am64x.r5f.ti-arm-clang.release.lib : ClockP_nortos.obj (.text.ClockP_getTimeUsec)
                  7000c482    00000054     drivers.am64x.r5f.ti-arm-clang.release.lib : csl_bcdma.obj (.text.CSL_bcdmaChanOpDecChanStats)
                  7000c4d6    00000054                                                : csl_bcdma.obj (.text.CSL_bcdmaChanOpGetChanRT)
                  7000c52a    00000054                                                : csl_intaggr.obj (.text.CSL_intaggrIsIntrPending)
                  7000c57e    00000054                                                : mmcsd_v0.obj (.text.MMCSD_halSendCommand)
                  7000c5d2    00000054                                                : sciclient_rm.obj (.text.Sciclient_rmGetResourceRange)
                  7000c626    00000052                                                : mmcsd_v0.obj (.text.MMCSD_close)
                  7000c678    00000052                                                : sciclient_pm.obj (.text.Sciclient_pmSetModuleState)
                  7000c6ca    00000052                                                : uart_v0_lld.obj (.text.UART_lld_deInitDma)
                  7000c71c    00000050     nortos.am64x.r5f.ti-arm-clang.release.lib : ClockP_nortos.obj (.text.ClockP_addToList)
                  7000c76c    00000050                                               : ClockP_nortos.obj (.text.ClockP_construct)
                  7000c7bc    00000050     drivers.am64x.r5f.ti-arm-clang.release.lib : mmcsd_v0.obj (.text.MMCSD_halSetBusWidth)
                  7000c80c    00000050                                                : sciclient_soc_priv.obj (.text.Sciclient_getContext)
                  7000c85c    00000050                                                : udma_rm.obj (.text.Udma_rmFreeVintrBit)
                  7000c8ac    0000004e                                                : bootloader.obj (.text.Bootloader_findSeq)
                  7000c8fa    0000004e                                                : lpddr4.obj (.text.LPDDR4_ReadReg)
                  7000c948    0000004e                                                : sciclient_procboot.obj (.text.Sciclient_procBootReleaseProcessor)
                  7000c996    0000004e                                                : udma_soc.obj (.text.Udma_getMappedChRingAttributes)
                  7000c9e4    0000004c     ti_drivers_open_close.obj (.text.Drivers_mmcsdOpen)
                  7000ca30    0000004c     ti_drivers_open_close.obj (.text.Drivers_uartOpen)
                  7000ca7c    0000004c     ti_power_clock_config.obj (.text.Module_clockSetFrequency)
                  7000cac8    0000004c     drivers.am64x.r5f.ti-arm-clang.release.lib : udma_ch.obj (.text.UdmaChTxPrms_init)
                  7000cb14    0000004a                                                : csl_intaggr.obj (.text.CSL_intaggrClrIntr)
                  7000cb5e    0000004a                                                : pinmux.obj (.text.Pinmux_unlockMMR)
                  7000cba8    0000004a                                                : sciclient.obj (.text.Sciclient_triggerSecHandover)
                  7000cbf2    0000004a                                                : uart_v0_lld.obj (.text.UART_lld_deInit)
                  7000cc3c    0000004a                                                : udma_ch.obj (.text.UdmaChPrms_init)
                  7000cc86    0000004a                                                : udma_rm.obj (.text.Udma_rmFreeMappedRxCh)
                  7000ccd0    0000004a                                                : udma_rm.obj (.text.Udma_rmFreeMappedTxCh)
                  7000cd1a    00000048                                                : csl_bcdma.obj (.text.CSL_bcdmaChanOpSetChanRT)
                  7000cd62    00000048                                                : lpddr4.obj (.text.LPDDR4_WritePhyIndepConfig)
                  7000cdaa    00000048                                                : bootloader_mmcsd_raw.obj (.text.MMCSDRaw_imgRead)
                  7000cdf2    00000002     --HOLE-- [fill = 0]
                  7000cdf4    00000048     libc.a : memccpy.c.obj (.text.memccpy)
                  7000ce3c    00000046     drivers.am64x.r5f.ti-arm-clang.release.lib : lpddr4.obj (.text.LPDDR4_WritePhyConfig)
                  7000ce82    00000046                                                : mmcsd_priv.obj (.text.MMCSD_parseCSDEmmc)
                  7000cec8    00000046                                                : sciclient_pm.obj (.text.Sciclient_pmSetModuleRst_flags)
                  7000cf0e    00000046                                                : sciclient_procboot.obj (.text.Sciclient_procBootGetProcessorState)
                  7000cf54    00000046                                                : udma_ch.obj (.text.UdmaChRxPrms_init)
                  7000cf9a    00000044                                                : bootloader.obj (.text.Bootloader_loadCpu)
                  7000cfde    00000044                                                : sciclient_pm.obj (.text.Sciclient_pmSetModuleRst)
                  7000d022    00000044                                                : sciclient_procboot.obj (.text.Sciclient_procBootRequestProcessor)
                  7000d066    00000044                                                : sciclient_rm_irq.obj (.text.Sciclient_rmIrqUnmappedVintRouteDelete)
                  7000d0aa    00000042                                                : ddr_soc.obj (.text.DDR_socEnableVttRegulator)
                  7000d0ec    00000042                                                : sciclient_procboot.obj (.text.Sciclient_procBootAuthAndStart)
                  7000d12e    00000042                                                : sciclient_rm.obj (.text.Sciclient_rmIrqReleaseRaw)
                  7000d170    00000042                                                : sciclient_rm.obj (.text.Sciclient_rmPsilPair)
                  7000d1b2    00000042                                                : sciclient_rm.obj (.text.Sciclient_rmPsilUnpair)
                  7000d1f4    00000040                                                : bootloader_profile.obj (.text.Bootloader_profileReset)
                  7000d234    00000040                                                : csl_bcdma.obj (.text.CSL_bcdmaChanOpSetBurstSize)
                  7000d274    00000040     nortos.am64x.r5f.ti-arm-clang.release.lib : ClockP_nortos.obj (.text.ClockP_stop)
                  7000d2b4    00000040     ti_dpl_config.obj (.text.Dpl_init)
                  7000d2f4    00000040     drivers.am64x.r5f.ti-arm-clang.release.lib : lpddr4.obj (.text.LPDDR4_WriteCtlConfig)
                  7000d334    00000040                                                : sciclient_firewall.obj (.text.Sciclient_firewallChangeOwnerInfo)
                  7000d374    00000040                                                : sciclient_firewall.obj (.text.Sciclient_firewallSetRegion)
                  7000d3b4    00000040                                                : sciclient_rm.obj (.text.Sciclient_rmIrqSetRaw)
                  7000d3f4    00000040                                                : sciclient_rm.obj (.text.Sciclient_rmRingCfg)
                  7000d434    00000040                                                : sciclient_rm.obj (.text.Sciclient_rmUdmapFlowCfg)
                  7000d474    00000040                                                : sciclient_rm.obj (.text.Sciclient_rmUdmapFlowSizeThreshCfg)
                  7000d4b4    00000040                                                : sciclient_rm.obj (.text.Sciclient_rmUdmapRxChCfg)
                  7000d4f4    00000040                                                : sciclient_rm.obj (.text.Sciclient_rmUdmapTxChCfg)
                  7000d534    00000040     nortos.am64x.r5f.ti-arm-clang.release.lib : SemaphoreP_nortos.obj (.text.SemaphoreP_constructBinary)
                  7000d574    00000040     drivers.am64x.r5f.ti-arm-clang.release.lib : udma_rm.obj (.text.Udma_rmFreeBlkCopyCh)
                  7000d5b4    00000040                                                : udma_rm.obj (.text.Udma_rmFreeBlkCopyHcCh)
                  7000d5f4    00000040                                                : udma_rm.obj (.text.Udma_rmFreeBlkCopyUhcCh)
                  7000d634    00000040                                                : udma_rm.obj (.text.Udma_rmFreeEvent)
                  7000d674    00000040                                                : udma_rm.obj (.text.Udma_rmFreeIrIntr)
                  7000d6b4    00000040                                                : udma_rm.obj (.text.Udma_rmFreeRxCh)
                  7000d6f4    00000040                                                : udma_rm.obj (.text.Udma_rmFreeRxHcCh)
                  7000d734    00000040                                                : udma_rm.obj (.text.Udma_rmFreeRxUhcCh)
                  7000d774    00000040                                                : udma_rm.obj (.text.Udma_rmFreeTxCh)
                  7000d7b4    00000040                                                : udma_rm.obj (.text.Udma_rmFreeTxHcCh)
                  7000d7f4    00000040                                                : udma_rm.obj (.text.Udma_rmFreeTxUhcCh)
                  7000d834    00000040                                                : udma_rm.obj (.text.Udma_rmFreeVintr)
                  7000d874    0000003e                                                : bootloader.obj (.text.Bootloader_open)
                  7000d8b2    0000003e                                                : soc.obj (.text.SOC_controlModuleUnlockMMR)
                  7000d8f0    0000003e                                                : sciclient_procboot.obj (.text.Sciclient_procBootSetProcessorCfg)
                  7000d92e    0000003e     nortos.am64x.r5f.ti-arm-clang.release.lib : SemaphoreP_nortos.obj (.text.SemaphoreP_constructMutex)
                  7000d96c    0000003e     drivers.am64x.r5f.ti-arm-clang.release.lib : udma_flow.obj (.text.UdmaFlowPrms_init)
                  7000d9aa    0000003e                                                : udma_ring_common.obj (.text.Udma_ringFlushRaw)
                  7000d9e8    0000003c                                                : bootloader_soc.obj (.text.Bootloader_socTranslateSectionAddr)
                  7000da24    0000003c                                                : csl_bcdma.obj (.text.CSL_bcdmaGetCfg)
                  7000da60    0000003c                                                : mmcsd_v0.obj (.text.MMCSD_halBusPower)
                  7000da9c    0000003a     nortos.am64x.r5f.ti-arm-clang.release.lib : ClockP_nortos.obj (.text.ClockP_destruct)
                  7000dad6    0000003a                                               : DebugP_uartLogWriter.obj (.text.DebugP_uartLogWriterPutChar)
                  7000db10    0000003a     drivers.am64x.r5f.ti-arm-clang.release.lib : mmcsd_v0.obj (.text.MMCSD_halSoftReset)
                  7000db4a    0000003a     ti_drivers_config.obj (.text.System_init)
                  7000db84    00000038     drivers.am64x.r5f.ti-arm-clang.release.lib : bootloader_soc.obj (.text.Bootloader_socEnableICSSCores)
                  7000dbbc    00000038                                                : sciclient.obj (.text.Sciclient_getCurrentContext)
                  7000dbf4    00000038     nortos.am64x.r5f.ti-arm-clang.release.lib : DebugP_nortos.obj (.text._DebugP_logZone)
                  7000dc2c    00000034                                               : ClockP_nortos.obj (.text.ClockP_start)
                  7000dc60    00000034     drivers.am64x.r5f.ti-arm-clang.release.lib : lpddr4_16bit.obj (.text.LPDDR4_EnablePIInitiator)
                  7000dc94    00000034                                                : lpddr4.obj (.text.LPDDR4_PollCtlIrq)
                  7000dcc8    00000032                                                : bootloader.obj (.text.Bootloader_BootImageInfo_init)
                  7000dcfa    00000032     nortos.am64x.r5f.ti-arm-clang.release.lib : ClockP_nortos.obj (.text.ClockP_usleep)
                  7000dd2c    00000032                                               : SemaphoreP_nortos.obj (.text.SemaphoreP_post)
                  7000dd5e    00000032     drivers.am64x.r5f.ti-arm-clang.release.lib : udma_event.obj (.text.UdmaEventPrms_init)
                  7000dd90    00000030     libc.a : snprintf.c.obj (.text._outc)
                  7000ddc0    00000030     nortos.am64x.r5f.ti-arm-clang.release.lib : PmuP_armv7r_asm.obj (.text.pmu)
                  7000ddf0    0000002e     main.obj (.text.App_loadLinuxImages)
                  7000de1e    0000002e     drivers.am64x.r5f.ti-arm-clang.release.lib : ddr.obj (.text.DDR_setFreq)
                  7000de4c    0000002e                                                : mmcsd_v0.obj (.text.MMCSD_getHandle)
                  7000de7a    0000002e                                                : mmcsd_v0.obj (.text.MMCSD_halLinesResetCmd)
                  7000dea8    0000002e                                                : mmcsd_v0.obj (.text.MMCSD_halLinesResetDat)
                  7000ded6    0000002e     ti_power_clock_config.obj (.text.Module_clockDisable)
                  7000df04    0000002e     ti_power_clock_config.obj (.text.Module_clockEnable)
                  7000df32    0000002e     drivers.am64x.r5f.ti-arm-clang.release.lib : uart_v0.obj (.text.UART_getHandle)
                  7000df60    0000002e                                                : udma_ring_common.obj (.text.UdmaRingPrms_init)
                  7000df8e    0000002c                                                : bootloader_soc.obj (.text.Bootloader_socIsMCUResetIsoEnabled)
                  7000dfba    0000002c                                                : csl_pktdma.obj (.text.CSL_pktdmaGetRxRT)
                  7000dfe6    0000002c                                                : csl_pktdma.obj (.text.CSL_pktdmaGetTxRT)
                  7000e012    0000002c     ti_drivers_open_close.obj (.text.Drivers_close)
                  7000e03e    0000002c     drivers.am64x.r5f.ti-arm-clang.release.lib : mmcsd_v0.obj (.text.MMCSD_halCmdResponseGet)
                  7000e06a    0000002a                                                : gtc.obj (.text.GTC_setFID)
                  7000e094    0000002a                                                : soc.obj (.text.SOC_controlModuleLockMMR)
                  7000e0be    0000002a                                                : uart_v0.obj (.text.UART_lld_writeCompleteCallback)
                  7000e0e8    00000028                                                : bootloader_soc.obj (.text.Bootloader_socCpuPowerOnReset)
                  7000e110    00000028     nortos.am64x.r5f.ti-arm-clang.release.lib : ClockP_nortos.obj (.text.ClockP_sleepTicks)
                  7000e138    00000028     drivers.am64x.r5f.ti-arm-clang.release.lib : bootloader_mem.obj (.text.Mem_imgRead)
                  7000e160    00000028                                                : uart_v0.obj (.text.UART_lld_readCompleteCallback)
                  7000e188    00000028                                                : udma_ch.obj (.text.Udma_chGetCqRingHandle)
                  7000e1b0    00000028                                                : udma_ch.obj (.text.Udma_chGetFqRingHandle)
                  7000e1d8    00000026                                                : bootloader_profile.obj (.text.Bootloader_profileAddProfilePoint)
                  7000e1fe    00000026                                                : mmcsd_priv.obj (.text.MMCSD_parseSCRSd)
                  7000e224    00000024                                                : bootloader.obj (.text.Bootloader_runSelfCpuWithLinux)
                  7000e248    00000024                                                : csl_bcdma.obj (.text.CSL_bcdmaGetChanPeerReg)
                  7000e26c    00000024     ti_drivers_config.obj (.text.System_deinit)
                  7000e290    00000024     libclang_rt.builtins.a : aeabi_uldivmod.S.obj (.text.__aeabi_uldivmod)
                  7000e2b4    00000024     nortos.am64x.r5f.ti-arm-clang.release.lib : printf.obj (.text.vprintf_)
                  7000e2d8    00000022     drivers.am64x.r5f.ti-arm-clang.release.lib : bootloader_soc.obj (.text.Bootloader_socIsR5FSSDual)
                  7000e2fa    00000022                                                : csl_bcdma.obj (.text.CSL_bcdmaSetChanPeerReg)
                  7000e31c    00000022     ti_pinmux_config.obj (.text.Pinmux_init)
                  7000e33e    00000022     drivers.am64x.r5f.ti-arm-clang.release.lib : uart_dma_udma.obj (.text.UART_lld_dmaDeInit)
                  7000e360    00000022                                                : udma_utils.obj (.text.Udma_virtToPhyFxn)
                  7000e382    00000020                                                : bootloader_soc.obj (.text.Bootloader_enableMCUPLL)
                  7000e3a2    00000020                                                : bootloader_soc.obj (.text.Bootloader_socGetCoreName)
                  7000e3c2    00000020                                                : bootloader_soc.obj (.text.Bootloader_socRprcToCslCoreId)
                  7000e3e2    00000020                                                : csl_pktdma.obj (.text.CSL_pktdmaSetRxRT)
                  7000e402    00000020                                                : csl_pktdma.obj (.text.CSL_pktdmaSetTxRT)
                  7000e422    00000020     nortos.am64x.r5f.ti-arm-clang.release.lib : DebugP_log.obj (.text.DebugP_logZoneEnable)
                  7000e442    00000020     drivers.am64x.r5f.ti-arm-clang.release.lib : gtc.obj (.text.GTC_init)
                  7000e462    00000020                                                : soc.obj (.text.SOC_getSelfCpuClk)
                  7000e482    00000020     nortos.am64x.r5f.ti-arm-clang.release.lib : TimerP.obj (.text.TimerP_Params_init)
                  7000e4a2    00000002     --HOLE-- [fill = 0]
                  7000e4a4    00000020     libc.a : wcslen.c.obj (.text.wcslen)
                  7000e4c4    0000001e     drivers.am64x.r5f.ti-arm-clang.release.lib : csl_bcdma.obj (.text.CSL_bcdmaTeardownRxChan)
                  7000e4e2    0000001e                                                : csl_bcdma.obj (.text.CSL_bcdmaTeardownTxChan)
                  7000e500    0000001e                                                : uart_v0_lld.obj (.text.UART_spaceAvail)
                  7000e51e    0000001c                                                : bootloader_soc.obj (.text.Bootloader_socCpuGetClkDefault)
                  7000e53a    0000001c                                                : bootloader_soc.obj (.text.Bootloader_socIsAuthRequired)
                  7000e556    0000001c                                                : csl_pktdma.obj (.text.CSL_pktdmaGetChanPeerReg)
                  7000e572    0000001c                                                : csl_pktdma.obj (.text.CSL_pktdmaSetChanPeerReg)
                  7000e58e    0000001c                                                : bootloader_mem.obj (.text.Mem_imgOpen)
                  7000e5aa    0000001c                                                : soc.obj (.text.SOC_getCoreName)
                  7000e5c6    0000001c                                                : udma_utils.obj (.text.UdmaUtils_getRingMemSize)
                  7000e5e2    0000001c                                                : udma_event.obj (.text.Udma_eventGetGlobalHandle)
                  7000e5fe    00000002     --HOLE-- [fill = 0]
                  7000e600    0000001c     libc.a : _printfi.c.obj (.text.strlen)
                  7000e61c    0000001c            : memcpy32.S.obj (.text:TI_memcpy_small)
                  7000e638    0000001a     drivers.am64x.r5f.ti-arm-clang.release.lib : bootloader_profile.obj (.text.Bootloader_profileAddCore)
                  7000e652    0000001a                                                : csl_emif.obj (.text.CSL_emifDisableECC)
                  7000e66c    0000001a                                                : csl_emif.obj (.text.CSL_emifEnableECC)
                  7000e686    0000001a                                                : mmcsd_v0.obj (.text.MMCSD_deinit)
                  7000e6a0    0000001a                                                : uart_v0.obj (.text.UART_deinit)
                  7000e6ba    00000018                                                : bootloader_soc.obj (.text.Bootloader_socAuthImage)
                  7000e6d2    00000018                                                : lpddr4.obj (.text.LPDDR4_Init)
                  7000e6ea    00000018                                                : sciclient_soc_priv.obj (.text.Sciclient_getDevId)
                  7000e702    00000002     --HOLE-- [fill = 0]
                  7000e704    00000018     libc.a : memset32.S.obj (.text:TI_memset_small)
                  7000e71c    00000016     drivers.am64x.r5f.ti-arm-clang.release.lib : bootloader_soc.obj (.text.Bootloader_socNotifyFirewallOpen)
                  7000e732    00000016                                                : csl_bcdma.obj (.text.CSL_bcdmaGetRxRT)
                  7000e748    00000016                                                : csl_bcdma.obj (.text.CSL_bcdmaGetTxRT)
                  7000e75e    00000016                                                : csl_bcdma.obj (.text.CSL_bcdmaSetRxRT)
                  7000e774    00000016                                                : csl_bcdma.obj (.text.CSL_bcdmaSetTxRT)
                  7000e78a    00000014     nortos.am64x.r5f.ti-arm-clang.release.lib : ClockP_nortos.obj (.text.ClockP_usecToTicks)
                  7000e79e    00000014     drivers.am64x.r5f.ti-arm-clang.release.lib : mmcsd_v0.obj (.text.MMCSD_getBlockSize)
                  7000e7b2    00000014                                                : sciclient_fmwSecureProxyMap.obj (.text.Sciclient_getRxThreadId)
                  7000e7c6    00000014                                                : sciclient_fmwSecureProxyMap.obj (.text.Sciclient_getTxThreadId)
                  7000e7da    00000014                                                : uart_v0.obj (.text.UART_Transaction_init)
                  7000e7ee    00000012                                                : csl_emif.obj (.text.CSL_emifClearECCInterruptStatus)
                  7000e800    00000012                                                : csl_emif.obj (.text.CSL_emifEnableECCInterrupts)
                  7000e812    00000012     nortos.am64x.r5f.ti-arm-clang.release.lib : TimerP.obj (.text.TimerP_clearOverflowInt)
                  7000e824    00000012     drivers.am64x.r5f.ti-arm-clang.release.lib : uart_v0_lld.obj (.text.UART_operatingModeSelect)
                  7000e836    00000010                                                : bootloader.obj (.text.Bootloader_close)
                  7000e846    00000010                                                : bootloader.obj (.text.Bootloader_isCorePresent)
                  7000e856    00000010                                                : csl_lcdma_ringacc.obj (.text.CSL_lcdma_ringaccIsTeardownComplete)
                  7000e866    00000010                                                : lpddr4.obj (.text.LPDDR4_Probe)
                  7000e876    00000010                                                : sciclient_rm.obj (.text.Sciclient_rmIrqRelease)
                  7000e886    00000010                                                : uart_v0_lld.obj (.text.UART_intr2Disable)
                  7000e896    00000010                                                : udma_rm.obj (.text.Udma_rmTranslateCoreIntrInput)
                  7000e8a6    00000010                                                : udma_rm.obj (.text.Udma_rmTranslateIrOutput)
                  7000e8b6    00000002     --HOLE-- [fill = 0]
                  7000e8b8    00000010     libclang_rt.builtins.a : aeabi_memset.S.obj (.text.__aeabi_memset)
                  7000e8c8    0000000e     drivers.am64x.r5f.ti-arm-clang.release.lib : bootloader_soc.obj (.text.Bootloader_socGetBootSeqOid)
                  7000e8d6    0000000e     ti_drivers_open_close.obj (.text.Drivers_open)
                  7000e8e4    0000000e     ti_power_clock_config.obj (.text.PowerClock_init)
                  7000e8f2    0000000c     drivers.am64x.r5f.ti-arm-clang.release.lib : bootloader.obj (.text.Bootloader_Params_init)
                  7000e8fe    0000000c     nortos.am64x.r5f.ti-arm-clang.release.lib : ClockP_nortos.obj (.text.ClockP_getTicks)
                  7000e90a    0000000c                                               : DebugP_uartLogWriter.obj (.text.DebugP_uartSetDrvIndex)
                  7000e916    0000000c     drivers.am64x.r5f.ti-arm-clang.release.lib : sciclient.obj (.text.Sciclient_getSelfDevIdCore)
                  7000e922    0000000c                                                : udma_ch.obj (.text.UdmaChPdmaPrms_init)
                  7000e92e    00000002     --HOLE-- [fill = 0]
                  7000e930    0000000c     libc.a : aeabi_portable.c.obj (.text.__aeabi_errno_addr)
                  7000e93c    0000000c     libclang_rt.builtins.a : aeabi_memset.S.obj (.text.__aeabi_memclr)
                  7000e948    0000000a     drivers.am64x.r5f.ti-arm-clang.release.lib : bootloader_soc.obj (.text.Bootloader_socGetSBLMem)
                  7000e952    0000000a                                                : csl_sec_proxy.obj (.text.CSL_secProxyGetDataAddr)
                  7000e95c    0000000a     nortos.am64x.r5f.ti-arm-clang.release.lib : ClockP_nortos.obj (.text.ClockP_Params_init)
                  7000e966    0000000a                                               : ClockP_nortos.obj (.text.ClockP_isActive)
                  7000e970    0000000a     drivers.am64x.r5f.ti-arm-clang.release.lib : bootloader_mmcsd_raw.obj (.text.MMCSDRaw_imgOpen)
                  7000e97a    0000000a     nortos.am64x.r5f.ti-arm-clang.release.lib : TimerP.obj (.text.TimerP_start)
                  7000e984    0000000a     drivers.am64x.r5f.ti-arm-clang.release.lib : uart_v0_lld.obj (.text.UART_lld_Transaction_deInit)
                  7000e98e    0000000a                                                : uart_dma_soc.obj (.text.UART_udmapSetReturnPolicy)
                  7000e998    00000008                                                : bootloader_mmcsd_raw.obj (.text.MMCSDRaw_imgSeek)
                  7000e9a0    00000008                                                : soc.obj (.text.SOC_moduleGetClockFrequency)
                  7000e9a8    00000008                                                : udma_ring_common.obj (.text.Udma_ringGetForwardRingOcc)
                  7000e9b0    00000008                                                : udma_ring_common.obj (.text.Udma_ringGetReverseRingOcc)
                  7000e9b8    00000008     nortos.am64x.r5f.ti-arm-clang.release.lib : printf.obj (.text._out_char)
                  7000e9c0    00000008     libc.a : exit.c.obj (.text:abort)
                  7000e9c8    00000006     drivers.am64x.r5f.ti-arm-clang.release.lib : csl_pktdma.obj (.text.CSL_pktdmaTeardownRxChan)
                  7000e9ce    00000006                                                : csl_pktdma.obj (.text.CSL_pktdmaTeardownTxChan)
                  7000e9d4    00000006                                                : soc.obj (.text.SOC_getFlashDataBaseAddr)
                  7000e9da    00000006                                                : udma_rm.obj (.text.Udma_rmAllocFreeRing)
                  7000e9e0    00000004                                                : bootloader_soc.obj (.text.Bootloader_socWaitForFWBoot)
                  7000e9e4    00000004                                                : lpddr4.obj (.text.CPS_UncachedRead32)
                  7000e9e8    00000004                                                : lpddr4.obj (.text.CPS_UncachedWrite32)
                  7000e9ec    00000004     nortos.am64x.r5f.ti-arm-clang.release.lib : ClockP_nortos_r5.obj (.text.ClockP_getTimerCount)
                  7000e9f0    00000004                                               : ClockP_nortos_r5.obj (.text.ClockP_timerClearOverflowInt)
                  7000e9f4    00000004     drivers.am64x.r5f.ti-arm-clang.release.lib : bootloader_mmcsd_raw.obj (.text.MMCSDRaw_imgGetCurOffset)
                  7000e9f8    00000004                                                : bootloader_mem.obj (.text.Mem_imgGetCurOffset)
                  7000e9fc    00000004                                                : bootloader_mem.obj (.text.Mem_imgSeek)
                  7000ea00    00000004     ti_power_clock_config.obj (.text.PowerClock_deinit)
                  7000ea04    00000004     drivers.am64x.r5f.ti-arm-clang.release.lib : sciclient.obj (.text.Sciclient_deinit)
                  7000ea08    00000004                                                : sciclient_rm.obj (.text.Sciclient_rmIrqSet)
                  7000ea0c    00000004     nortos.am64x.r5f.ti-arm-clang.release.lib : TimerP.obj (.text.TimerP_getCount)
                  7000ea10    00000004                                               : TimerP.obj (.text.TimerP_getReloadCount)
                  7000ea14    00000004     drivers.am64x.r5f.ti-arm-clang.release.lib : udma_utils.obj (.text.Udma_defaultVirtToPhyFxn)
                  7000ea18    00000004     libclang_rt.builtins.a : aeabi_memcpy.S.obj (.text.__aeabi_memcpy)
                  7000ea1c    00000004     ti_dpl_config.obj (.text.putchar_)
                  7000ea20    00000004     libclang_rt.builtins.a : aeabi_div0.c.obj (.text.__aeabi_idiv0)
                  7000ea24    00000008                            : aeabi_memcpy.S.obj (.tramp.__aeabi_memcpy.1)
                  7000ea2c    00000004     --HOLE-- [fill = 0]
                  7000ea30    00000004                            : aeabi_div0.c.obj (.text.__aeabi_ldiv0)
                  7000ea34    00000008     nortos.am64x.r5f.ti-arm-clang.release.lib : HwiP_armv7r_asm.obj (.tramp.HwiP_enable.1)
                  7000ea3c    00000008                                               : HwiP_armv7r_asm.obj (.tramp.HwiP_restore.1)
                  7000ea44    00000008                                               : PmuP_armv7r_asm.obj (.tramp.PmuP_enableCounters.1)
                  7000ea4c    00000008                                               : CacheP_armv7r_asm.obj (.tramp.CacheP_wb.1)
                  7000ea54    0000000c     --HOLE-- [fill = 0]

.text.hwi 
*          0    7000ea60    00000760     
                  7000ea60    00000408     nortos.am64x.r5f.ti-arm-clang.release.lib : HwiP_armv7r_vim.obj (.text.hwi)
                  7000ee68    00000220                                               : HwiP_armv7r_handlers_nortos.obj (.text.hwi)
                  7000f088    000000c0                                               : HwiP_armv7r_handlers_nortos_asm.obj (.text.hwi)
                  7000f148    00000070                                               : HwiP_armv7r_asm.obj (.text.hwi)
                  7000f1b8    00000008                                               : HwiP_armv7r_asm.obj (.tramp.HwiP_enableFIQ.1)

.text.cache 
*          0    7000f1c0    00000430     
                  7000f1c0    00000340     nortos.am64x.r5f.ti-arm-clang.release.lib : CacheP_armv7r_asm.obj (.text.cache)
                  7000f500    000000d8                                               : CacheP_armv7r.obj (.text.cache)
                  7000f5d8    00000008                                               : CacheP_armv7r_asm.obj (.tramp.CacheP_invL1d.1)
                  7000f5e0    00000008                                               : CacheP_armv7r_asm.obj (.tramp.CacheP_enableL1p.1)
                  7000f5e8    00000008                                               : HwiP_armv7r_asm.obj (.tramp.HwiP_restore.2)

.text.mpu 
*          0    7000f5f0    00000220     
                  7000f5f0    00000192     nortos.am64x.r5f.ti-arm-clang.release.lib : MpuP_armv7r.obj (.text.mpu)
                  7000f782    00000002     --HOLE-- [fill = 0]
                  7000f784    00000078                                               : MpuP_armv7r_asm.obj (.text.mpu)
                  7000f7fc    00000008                                               : HwiP_armv7r_asm.obj (.tramp.HwiP_restore.3)
                  7000f804    00000008                                               : MpuP_armv7r_asm.obj (.tramp.MpuP_isEnableAsm.1)
                  7000f80c    00000004     --HOLE-- [fill = 0]

.text.boot 
*          0    7000f810    00000190     
                  7000f810    00000144     nortos.am64x.r5f.ti-arm-clang.release.lib : boot_armv7r_asm.obj (.text.boot)
                  7000f954    0000001e                                               : DebugP_log.obj (.text.boot)
                  7000f972    0000001c                                               : boot_armv7r.obj (.text.boot)
                  7000f98e    0000000e     ti_dpl_config.obj (.text.boot)
                  7000f99c    00000004     --HOLE-- [fill = 0]

.data      0    7000f9a0    00002460     
                  7000f9a0    000007ec     ti_drivers_config.obj (.data.DDRSS_phyReg)
                  7001018c    0000069c     ti_drivers_config.obj (.data.DDRSS_ctlReg)
                  70010828    00000564     ti_drivers_config.obj (.data.DDRSS_phyIndepReg)
                  70010d8c    000003f6     ti_drivers_config.obj (.data.DDRSS_phyRegNum)
                  70011182    0000034e     ti_drivers_config.obj (.data.DDRSS_ctlRegNum)
                  700114d0    000002b2     ti_drivers_config.obj (.data.DDRSS_phyIndepRegNum)
                  70011782    00000001     drivers.am64x.r5f.ti-arm-clang.release.lib : sciclient.obj (.data.gSecHeaderSizeWords)
                  70011783    00000001     --HOLE-- [fill = 0]
                  70011784    000000c4                                                : bootloader_soc.obj (.data.gAddrTranslateInfo)
                  70011848    000000b8                                                : sciclient_irq_rm.obj (.data.vint_usage_count_DMASS0_INTAGGR_0)
                  70011900    000000a8                                                : bootloader_soc.obj (.data.gCoreBootInfo)
                  700119a8    0000009c                                                : mmcsd_v0.obj (.data.gMmcsdDrvObj)
                  70011a44    0000009c                                                : uart_v0.obj (.data.gUartDrvObj)
                  70011ae0    00000060                                                : sciclient_irq_rm.obj (.data.gRmIrInstances)
                  70011b40    00000058     ti_drivers_open_close.obj (.data.gUartParams)
                  70011b98    00000050     ti_drivers_config.obj (.data.gBootloaderConfig)
                  70011be8    0000003c     ti_drivers_config.obj (.data.gMmcsdAttrs)
                  70011c24    00000004     libc.a : aeabi_portable.c.obj (.data.__aeabi_errno)
                  70011c28    00000038     ti_drivers_config.obj (.data.gDdrParams)
                  70011c60    00000030     ti_power_clock_config.obj (.data.gSocModulesClockFrequency)
                  70011c90    00000020     drivers.am64x.r5f.ti-arm-clang.release.lib : sciclient_irq_rm.obj (.data.gRmIaInstances)
                  70011cb0    00000020                                                : sciclient_soc_priv.obj (.data.gSciclientSecProxyCfg)
                  70011cd0    00000018                                                : bootloader_mem.obj (.data.gBootloaderMemFxns)
                  70011ce8    00000018                                                : bootloader_mmcsd_raw.obj (.data.gBootloaderMmcsdFxns)
                  70011d00    00000018     ti_dpl_config.obj (.data.gClockConfig)
                  70011d18    00000018     ti_pinmux_config.obj (.data.gPinMuxMainDomainCfg)
                  70011d30    00000014     drivers.am64x.r5f.ti-arm-clang.release.lib : bootloader_soc.obj (.data.gResMemSection)
                  70011d44    00000014     ti_power_clock_config.obj (.data.gSocModules)
                  70011d58    00000014     drivers.am64x.r5f.ti-arm-clang.release.lib : sciclient_irq_rm.obj (.data.rom_usage_DMASS0_INTAGGR_0)
                  70011d6c    00000004     ti_drivers_config.obj (.data.gBootloaderConfigNum)
                  70011d70    0000000c     nortos.am64x.r5f.ti-arm-clang.release.lib : AddrTranslateP.obj (.data.gAddrTranslateConfig)
                  70011d7c    0000000c     ti_drivers_config.obj (.data.gBootloader0Args)
                  70011d88    0000000c     ti_drivers_config.obj (.data.gBootloader1Args)
                  70011d94    00000008     ti_drivers_config.obj (.data.gMemBootloaderArgs)
                  70011d9c    00000008     ti_drivers_config.obj (.data.gMmcsdConfig)
                  70011da4    00000008     ti_drivers_open_close.obj (.data.gMmcsdParams)
                  70011dac    00000008     ti_pinmux_config.obj (.data.gPinMuxMcuDomainCfg)
                  70011db4    00000008     ti_drivers_config.obj (.data.gUartAttrs)
                  70011dbc    00000008     ti_drivers_config.obj (.data.gUartConfig)
                  70011dc4    00000004     nortos.am64x.r5f.ti-arm-clang.release.lib : DebugP_log.obj (.data.gDebugLogZone)
                  70011dc8    00000008                                               : PmuP_armv7r.obj (.data.pmu)
                  70011dd0    00000004                                               : DebugP_uartLogWriter.obj (.data.gDebugP_uartDrvIndex)
                  70011dd4    00000004     ti_dpl_config.obj (.data.gHwiConfig)
                  70011dd8    00000004     ti_drivers_config.obj (.data.gMmcsdConfigNum)
                  70011ddc    00000004     drivers.am64x.r5f.ti-arm-clang.release.lib : sciclient.obj (.data.gSciclientHandle.0)
                  70011de0    00000004                                                : sciclient.obj (.data.gSciclientHandle.2)
                  70011de4    00000004                                                : sciclient.obj (.data.gSciclientHandle.3)
                  70011de8    00000004                                                : sciclient.obj (.data.gSciclientHandle.4)
                  70011dec    00000004                                                : sciclient.obj (.data.gSciclientHandle.5)
                  70011df0    00000004     ti_drivers_config.obj (.data.gUartConfigNum)
                  70011df4    00000004     ti_drivers_open_close.obj (.data.gUartDmaChConfig)
                  70011df8    00000004     ti_drivers_config.obj (.data.operatingMode)
                  70011dfc    00000004     --HOLE-- [fill = 0]

.rodata    0    70011e00    00001ee0     
                  70011e00    00000168     drivers.am64x.r5f.ti-arm-clang.release.lib : sciclient_fmwSecureProxyMap.obj (.rodata.gSciclientMap)
                  70011f68    00000138                                                : udma_soc.obj (.rodata.gUdmaTxMappedChRingAttributes)
                  700120a0    00000132                                                : lpddr4_16bit.obj (.rodata.CtlIntMap)
                  700121d2    0000000e                                                : bootloader_profile.obj (.rodata.str1.73938047475404699101)
                  700121e0    00000101     libc.a : aeabi_ctype.S.obj (.rodata:__aeabi_ctype_table_)
                  700122e1    00000003     drivers.am64x.r5f.ti-arm-clang.release.lib : sciclient.obj (.rodata.str1.123851918244052356811)
                  700122e4    0000009c                                                : udma_soc.obj (.rodata.gUdmaRxMappedChRingAttributes)
                  70012380    00000068                                                : sciclient_irq_rm.obj (.rodata.tisci_if_TIMESYNC_EVENT_INTROUTER0)
                  700123e8    00000064     ti_dpl_config.obj (.rodata.cfg)
                  7001244c    00000061     drivers.am64x.r5f.ti-arm-clang.release.lib : bootloader.obj (.rodata.str1.27692862334559552701)
                  700124ad    00000003                                                : bootloader_profile.obj (.rodata.str1.87690159525529920121)
                  700124b0    00000058                                                : sciclient_irq_rm.obj (.rodata.gRmIrqTree)
                  70012508    00000050     nortos.am64x.r5f.ti-arm-clang.release.lib : printf.obj (.rodata._ftoa.pow10)
                  70012558    00000048     drivers.am64x.r5f.ti-arm-clang.release.lib : bootloader_soc.obj (.rodata.gSOC_r5fVectors)
                  700125a0    0000003e                                                : bootloader_profile.obj (.rodata.str1.10779536709706457681)
                  700125de    0000003e     nortos.am64x.r5f.ti-arm-clang.release.lib : TimerP.obj (.rodata.str1.155618297627321921901)
                  7001261c    0000003b     drivers.am64x.r5f.ti-arm-clang.release.lib : bootloader_profile.obj (.rodata.str1.154236700963031936241)
                  70012657    00000039                                                : sciclient.obj (.rodata.str1.33290974039123358371)
                  70012690    00000038                                                : bootloader_profile.obj (.rodata.str1.83904766851480127371)
                  700126c8    00000037     nortos.am64x.r5f.ti-arm-clang.release.lib : SemaphoreP_nortos.obj (.rodata.str1.77784356401422800491)
                  700126ff    00000036     drivers.am64x.r5f.ti-arm-clang.release.lib : bootloader_soc.obj (.rodata.str1.116160357178768892221)
                  70012735    00000036     ti_drivers_open_close.obj (.rodata.str1.135241915826326793361)
                  7001276b    00000036     drivers.am64x.r5f.ti-arm-clang.release.lib : ddr.obj (.rodata.str1.73433922848408513671)
                  700127a1    00000035                                                : bootloader_profile.obj (.rodata.str1.49020363832560342711)
                  700127d6    00000035     ti_drivers_open_close.obj (.rodata.str1.89322429334436556861)
                  7001280b    00000034     drivers.am64x.r5f.ti-arm-clang.release.lib : bootloader_soc.obj (.rodata.str1.157368025196999440281)
                  7001283f    00000034     nortos.am64x.r5f.ti-arm-clang.release.lib : TimerP.obj (.rodata.str1.164743418995849697991)
                  70012873    00000001     --HOLE-- [fill = 0]
                  70012874    00000034     drivers.am64x.r5f.ti-arm-clang.release.lib : sciclient_irq_rm.obj (.rodata.tisci_if_MAIN_GPIOMUX_INTROUTER0)
                  700128a8    00000033                                                : bootloader_soc.obj (.rodata.str1.104852797084389476111)
                  700128db    00000033     main.obj (.rodata.str1.171135724027876188451)
                  7001290e    00000033     drivers.am64x.r5f.ti-arm-clang.release.lib : bootloader_soc.obj (.rodata.str1.58199765499228280441)
                  70012941    00000032                                                : bootloader.obj (.rodata.str1.49453207730052505781)
                  70012973    00000032     main.obj (.rodata.str1.66840473539710954921)
                  700129a5    00000031     drivers.am64x.r5f.ti-arm-clang.release.lib : bootloader_profile.obj (.rodata.str1.72586947241727721351)
                  700129d6    00000031                                                : bootloader_profile.obj (.rodata.str1.8367434985930082761)
                  70012a07    00000031                                                : bootloader_soc.obj (.rodata.str1.94938212298975674041)
                  70012a38    00000030                                                : mmcsd_v0.obj (.rodata..Lswitch.table.MMCSD_phyConfigure.4)
                  70012a68    00000030                                                : mmcsd_v0.obj (.rodata..Lswitch.table.MMCSD_phyConfigure.5)
                  70012a98    00000030                                                : mmcsd_v0.obj (.rodata..Lswitch.table.MMCSD_phyConfigure.6)
                  70012ac8    00000030                                                : mmcsd_v0.obj (.rodata..Lswitch.table.MMCSD_phyConfigure)
                  70012af8    00000030                                                : mmcsd_priv.obj (.rodata.gMonths)
                  70012b28    00000030                                                : bootloader_soc.obj (.rodata.str1.10816064445523340901)
                  70012b58    00000030                                                : sciclient_irq_rm.obj (.rodata.tisci_if_DMASS0_INTAGGR_0)
                  70012b88    0000002f                                                : bootloader_soc.obj (.rodata.str1.93991859983843582671)
                  70012bb7    0000002f                                                : ddr.obj (.rodata.str1.94111967193122311561)
                  70012be6    0000002e     nortos.am64x.r5f.ti-arm-clang.release.lib : ClockP_nortos.obj (.rodata.str1.60552435462749564001)
                  70012c14    0000002d     drivers.am64x.r5f.ti-arm-clang.release.lib : ddr.obj (.rodata.str1.116939344651230115321)
                  70012c41    0000002d                                                : bootloader_soc.obj (.rodata.str1.16279038217554379711)
                  70012c6e    0000002d                                                : bootloader_soc.obj (.rodata.str1.163381840298971697551)
                  70012c9b    0000002c                                                : ddr.obj (.rodata.str1.115473847009400335091)
                  70012cc7    0000002c                                                : bootloader_soc.obj (.rodata.str1.126800844145081247951)
                  70012cf3    0000002c                                                : bootloader_soc.obj (.rodata.str1.130439613777423019031)
                  70012d1f    0000002c                                                : soc.obj (.rodata.str1.30948883670846405281)
                  70012d4b    0000002c                                                : bootloader.obj (.rodata.str1.38543240124036597621)
                  70012d77    0000002c                                                : ddr.obj (.rodata.str1.53769595288076202821)
                  70012da3    0000002c                                                : bootloader_soc.obj (.rodata.str1.67740237510159552421)
                  70012dcf    0000002b                                                : bootloader_soc.obj (.rodata.str1.103896507833577381681)
                  70012dfa    0000002b                                                : bootloader_soc.obj (.rodata.str1.108560865512182149471)
                  70012e25    0000002b                                                : bootloader_soc.obj (.rodata.str1.136315675252149246631)
                  70012e50    0000002b                                                : ddr.obj (.rodata.str1.79833557267131166431)
                  70012e7b    0000002a                                                : bootloader_soc.obj (.rodata.str1.108862625116848344691)
                  70012ea5    0000002a                                                : bootloader_soc.obj (.rodata.str1.38849067706911527761)
                  70012ecf    0000002a                                                : ddr.obj (.rodata.str1.44587981942987503481)
                  70012ef9    0000002a     nortos.am64x.r5f.ti-arm-clang.release.lib : DebugP_log.obj (.rodata.str1.8568035916953519521)
                  70012f23    00000028     drivers.am64x.r5f.ti-arm-clang.release.lib : ddr.obj (.rodata.str1.180652758740370262311)
                  70012f4b    00000027     nortos.am64x.r5f.ti-arm-clang.release.lib : ClockP_nortos_r5.obj (.rodata.str1.124546920576200709321)
                  70012f72    00000025     drivers.am64x.r5f.ti-arm-clang.release.lib : uart_dma_udma.obj (.rodata.str1.114986527709633033881)
                  70012f97    00000001     --HOLE-- [fill = 0]
                  70012f98    00000024                                                : sciclient_irq_rm.obj (.rodata.tisci_if_MCU_MCU_GPIOMUX_INTROUTER0)
                  70012fbc    00000023     nortos.am64x.r5f.ti-arm-clang.release.lib : ClockP_nortos_r5.obj (.rodata.str1.25776369892830718361)
                  70012fdf    00000022     drivers.am64x.r5f.ti-arm-clang.release.lib : bootloader_soc.obj (.rodata.str1.77336568927910017741)
                  70013001    00000021                                                : bootloader_soc.obj (.rodata.str1.139984562005889438511)
                  70013022    00000021     nortos.am64x.r5f.ti-arm-clang.release.lib : ClockP_nortos_r5.obj (.rodata.str1.167645692065458388701)
                  70013043    00000021     drivers.am64x.r5f.ti-arm-clang.release.lib : bootloader_soc.obj (.rodata.str1.30913301665249982781)
                  70013064    00000021                                                : bootloader_soc.obj (.rodata.str1.86709688509864093381)
                  70013085    00000003     --HOLE-- [fill = 0]
                  70013088    00000020                                                : soc.obj (.rodata.SOC_getCoreName.coreIdNames)
                  700130a8    00000020                                                : uart_v0_lld.obj (.rodata.cst32)
                  700130c8    00000020                                                : uart_v0.obj (.rodata.str1.169394063705023262141)
                  700130e8    00000020                                                : sciclient_irq_rm.obj (.rodata.tisci_if_CPTS0)
                  70013108    0000001f                                                : bootloader_soc.obj (.rodata.str1.101965529428999861021)
                  70013127    0000001f                                                : bootloader.obj (.rodata.str1.113312981303841419011)
                  70013146    0000001f     nortos.am64x.r5f.ti-arm-clang.release.lib : TimerP.obj (.rodata.str1.170816537386891942861)
                  70013165    0000001f     drivers.am64x.r5f.ti-arm-clang.release.lib : sciclient_boardcfg.obj (.rodata.str1.176112155955798027741)
                  70013184    0000001f     nortos.am64x.r5f.ti-arm-clang.release.lib : ClockP_nortos_r5.obj (.rodata.str1.37049961317335892191)
                  700131a3    0000001f                                               : SemaphoreP_nortos.obj (.rodata.str1.93106250239489445331)
                  700131c2    0000001e     drivers.am64x.r5f.ti-arm-clang.release.lib : bootloader_soc.obj (.rodata.str1.135292914848480988261)
                  700131e0    0000001e                                                : mmcsd_v0.obj (.rodata.str1.164849268246101456631)
                  700131fe    0000001e                                                : sciclient.obj (.rodata.str1.78689533181356323901)
                  7001321c    0000001d                                                : uart_v0.obj (.rodata.str1.151873246111077803171)
                  70013239    0000001d     nortos.am64x.r5f.ti-arm-clang.release.lib : TimerP.obj (.rodata.str1.154036655774719862071)
                  70013256    00000002     --HOLE-- [fill = 0]
                  70013258    0000001c     drivers.am64x.r5f.ti-arm-clang.release.lib : bootloader_soc.obj (.rodata..L__const.Bootloader_socRprcToCslCoreId.rprcCoreIds)
                  70013274    0000001c                                                : sciclient_irq_rm.obj (.rodata.tisci_if_PRU_ICSSG0)
                  70013290    0000001c                                                : sciclient_irq_rm.obj (.rodata.tisci_if_PRU_ICSSG1)
                  700132ac    0000001b                                                : sciclient.obj (.rodata.str1.144645175443399417801)
                  700132c7    0000001b     nortos.am64x.r5f.ti-arm-clang.release.lib : ClockP_nortos.obj (.rodata.str1.25471646840808198631)
                  700132e2    0000001b     drivers.am64x.r5f.ti-arm-clang.release.lib : uart_dma_udma.obj (.rodata.str1.67818304883869641861)
                  700132fd    0000001b     main.obj (.rodata.str1.88864587114646350841)
                  70013318    0000001a     drivers.am64x.r5f.ti-arm-clang.release.lib : bootloader_soc.obj (.rodata.str1.133075567201283886171)
                  70013332    0000001a                                                : sciclient.obj (.rodata.str1.13462214850640114411)
                  7001334c    0000001a     nortos.am64x.r5f.ti-arm-clang.release.lib : TimerP.obj (.rodata.str1.160246686209138365701)
                  70013366    0000001a                                               : ClockP_nortos_r5.obj (.rodata.str1.169616377957066558931)
                  70013380    0000001a     drivers.am64x.r5f.ti-arm-clang.release.lib : sciclient.obj (.rodata.str1.19960701266695328961)
                  7001339a    0000001a                                                : bootloader_soc.obj (.rodata.str1.35896618803728278211)
                  700133b4    0000001a     main.obj (.rodata.str1.42969106790848045441)
                  700133ce    00000019     nortos.am64x.r5f.ti-arm-clang.release.lib : TimerP.obj (.rodata.str1.170516325075394100231)
                  700133e7    00000019     drivers.am64x.r5f.ti-arm-clang.release.lib : bootloader_soc.obj (.rodata.str1.173612832747066941651)
                  70013400    00000019                                                : bootloader_soc.obj (.rodata.str1.181541439651868024511)
[...]
7000f973  _system_pre_init                                                              
7000f98f  __mpu_init                                                                    
7000f9a0  DDRSS_phyReg                                                                  
7000f9a0  gUartDmaHandle                                                                
7001018c  DDRSS_ctlReg                                                                  
70010828  DDRSS_phyIndepReg                                                             
70010d8c  DDRSS_phyRegNum                                                               
70011182  DDRSS_ctlRegNum                                                               
700114d0  DDRSS_phyIndepRegNum                                                          
70011784  gAddrTranslateInfo                                                            
70011848  vint_usage_count_DMASS0_INTAGGR_0                                             
70011900  gCoreBootInfo                                                                 
70011ae0  gRmIrInstances                                                                
70011b40  gUartParams                                                                   
70011b98  gBootloaderConfig                                                             
70011c24  __aeabi_errno                                                                 
70011c60  gSocModulesClockFrequency                                                     
70011c90  gRmIaInstances                                                                
70011cb0  gSciclientSecProxyCfg                                                         
70011cd0  gBootloaderMemFxns                                                            
70011ce8  gBootloaderMmcsdFxns                                                          
70011d00  gClockConfig                                                                  
70011d30  gResMemSection                                                                
70011d44  gSocModules                                                                   
70011d6c  gBootloaderConfigNum                                                          
70011d70  gAddrTranslateConfig                                                          
70011d7c  gBootloader0Args                                                              
70011d88  gBootloader1Args                                                              
70011d94  gMemBootloaderArgs                                                            
70011d9c  gMmcsdConfig                                                                  
70011da4  gMmcsdParams                                                                  
70011dbc  gUartConfig                                                                   
70011dc4  gDebugLogZone                                                                 
70011dd0  gDebugP_uartDrvIndex                                                          
70011dd4  gHwiConfig                                                                    
70011dd8  gMmcsdConfigNum                                                               
70011df0  gUartConfigNum                                                                
70011df4  gUartDmaChConfig                                                              
70011df8  operatingMode                                                                 
70011e00  gSciclientMap                                                                 
70011f68  gUdmaTxMappedChRingAttributes                                                 
700121e0  __aeabi_ctype_table_                                                          
700121e0  __aeabi_ctype_table_C                                                         
700122e4  gUdmaRxMappedChRingAttributes                                                 
70012380  tisci_if_TIMESYNC_EVENT_INTROUTER0                                            
700123e8  gCacheConfig                                                                  
700123f0  gMpuConfig                                                                    
700123fc  gMpuRegionConfig                                                              
700124b0  gRmIrqTree                                                                    
70012558  gSOC_r5fVectors                                                               
70012874  tisci_if_MAIN_GPIOMUX_INTROUTER0                                              
70012b58  tisci_if_DMASS0_INTAGGR_0                                                     
70012f98  tisci_if_MCU_MCU_GPIOMUX_INTROUTER0                                           
700130e8  tisci_if_CPTS0                                                                
70013274  tisci_if_PRU_ICSSG0                                                           
70013290  tisci_if_PRU_ICSSG1                                                           
7001347c  tisci_if_CMP_EVENT_INTROUTER0                                                 
70013568  tisci_if_PCIE0                                                                
700136ac  tisci_if_CPSW0                                                                
700137be  CMP_EVENT_INTROUTER0_outp_0_15_to_GICSS0_spi_48_63                            
700137c6  CMP_EVENT_INTROUTER0_outp_16_23_to_R5FSS0_CORE0_intr_48_55                    
700137ce  CMP_EVENT_INTROUTER0_outp_16_23_to_R5FSS0_CORE1_intr_48_55                    
700137d6  CMP_EVENT_INTROUTER0_outp_24_31_to_R5FSS1_CORE0_intr_48_55                    
700137de  CMP_EVENT_INTROUTER0_outp_24_31_to_R5FSS1_CORE1_intr_48_55                    
700137e6  CMP_EVENT_INTROUTER0_outp_32_39_to_DMASS0_INTAGGR_0_intaggr_levi_pend_0_7     
700137ee  CPSW0_cpts_comp_0_0_to_CMP_EVENT_INTROUTER0_in_80_80                          
700137f6  CPSW0_cpts_genf0_1_1_to_TIMESYNC_EVENT_INTROUTER0_in_21_21                    
700137fe  CPSW0_cpts_genf1_2_2_to_TIMESYNC_EVENT_INTROUTER0_in_22_22                    
70013806  CPSW0_cpts_sync_3_3_to_TIMESYNC_EVENT_INTROUTER0_in_34_34                     
7001380e  CPTS0_cpts_comp_0_0_to_CMP_EVENT_INTROUTER0_in_82_82                          
70013816  CPTS0_cpts_genf0_1_1_to_TIMESYNC_EVENT_INTROUTER0_in_16_16                    
7001381e  CPTS0_cpts_genf1_2_2_to_TIMESYNC_EVENT_INTROUTER0_in_17_17                    
70013826  CPTS0_cpts_genf2_3_3_to_TIMESYNC_EVENT_INTROUTER0_in_18_18                    
7001382e  CPTS0_cpts_genf3_4_4_to_TIMESYNC_EVENT_INTROUTER0_in_19_19                    
70013836  CPTS0_cpts_genf4_5_5_to_TIMESYNC_EVENT_INTROUTER0_in_20_20                    
7001383e  CPTS0_cpts_genf5_6_6_to_TIMESYNC_EVENT_INTROUTER0_in_24_24                    
70013846  CPTS0_cpts_sync_7_7_to_TIMESYNC_EVENT_INTROUTER0_in_35_35                     
7001384e  DMASS0_INTAGGR_0_intaggr_vintr_pend_0_39_to_GICSS0_spi_64_103                 
70013856  DMASS0_INTAGGR_0_intaggr_vintr_pend_120_127_to_R5FSS1_CORE0_intr_8_15         
7001385e  DMASS0_INTAGGR_0_intaggr_vintr_pend_128_135_to_R5FSS1_CORE1_intr_8_15         
70013866  DMASS0_INTAGGR_0_intaggr_vintr_pend_152_159_to_PRU_ICSSG0_pr1_slv_intr_16_23  
7001386e  DMASS0_INTAGGR_0_intaggr_vintr_pend_160_167_to_PRU_ICSSG1_pr1_slv_intr_16_23  
70013876  DMASS0_INTAGGR_0_intaggr_vintr_pend_168_183_to_MCU_M4FSS0_CORE0_nvic_32_47    
7001387e  DMASS0_INTAGGR_0_intaggr_vintr_pend_40_71_to_R5FSS0_CORE0_intr_64_95          
70013886  DMASS0_INTAGGR_0_intaggr_vintr_pend_40_71_to_R5FSS0_CORE1_intr_64_95          
7001388e  DMASS0_INTAGGR_0_intaggr_vintr_pend_72_79_to_R5FSS0_CORE0_intr_8_15           
70013896  DMASS0_INTAGGR_0_intaggr_vintr_pend_80_87_to_R5FSS0_CORE1_intr_8_15           
7001389e  DMASS0_INTAGGR_0_intaggr_vintr_pend_88_119_to_R5FSS1_CORE0_intr_64_95         
700138a6  DMASS0_INTAGGR_0_intaggr_vintr_pend_88_119_to_R5FSS1_CORE1_intr_64_95         
700138ae  EPWM0_epwm_synco_o_0_0_to_TIMESYNC_EVENT_INTROUTER0_in_39_39                  
700138b6  EPWM3_epwm_synco_o_0_0_to_TIMESYNC_EVENT_INTROUTER0_in_40_40                  
700138be  EPWM6_epwm_synco_o_0_0_to_TIMESYNC_EVENT_INTROUTER0_in_41_41                  
700138c6  GPIO0_gpio_0_89_to_MAIN_GPIOMUX_INTROUTER0_in_0_89                            
700138ce  GPIO0_gpio_bank_90_98_to_MAIN_GPIOMUX_INTROUTER0_in_190_198                   
700138d6  GPIO1_gpio_0_89_to_MAIN_GPIOMUX_INTROUTER0_in_90_179                          
700138de  GPIO1_gpio_bank_90_98_to_MAIN_GPIOMUX_INTROUTER0_in_180_188                   
700138e6  GPMC0_gpmc_sdmareq_0_0_to_DMASS0_INTAGGR_0_intaggr_levi_pend_29_29            
700138ee  GTC0_gtc_push_event_0_0_to_TIMESYNC_EVENT_INTROUTER0_in_36_36                 
700138f6  MAIN_GPIOMUX_INTROUTER0_outp_0_15_to_GICSS0_spi_32_47                         
700138fe  MAIN_GPIOMUX_INTROUTER0_outp_0_15_to_R5FSS0_CORE0_intr_32_47                  
70013906  MAIN_GPIOMUX_INTROUTER0_outp_0_15_to_R5FSS0_CORE1_intr_32_47                  
7001390e  MAIN_GPIOMUX_INTROUTER0_outp_0_15_to_R5FSS1_CORE0_intr_32_47                  
70013916  MAIN_GPIOMUX_INTROUTER0_outp_0_15_to_R5FSS1_CORE1_intr_32_47                  
7001391e  MAIN_GPIOMUX_INTROUTER0_outp_16_17_to_DMASS0_INTAGGR_0_intaggr_levi_pend_24_25
70013926  MAIN_GPIOMUX_INTROUTER0_outp_18_23_to_PRU_ICSSG0_pr1_iep0_cap_intr_req_4_9    
7001392e  MAIN_GPIOMUX_INTROUTER0_outp_18_23_to_PRU_ICSSG1_pr1_iep0_cap_intr_req_4_9    
70013936  MAIN_GPIOMUX_INTROUTER0_outp_24_29_to_PRU_ICSSG0_pr1_iep1_cap_intr_req_10_15  
7001393e  MAIN_GPIOMUX_INTROUTER0_outp_24_29_to_PRU_ICSSG1_pr1_iep1_cap_intr_req_10_15  
70013946  MAIN_GPIOMUX_INTROUTER0_outp_30_37_to_DMASS0_INTAGGR_0_intaggr_levi_pend_16_23
7001394e  MAIN_GPIOMUX_INTROUTER0_outp_38_45_to_PRU_ICSSG0_pr1_slv_intr_46_53           
70013956  MAIN_GPIOMUX_INTROUTER0_outp_46_53_to_PRU_ICSSG1_pr1_slv_intr_46_53           
7001395e  MCU_GPIO0_gpio_0_29_to_MCU_MCU_GPIOMUX_INTROUTER0_in_0_29                     
70013966  MCU_GPIO0_gpio_bank_30_31_to_MCU_MCU_GPIOMUX_INTROUTER0_in_30_31              
7001396e  MCU_MCU_GPIOMUX_INTROUTER0_outp_0_3_to_GICSS0_spi_104_107                     
70013976  MCU_MCU_GPIOMUX_INTROUTER0_outp_0_3_to_R5FSS0_CORE0_intr_104_107              
7001397e  MCU_MCU_GPIOMUX_INTROUTER0_outp_0_3_to_R5FSS0_CORE1_intr_104_107              
70013986  MCU_MCU_GPIOMUX_INTROUTER0_outp_0_3_to_R5FSS1_CORE0_intr_104_107              
7001398e  MCU_MCU_GPIOMUX_INTROUTER0_outp_0_3_to_R5FSS1_CORE1_intr_104_107              
70013996  MCU_MCU_GPIOMUX_INTROUTER0_outp_4_7_to_MCU_M4FSS0_CORE0_nvic_0_3              
7001399e  MCU_MCU_GPIOMUX_INTROUTER0_outp_8_11_to_MCU_ESM0_esm_pls_event0_88_91         
700139a6  MCU_MCU_GPIOMUX_INTROUTER0_outp_8_11_to_MCU_ESM0_esm_pls_event1_92_95         
700139ae  MCU_MCU_GPIOMUX_INTROUTER0_outp_8_11_to_MCU_ESM0_esm_pls_event2_96_99         
700139b6  PCIE0_pcie_cpts_comp_0_0_to_CMP_EVENT_INTROUTER0_in_81_81                     
700139be  PCIE0_pcie_cpts_genf0_1_1_to_TIMESYNC_EVENT_INTROUTER0_in_23_23               
700139c6  PCIE0_pcie_cpts_hw1_push_2_2_to_TIMESYNC_EVENT_INTROUTER0_in_37_37            
700139ce  PCIE0_pcie_cpts_sync_3_3_to_TIMESYNC_EVENT_INTROUTER0_in_33_33                
700139d6  PCIE0_pcie_ptm_valid_pulse_4_4_to_TIMESYNC_EVENT_INTROUTER0_in_38_38          
700139de  PRU_ICSSG0_pr1_edc0_sync0_out_0_0_to_TIMESYNC_EVENT_INTROUTER0_in_25_25       
700139e6  PRU_ICSSG0_pr1_edc0_sync1_out_1_1_to_TIMESYNC_EVENT_INTROUTER0_in_26_26       
700139ee  PRU_ICSSG0_pr1_edc1_sync0_out_2_2_to_TIMESYNC_EVENT_INTROUTER0_in_27_27       
700139f6  PRU_ICSSG0_pr1_edc1_sync1_out_3_3_to_TIMESYNC_EVENT_INTROUTER0_in_28_28       
700139fe  PRU_ICSSG0_pr1_host_intr_req_4_11_to_CMP_EVENT_INTROUTER0_in_0_7              
70013a06  PRU_ICSSG0_pr1_iep0_cmp_intr_req_12_27_to_CMP_EVENT_INTROUTER0_in_16_31       
70013a0e  PRU_ICSSG0_pr1_iep1_cmp_intr_req_28_43_to_CMP_EVENT_INTROUTER0_in_32_47       
70013a16  PRU_ICSSG1_pr1_edc0_sync0_out_0_0_to_TIMESYNC_EVENT_INTROUTER0_in_29_29       
70013a1e  PRU_ICSSG1_pr1_edc0_sync1_out_1_1_to_TIMESYNC_EVENT_INTROUTER0_in_30_30       
70013a26  PRU_ICSSG1_pr1_edc1_sync0_out_2_2_to_TIMESYNC_EVENT_INTROUTER0_in_31_31       
70013a2e  PRU_ICSSG1_pr1_edc1_sync1_out_3_3_to_TIMESYNC_EVENT_INTROUTER0_in_32_32       
70013a36  PRU_ICSSG1_pr1_host_intr_req_4_11_to_CMP_EVENT_INTROUTER0_in_8_15             
70013a3e  PRU_ICSSG1_pr1_iep0_cmp_intr_req_12_27_to_CMP_EVENT_INTROUTER0_in_48_63       
70013a46  PRU_ICSSG1_pr1_iep1_cmp_intr_req_28_43_to_CMP_EVENT_INTROUTER0_in_64_79       
70013a4e  TIMER0_timer_pwm_0_0_to_TIMESYNC_EVENT_INTROUTER0_in_0_0                      
70013a56  TIMER1_timer_pwm_0_0_to_TIMESYNC_EVENT_INTROUTER0_in_1_1                      
70013a5e  TIMER2_timer_pwm_0_0_to_TIMESYNC_EVENT_INTROUTER0_in_2_2                      
70013a66  TIMER3_timer_pwm_0_0_to_TIMESYNC_EVENT_INTROUTER0_in_3_3                      
70013a6e  TIMESYNC_EVENT_INTROUTER0_outl_0_7_to_DMASS0_INTAGGR_0_intaggr_levi_pend_8_15 
70013a76  TIMESYNC_EVENT_INTROUTER0_outl_10_10_to_PRU_ICSSG0_pr1_edc1_latch0_in_2_2     
70013a7e  TIMESYNC_EVENT_INTROUTER0_outl_11_11_to_PRU_ICSSG0_pr1_edc1_latch1_in_3_3     
70013a86  TIMESYNC_EVENT_INTROUTER0_outl_12_12_to_PRU_ICSSG1_pr1_edc0_latch0_in_0_0     
70013a8e  TIMESYNC_EVENT_INTROUTER0_outl_13_13_to_PRU_ICSSG1_pr1_edc0_latch1_in_1_1     
70013a96  TIMESYNC_EVENT_INTROUTER0_outl_14_14_to_PRU_ICSSG1_pr1_edc1_latch0_in_2_2     
70013a9e  TIMESYNC_EVENT_INTROUTER0_outl_15_15_to_PRU_ICSSG1_pr1_edc1_latch1_in_3_3     
70013aa6  TIMESYNC_EVENT_INTROUTER0_outl_16_16_to_CPTS0_cpts_hw1_push_0_0               
70013aae  TIMESYNC_EVENT_INTROUTER0_outl_17_17_to_CPTS0_cpts_hw2_push_1_1               
70013ab6  TIMESYNC_EVENT_INTROUTER0_outl_18_18_to_CPTS0_cpts_hw3_push_2_2               
70013abe  TIMESYNC_EVENT_INTROUTER0_outl_19_19_to_CPTS0_cpts_hw4_push_3_3               
70013ac6  TIMESYNC_EVENT_INTROUTER0_outl_20_20_to_CPTS0_cpts_hw5_push_4_4               
70013ace  TIMESYNC_EVENT_INTROUTER0_outl_21_21_to_CPTS0_cpts_hw6_push_5_5               
70013ad6  TIMESYNC_EVENT_INTROUTER0_outl_22_22_to_CPTS0_cpts_hw7_push_6_6               
70013ade  TIMESYNC_EVENT_INTROUTER0_outl_23_23_to_CPTS0_cpts_hw8_push_7_7               
70013ae6  TIMESYNC_EVENT_INTROUTER0_outl_29_29_to_PCIE0_pcie_cpts_hw2_push_0_0          
70013aee  TIMESYNC_EVENT_INTROUTER0_outl_30_30_to_CPSW0_cpts_hw1_push_0_0               
70013af6  TIMESYNC_EVENT_INTROUTER0_outl_31_31_to_CPSW0_cpts_hw2_push_1_1               
70013afe  TIMESYNC_EVENT_INTROUTER0_outl_32_32_to_CPSW0_cpts_hw3_push_2_2               
70013b06  TIMESYNC_EVENT_INTROUTER0_outl_33_33_to_CPSW0_cpts_hw4_push_3_3               
70013b0e  TIMESYNC_EVENT_INTROUTER0_outl_34_34_to_CPSW0_cpts_hw5_push_4_4               
70013b16  TIMESYNC_EVENT_INTROUTER0_outl_35_35_to_CPSW0_cpts_hw6_push_5_5               
70013b1e  TIMESYNC_EVENT_INTROUTER0_outl_36_36_to_CPSW0_cpts_hw7_push_6_6               
70013b26  TIMESYNC_EVENT_INTROUTER0_outl_37_37_to_CPSW0_cpts_hw8_push_7_7               
70013b2e  TIMESYNC_EVENT_INTROUTER0_outl_8_8_to_PRU_ICSSG0_pr1_edc0_latch0_in_0_0       
70013b36  TIMESYNC_EVENT_INTROUTER0_outl_9_9_to_PRU_ICSSG0_pr1_edc0_latch1_in_1_1       
70013b58  tisci_if_GPIO0                                                                
70013b60  tisci_if_GPIO1                                                                
70013b68  tisci_if_MCU_GPIO0                                                            
70013c78  gCacheL1dCacheLineSize                                                        
70013c7c  gCacheL1pCacheLineSize                                                        
70013c80  gRmIrqTreeCount                                                               
70013cbc  tisci_if_EPWM0                                                                
70013cc0  tisci_if_EPWM3                                                                
70013cc4  tisci_if_EPWM6                                                                
70013cc8  tisci_if_GPMC0                                                                
70013ccc  tisci_if_GTC0                                                                 
70013cd0  tisci_if_TIMER0                                                               
70013cd4  tisci_if_TIMER1                                                               
70013cd8  tisci_if_TIMER2                                                               
70013cdc  tisci_if_TIMER3                                                               
70070000  __start___llvm_prf_bits                                                       
70070000  __start___llvm_prf_cnts                                                       
70070000  __stop___llvm_prf_bits                                                        
70070000  __stop___llvm_prf_cnts                                                        
70070000  _sys_memory                                                                   
70078000  __stack                                                                       
7007c000  __BSS_START                                                                   
7007c000  __STACK_END                                                                   
7007c000  gHwiCtrl                                                                      
7007d730  gClockCtrl                                                                    
7007d780  gMmcsdDataBuf0                                                                
7007d980  gProfileObj                                                                   
7007da9c  gMmcsdHandle                                                                  
7007dac8  gEmmcData0                                                                    
7007db00  gADMA2Desc                                                                    
7007db0c  gUartHandle                                                                   
7007db80  __BSS_END                                                                     
7007db80  __IRQ_STACK_START                                                             
7007eb80  __FIQ_STACK_START                                                             
7007eb80  __IRQ_STACK_END                                                               
7007ec80  __FIQ_STACK_END                                                               
7007ec80  __SVC_STACK_START                                                             
7007ed80  __ABORT_STACK_START                                                           
7007ed80  __SVC_STACK_END                                                               
7007ee80  __ABORT_STACK_END                                                             
7007ee80  __UNDEFINED_STACK_START                                                       
7007ef80  __UNDEFINED_STACK_END                                                         
82000000  gAppimage                                                                     
ffffffff  __TI_pprof_out_hndl                                                           
ffffffff  __TI_prof_data_size                                                           
ffffffff  __TI_prof_data_start                                                          
ffffffff  __binit__                                                                     
ffffffff  binit                                                                         
UNDEFED   __TI_CINIT_Base                                                               
UNDEFED   __TI_CINIT_Limit                                                              
UNDEFED   __TI_Handler_Table_Base                                                       
UNDEFED   __TI_Handler_Table_Limit                                                      
UNDEFED   _system_post_cinit                                                            

[656 symbols]
