******************************************************************************
            TI ARM Clang Linker Unix v3.2.2                    
******************************************************************************
>> Linked Sun Aug  4 01:58:40 2024

OUTPUT FILE NAME:   <sbl_uart.release.out>
ENTRY POINT SYMBOL: "_vectors_sbl"  address: 70000000


MEMORY CONFIGURATION

         name            origin    length      used     unused   attr    fill
----------------------  --------  ---------  --------  --------  ----  --------
  R5F_VECS              00000000   00000040  00000000  00000040  RWIX
  R5F_TCMA              00000040   00007fc0  00000000  00007fc0  RWIX
  R5F_TCMB0             41010000   00008000  00000000  00008000  RWIX
  MSRAM_VECS            70000000   00000100  00000040  000000c0  RWIX
  MSRAM_0               70000100   0004ff00  00010910  0003f5f0  RWIX
  MSRAM_1               70050000   00030000  00006800  00029800  RWIX
  MSRAM_2               70180000   00060000  00060000  00000000  RWIX


SEGMENT ALLOCATION MAP

run origin  load origin   length   init length attrs members
----------  ----------- ---------- ----------- ----- -------
70000000    70000000    00000040   00000040    r-x
  70000000    70000000    00000040   00000040    r-x .vectors
70000100    70000100    0000cb60   0000cb60    r-x
  70000100    70000100    0000bc20   0000bc20    r-x .text
  7000bd20    7000bd20    00000760   00000760    r-x .text.hwi
  7000c480    7000c480    00000430   00000430    r-x .text.cache
  7000c8b0    7000c8b0    00000220   00000220    r-x .text.mpu
  7000cad0    7000cad0    00000190   00000190    r-x .text.boot
7000cc60    7000cc60    00002300   00002300    rw-
  7000cc60    7000cc60    00002300   00002300    rw- .data
7000ef60    7000ef60    00001ab0   00001ab0    r--
  7000ef60    7000ef60    00001ab0   00001ab0    r-- .rodata
70050000    70050000    00005400   00000000    rw-
  70050000    70050000    00004000   00000000    rw- .stack
  70054000    70054000    00001400   00000000    rw- .bss
70055400    70055400    00001400   00000000    r--
  70055400    70055400    00001000   00000000    r-- .irqstack
  70056400    70056400    00000100   00000000    r-- .fiqstack
  70056500    70056500    00000100   00000000    r-- .svcstack
  70056600    70056600    00000100   00000000    r-- .abortstack
  70056700    70056700    00000100   00000000    r-- .undefinedstack


SECTION ALLOCATION MAP

 output                                  attributes/
section   page    origin      length       input sections
--------  ----  ----------  ----------   ----------------
.vectors   0    70000000    00000040     
                  70000000    00000040     nortos.am64x.r5f.ti-arm-clang.release.lib : HwiP_armv7r_vectors_nortos_sbl_asm.obj (.vectors)

.text      0    70000100    0000bc20     
                  70000100    00000620     drivers.am64x.r5f.ti-arm-clang.release.lib : sciclient_rm_irq.obj (.text.Sciclient_rmIrqFindRoute)
                  70000720    00000598     nortos.am64x.r5f.ti-arm-clang.release.lib : printf.obj (.text._vsnprintf)
                  70000cb8    00000522     drivers.am64x.r5f.ti-arm-clang.release.lib : udma_ch.obj (.text.Udma_chDisable)
                  700011da    00000002     ti_dpl_config.obj (.text.Dpl_deinit)
                  700011dc    0000045e     drivers.am64x.r5f.ti-arm-clang.release.lib : udma_event.obj (.text.Udma_eventRegister)
                  7000163a    000003ec                                                : ddr.obj (.text.DDR_init)
                  70001a26    000003a4                                                : udma_ch.obj (.text.Udma_chOpen)
                  70001dca    000003a0                                                : sciclient.obj (.text.Sciclient_service)
                  7000216a    00000006                                                : csl_pktdma.obj (.text.CSL_pktdmaTeardownRxChan)
                  70002170    00000398     nortos.am64x.r5f.ti-arm-clang.release.lib : printf.obj (.text._ftoa)
                  70002508    00000390     drivers.am64x.r5f.ti-arm-clang.release.lib : uart_v0.obj (.text.UART_open)
                  70002898    0000036e     main.obj (.text.main)
                  70002c06    00000002     drivers.am64x.r5f.ti-arm-clang.release.lib : bootloader_mem.obj (.text.Mem_imgClose)
                  70002c08    00000310     nortos.am64x.r5f.ti-arm-clang.release.lib : printf.obj (.text._etoa)
                  70002f18    0000028c     drivers.am64x.r5f.ti-arm-clang.release.lib : sciclient_rm_irq.obj (.text.Sciclient_rmIrqGetRoute)
                  700031a4    00000280                                                : uart_v0_lld.obj (.text.UART_configInstance)
                  70003424    00000250                                                : bootloader.obj (.text.Bootloader_verifyMulticoreImage)
                  70003674    0000021e                                                : bootloader_soc.obj (.text.Bootloader_socCpuResetRelease)
                  70003892    00000002     nortos.am64x.r5f.ti-arm-clang.release.lib : SemaphoreP_nortos.obj (.text.SemaphoreP_destruct)
                  70003894    0000020e     drivers.am64x.r5f.ti-arm-clang.release.lib : bootloader_soc.obj (.text.Bootloader_socCpuPowerOnResetR5f)
                  70003aa2    00000002     nortos.am64x.r5f.ti-arm-clang.release.lib : TaskP_nortos.obj (.text.TaskP_yield)
                  70003aa4    0000020a     drivers.am64x.r5f.ti-arm-clang.release.lib : udma_event.obj (.text.Udma_eventUnRegister)
                  70003cae    00000206                                                : uart_v0_lld.obj (.text.UART_lld_controllerIsr)
                  70003eb4    00000206                                                : xmodem.obj (.text.xmodemReceive)
                  700040ba    00000202                                                : sciclient_rm_irq.obj (.text.Sciclient_rmProgramInterruptRoute)
                  700042bc    000001f0                                                : xmodem.obj (.text.xmodemTransmit)
                  700044ac    000001d4                                                : uart_dma_udma.obj (.text.UART_lld_dmaInit)
                  70004680    000001ca                                                : csl_bcdma.obj (.text.CSL_bcdmaChanOp)
                  7000484a    000001c0     nortos.am64x.r5f.ti-arm-clang.release.lib : TimerP.obj (.text.TimerP_setup)
                  70004a0a    000001b0     drivers.am64x.r5f.ti-arm-clang.release.lib : sciclient_rm_irq.obj (.text.Sciclient_rmClearInterruptRoute)
                  70004bba    00000198                                                : uart_v0_lld.obj (.text.UART_lld_initDma)
                  70004d52    00000190                                                : udma_ring_common.obj (.text.Udma_ringAlloc)
                  70004ee2    00000182                                                : uart_v0_lld.obj (.text.UART_lld_init)
                  70005064    00000174                                                : bootloader_soc.obj (.text.Bootloader_socCpuResetReleaseSelf)
                  700051d8    00000152     nortos.am64x.r5f.ti-arm-clang.release.lib : printf.obj (.text._ntoa_format)
                  7000532a    00000148     drivers.am64x.r5f.ti-arm-clang.release.lib : csl_bcdma.obj (.text.CSL_bcdmaChanOpCfgChan)
                  70005472    00000144                                                : uart_v0.obj (.text.UART_close)
                  700055b6    00000142                                                : uart_v0_lld.obj (.text.UART_lld_write)
                  700056f8    00000140                                                : sciclient_rm_irq.obj (.text.Sciclient_rmIrqProgramRoute)
                  70005838    0000013c                                                : udma_ch.obj (.text.Udma_chConfigRx)
                  70005974    00000134                                                : sciclient_rm_irq.obj (.text.Sciclient_rmIrqDeleteRoute)
                  70005aa8    00000132                                                : soc.obj (.text.SOC_moduleSetClockFrequency)
                  70005bda    0000012c                                                : uart_v0_lld.obj (.text.UART_lld_readIntr)
                  70005d06    00000120                                                : lpddr4_16bit.obj (.text.LPDDR4_CheckCtlInterrupt)
                  70005e26    00000118                                                : soc.obj (.text.SOC_moduleSetClockFrequencyWithParent)
                  70005f3e    00000002                                                : uart_v0.obj (.text.UART_lld_errorCallback)
                  70005f40    00000118     libclang_rt.builtins.a : udivmoddi4.S.obj (.text)
                  70006058    00000112     drivers.am64x.r5f.ti-arm-clang.release.lib : bootloader_soc.obj (.text.Bootloader_socCpuPowerOnResetM4f)
                  7000616a    00000112                                                : lpddr4_16bit.obj (.text.LPDDR4_AckCtlInterrupt)
                  7000627c    00000102     nortos.am64x.r5f.ti-arm-clang.release.lib : ClockP_nortos_r5.obj (.text.ClockP_init)
                  7000637e    000000fe     drivers.am64x.r5f.ti-arm-clang.release.lib : uart_v0.obj (.text.UART_read)
                  7000647c    000000fa                                                : udma_flow.obj (.text.Udma_flowConfig)
                  70006576    000000f6                                                : udma_ch.obj (.text.Udma_chEnable)
                  7000666c    000000f4                                                : uart_v0.obj (.text.UART_write)
                  70006760    000000f0                                                : udma_ch.obj (.text.Udma_chFreeResource)
                  70006850    000000da                                                : udma_ch.obj (.text.Udma_chConfigTx)
                  7000692a    000000d4                                                : bootloader.obj (.text.Bootloader_rprcImageLoad)
                  700069fe    000000d2                                                : bootloader.obj (.text.Bootloader_parseMultiCoreAppImage)
                  70006ad0    000000c4                                                : uart_dma_udma.obj (.text.UART_lld_dmaRead)
                  70006b94    000000c2                                                : uart_dma_udma.obj (.text.UART_lld_dmaWrite)
                  70006c56    000000ba                                                : bootloader.obj (.text.Bootloader_loadSelfCpu)
                  70006d10    000000ba                                                : csl_bcdma.obj (.text.CSL_bcdmaChanOpTeardownChan)
                  70006dca    000000b8                                                : uart_v0_lld.obj (.text.UART_divisorLatchWrite)
                  70006e82    000000b0     nortos.am64x.r5f.ti-arm-clang.release.lib : printf.obj (.text._ntoa_long_long)
                  70006f32    000000ac     drivers.am64x.r5f.ti-arm-clang.release.lib : uart_v0_lld.obj (.text.UART_lld_read)
                  70006fde    000000aa                                                : sciclient_rm_irq.obj (.text.Sciclient_rmIaValidateMapping)
                  70007088    000000aa                                                : uart_v0_lld.obj (.text.UART_procLineStatusErr)
                  70007132    000000aa                                                : udma_rm.obj (.text.Udma_rmAllocMappedRxCh)
                  700071dc    000000aa                                                : udma_rm.obj (.text.Udma_rmAllocMappedTxCh)
                  70007286    000000a6                                                : udma_ch.obj (.text.Udma_chConfigPdma)
                  7000732c    000000a6     nortos.am64x.r5f.ti-arm-clang.release.lib : printf.obj (.text._out_rev)
                  700073d2    000000a4     drivers.am64x.r5f.ti-arm-clang.release.lib : sciclient_pm.obj (.text.Sciclient_pmQueryModuleClkFreq)
                  70007476    000000a2                                                : sciclient_rm_irq.obj (.text.Sciclient_rmIrInpIsFree)
                  70007518    000000a0                                                : bootloader.obj (.text.Bootloader_getMsgLen)
                  700075b8    000000a0                                                : udma_rm.obj (.text.Udma_rmAllocBlkCopyCh)
                  70007658    000000a0                                                : udma_rm.obj (.text.Udma_rmAllocBlkCopyHcCh)
                  700076f8    000000a0                                                : udma_rm.obj (.text.Udma_rmAllocBlkCopyUhcCh)
                  70007798    000000a0                                                : udma_rm.obj (.text.Udma_rmAllocIrIntr)
                  70007838    000000a0                                                : udma_rm.obj (.text.Udma_rmAllocRxCh)
                  700078d8    000000a0                                                : udma_rm.obj (.text.Udma_rmAllocRxHcCh)
                  70007978    000000a0                                                : udma_rm.obj (.text.Udma_rmAllocRxUhcCh)
                  70007a18    000000a0                                                : udma_rm.obj (.text.Udma_rmAllocTxCh)
                  70007ab8    000000a0                                                : udma_rm.obj (.text.Udma_rmAllocTxHcCh)
                  70007b58    000000a0                                                : udma_rm.obj (.text.Udma_rmAllocTxUhcCh)
                  70007bf8    0000009e                                                : uart_v0.obj (.text.UART_flushTxFifo)
                  70007c96    0000009a                                                : sciclient.obj (.text.Sciclient_init)
                  70007d30    0000009a                                                : sciclient.obj (.text.Sciclient_sendMessage)
                  70007dca    0000009a                                                : uart_v0_lld.obj (.text.UART_readDataPolling)
                  70007e64    0000009a                                                : uart_dma_udma.obj (.text.UART_udmaDeInitCh)
                  70007efe    00000098                                                : uart_v0_lld.obj (.text.UART_lld_readWithCounter)
                  70007f96    00000096     nortos.am64x.r5f.ti-arm-clang.release.lib : SemaphoreP_nortos.obj (.text.SemaphoreP_pend)
                  7000802c    00000094     drivers.am64x.r5f.ti-arm-clang.release.lib : uart_v0.obj (.text.UART_init)
                  700080c0    00000094                                                : udma_rm.obj (.text.Udma_rmAllocMappedRing)
                  70008154    00000092                                                : sciclient_pm.obj (.text.Sciclient_pmSetModuleClkFreq)
                  700081e6    00000092                                                : udma_ch.obj (.text.Udma_chClose)
                  70008278    00000092                                                : udma_event.obj (.text.Udma_eventFreeResource)
                  7000830a    00000090                                                : bootloader_soc.obj (.text.Bootloader_socCpuSetEntryPoint)
                  7000839a    0000008e                                                : csl_pktdma.obj (.text.CSL_pktdmaTeardownChan)
                  70008428    0000008c     nortos.am64x.r5f.ti-arm-clang.release.lib : printf.obj (.text._ntoa_long)
                  700084b4    0000008a     drivers.am64x.r5f.ti-arm-clang.release.lib : udma_event.obj (.text.Udma_eventIsrFxn)
                  7000853e    00000086                                                : uart_v0_lld.obj (.text.UART_lld_writeIntr)
                  700085c4    00000080                                                : sciclient_boardcfg.obj (.text.Sciclient_boardCfgPm)
                  70008644    00000080                                                : sciclient_boardcfg.obj (.text.Sciclient_boardCfgRm)
                  700086c4    0000007e                                                : bootloader_soc.obj (.text.Bootloader_socOpenFirewalls)
                  70008742    0000007c                                                : pinmux.obj (.text.Pinmux_config)
                  700087be    0000007c                                                : sciclient_procboot.obj (.text.Sciclient_procBootWaitProcessorState)
                  7000883a    0000007c                                                : sciclient_rm_irq.obj (.text.Sciclient_rmIrOutpIsFree)
                  700088b6    0000007c                                                : sciclient_rm_irq.obj (.text.Sciclient_rmIrqGetNode)
                  70008932    0000007a                                                : sciclient_pm.obj (.text.Sciclient_pmGetModuleClkNumParent)
                  700089ac    00000078                                                : bootloader_soc.obj (.text.Bootloader_socCpuSetClock)
                  70008a24    00000078                                                : bootloader_soc.obj (.text.Bootloader_socOpenFirewallRegion)
                  70008a9c    00000078                                                : uart_v0_lld.obj (.text.UART_lld_readDma)
                  70008b14    00000076                                                : uart_v0_lld.obj (.text.UART_lld_writeDma)
                  70008b8a    00000072                                                : bootloader_soc.obj (.text.Bootloader_socCpuPowerOnResetA53)
                  70008bfc    00000072                                                : csl_pktdma.obj (.text.CSL_pktdmaAccessChanPeerReg)
                  70008c6e    00000072                                                : udma_rm.obj (.text.Udma_rmAllocVintrBit)
                  70008ce0    00000070                                                : bootloader_soc.obj (.text.Bootloader_socMemInitCpu)
                  70008d50    0000006e                                                : lpddr4.obj (.text.LPDDR4_Start)
                  70008dbe    0000006e                                                : soc.obj (.text.SOC_moduleClockEnable)
                  70008e2c    0000006e                                                : sciclient_pm.obj (.text.Sciclient_pmGetModuleState)
                  70008e9a    0000006c                                                : soc.obj (.text.SOC_isR5FDualCoreMode)
                  70008f06    0000006c                                                : uart_dma_udma.obj (.text.UART_udmaHpdInit)
                  70008f72    00000068     nortos.am64x.r5f.ti-arm-clang.release.lib : AddrTranslateP.obj (.text.AddrTranslateP_getLocalAddr)
                  70008fda    00000068     drivers.am64x.r5f.ti-arm-clang.release.lib : bootloader_soc.obj (.text.Bootloader_socCpuRelease)
                  70009042    00000066                                                : bootloader_soc.obj (.text.Bootloader_socCpuRequest)
                  700090a8    00000066                                                : sciclient_pm.obj (.text.Sciclient_pmGetModuleClkFreq)
                  7000910e    00000066                                                : sciclient_pm.obj (.text.Sciclient_pmGetModuleClkParent)
                  70009174    00000064                                                : bootloader_soc.obj (.text.Bootloader_socCpuGetClock)
                  700091d8    00000064                                                : csl_bcdma.obj (.text.CSL_bcdmaDoChanOp)
                  7000923c    00000064                                                : csl_emif.obj (.text.CSL_emifConfig)
                  700092a0    00000064                                                : sciclient_pm.obj (.text.Sciclient_pmModuleGetClkStatus)
                  70009304    00000064                                                : uart_v0_lld.obj (.text.UART_readCancelNoCB)
                  70009368    00000064                                                : uart_v0_lld.obj (.text.UART_writeCancelNoCB)
                  700093cc    00000062                                                : sciclient.obj (.text.Sciclient_waitForBootNotification)
                  7000942e    00000062                                                : udma_ring_common.obj (.text.Udma_ringFree)
                  70009490    00000062                                                : udma_ring_common.obj (.text.Udma_ringQueueRaw)
                  700094f2    00000060                                                : uart_v0_lld.obj (.text.UART_intrDisable)
                  70009552    00000060                                                : udma_rm.obj (.text.Udma_rmFreeMappedRing)
                  700095b2    0000005e                                                : bootloader.obj (.text.Bootloader_runCpu)
                  70009610    0000005e     nortos.am64x.r5f.ti-arm-clang.release.lib : ClockP_nortos.obj (.text.ClockP_timerTickIsr)
                  7000966e    0000005e     drivers.am64x.r5f.ti-arm-clang.release.lib : sciclient_pm.obj (.text.Sciclient_pmModuleClkRequest)
                  700096cc    0000005e                                                : sciclient_pm.obj (.text.Sciclient_pmSetModuleClkParent)
                  7000972a    0000005e                                                : uart_dma_udma.obj (.text.UART_lld_dmaDisableChannel)
                  70009788    0000005c                                                : csl_bcdma.obj (.text.CSL_bcdmaChanOpGetChanStats)
                  700097e4    0000005c                                                : csl_bcdma.obj (.text.CSL_bcdmaChanOpSetChanPause)
                  70009840    0000005c                                                : sciclient_procboot.obj (.text.Sciclient_procBootSetSequenceCtrl)
                  7000989c    0000005c                                                : uart_dma_udma.obj (.text.UART_udmaIsrRx)
                  700098f8    0000005c                                                : uart_dma_udma.obj (.text.UART_udmaIsrTx)
                  70009954    0000005c                                                : udma_rm.obj (.text.Udma_rmAllocEvent)
                  700099b0    0000005c                                                : udma_rm.obj (.text.Udma_rmAllocVintr)
                  70009a0c    0000005c     nortos.am64x.r5f.ti-arm-clang.release.lib : DebugP_log.obj (.text._DebugP_assert)
                  70009a68    0000005a     drivers.am64x.r5f.ti-arm-clang.release.lib : uart_v0_lld.obj (.text.UART_lld_flushTxFifo)
                  70009ac2    0000005a                                                : udma_ring_common.obj (.text.Udma_ringDequeueRaw)
                  70009b1c    00000058     libc.a : autoinit.c.obj (.text:__TI_auto_init_nobinit_nopinit)
                  70009b74    00000056     nortos.am64x.r5f.ti-arm-clang.release.lib : ClockP_nortos.obj (.text.ClockP_getTimeUsec)
                  70009bca    00000054     drivers.am64x.r5f.ti-arm-clang.release.lib : csl_bcdma.obj (.text.CSL_bcdmaChanOpDecChanStats)
                  70009c1e    00000054                                                : csl_bcdma.obj (.text.CSL_bcdmaChanOpGetChanRT)
                  70009c72    00000054                                                : csl_intaggr.obj (.text.CSL_intaggrIsIntrPending)
                  70009cc6    00000054                                                : sciclient_rm.obj (.text.Sciclient_rmGetResourceRange)
                  70009d1a    00000052                                                : sciclient_pm.obj (.text.Sciclient_pmSetModuleState)
                  70009d6c    00000052                                                : uart_v0_lld.obj (.text.UART_lld_deInitDma)
                  70009dbe    00000050     nortos.am64x.r5f.ti-arm-clang.release.lib : ClockP_nortos.obj (.text.ClockP_addToList)
                  70009e0e    00000050                                               : ClockP_nortos.obj (.text.ClockP_construct)
                  70009e5e    00000002     drivers.am64x.r5f.ti-arm-clang.release.lib : udma_rm.obj (.text.Udma_rmFreeFreeRing)
                  70009e60    00000050                                                : sciclient_soc_priv.obj (.text.Sciclient_getContext)
                  70009eb0    00000050                                                : udma_rm.obj (.text.Udma_rmFreeVintrBit)
                  70009f00    0000004e                                                : bootloader.obj (.text.Bootloader_findSeq)
                  70009f4e    0000004e                                                : lpddr4.obj (.text.LPDDR4_ReadReg)
                  70009f9c    0000004e                                                : sciclient_procboot.obj (.text.Sciclient_procBootReleaseProcessor)
                  70009fea    0000004e                                                : udma_soc.obj (.text.Udma_getMappedChRingAttributes)
                  7000a038    0000004c     ti_drivers_open_close.obj (.text.Drivers_uartOpen)
                  7000a084    0000004c     ti_power_clock_config.obj (.text.Module_clockSetFrequency)
                  7000a0d0    0000004c     drivers.am64x.r5f.ti-arm-clang.release.lib : udma_ch.obj (.text.UdmaChTxPrms_init)
                  7000a11c    0000004a                                                : csl_intaggr.obj (.text.CSL_intaggrClrIntr)
                  7000a166    0000004a                                                : pinmux.obj (.text.Pinmux_unlockMMR)
                  7000a1b0    0000004a                                                : sciclient.obj (.text.Sciclient_triggerSecHandover)
                  7000a1fa    0000004a                                                : uart_v0_lld.obj (.text.UART_lld_deInit)
                  7000a244    0000004a                                                : udma_ch.obj (.text.UdmaChPrms_init)
                  7000a28e    0000004a                                                : udma_rm.obj (.text.Udma_rmFreeMappedRxCh)
                  7000a2d8    0000004a                                                : udma_rm.obj (.text.Udma_rmFreeMappedTxCh)
                  7000a322    00000048                                                : csl_bcdma.obj (.text.CSL_bcdmaChanOpSetChanRT)
                  7000a36a    00000048                                                : lpddr4.obj (.text.LPDDR4_WritePhyIndepConfig)
                  7000a3b2    00000048                                                : bootloader_xmodem.obj (.text._inbyte)
                  7000a3fa    00000046                                                : lpddr4.obj (.text.LPDDR4_WritePhyConfig)
                  7000a440    00000046                                                : sciclient_pm.obj (.text.Sciclient_pmSetModuleRst_flags)
                  7000a486    00000046                                                : sciclient_procboot.obj (.text.Sciclient_procBootGetProcessorState)
                  7000a4cc    00000046                                                : udma_ch.obj (.text.UdmaChRxPrms_init)
                  7000a512    00000044                                                : bootloader.obj (.text.Bootloader_loadCpu)
                  7000a556    00000044                                                : sciclient_pm.obj (.text.Sciclient_pmSetModuleRst)
                  7000a59a    00000044                                                : sciclient_procboot.obj (.text.Sciclient_procBootRequestProcessor)
                  7000a5de    00000044                                                : sciclient_rm_irq.obj (.text.Sciclient_rmIrqUnmappedVintRouteDelete)
                  7000a622    00000042                                                : ddr_soc.obj (.text.DDR_socEnableVttRegulator)
                  7000a664    00000042                                                : sciclient_procboot.obj (.text.Sciclient_procBootAuthAndStart)
                  7000a6a6    00000042                                                : sciclient_rm.obj (.text.Sciclient_rmIrqReleaseRaw)
                  7000a6e8    00000042                                                : sciclient_rm.obj (.text.Sciclient_rmPsilPair)
                  7000a72a    00000042                                                : sciclient_rm.obj (.text.Sciclient_rmPsilUnpair)
                  7000a76c    00000040                                                : csl_bcdma.obj (.text.CSL_bcdmaChanOpSetBurstSize)
                  7000a7ac    00000040     nortos.am64x.r5f.ti-arm-clang.release.lib : ClockP_nortos.obj (.text.ClockP_stop)
                  7000a7ec    00000040     ti_dpl_config.obj (.text.Dpl_init)
                  7000a82c    00000040     drivers.am64x.r5f.ti-arm-clang.release.lib : lpddr4.obj (.text.LPDDR4_WriteCtlConfig)
                  7000a86c    00000040                                                : sciclient_firewall.obj (.text.Sciclient_firewallChangeOwnerInfo)
                  7000a8ac    00000040                                                : sciclient_firewall.obj (.text.Sciclient_firewallSetRegion)
                  7000a8ec    00000040                                                : sciclient_rm.obj (.text.Sciclient_rmIrqSetRaw)
                  7000a92c    00000040                                                : sciclient_rm.obj (.text.Sciclient_rmRingCfg)
                  7000a96c    00000040                                                : sciclient_rm.obj (.text.Sciclient_rmUdmapFlowCfg)
                  7000a9ac    00000040                                                : sciclient_rm.obj (.text.Sciclient_rmUdmapFlowSizeThreshCfg)
                  7000a9ec    00000040                                                : sciclient_rm.obj (.text.Sciclient_rmUdmapRxChCfg)
                  7000aa2c    00000040                                                : sciclient_rm.obj (.text.Sciclient_rmUdmapTxChCfg)
                  7000aa6c    00000040     nortos.am64x.r5f.ti-arm-clang.release.lib : SemaphoreP_nortos.obj (.text.SemaphoreP_constructBinary)
                  7000aaac    00000040     drivers.am64x.r5f.ti-arm-clang.release.lib : udma_rm.obj (.text.Udma_rmFreeBlkCopyCh)
                  7000aaec    00000040                                                : udma_rm.obj (.text.Udma_rmFreeBlkCopyHcCh)
                  7000ab2c    00000040                                                : udma_rm.obj (.text.Udma_rmFreeBlkCopyUhcCh)
                  7000ab6c    00000040                                                : udma_rm.obj (.text.Udma_rmFreeEvent)
                  7000abac    00000040                                                : udma_rm.obj (.text.Udma_rmFreeIrIntr)
                  7000abec    00000040                                                : udma_rm.obj (.text.Udma_rmFreeRxCh)
                  7000ac2c    00000040                                                : udma_rm.obj (.text.Udma_rmFreeRxHcCh)
                  7000ac6c    00000040                                                : udma_rm.obj (.text.Udma_rmFreeRxUhcCh)
                  7000acac    00000040                                                : udma_rm.obj (.text.Udma_rmFreeTxCh)
                  7000acec    00000040                                                : udma_rm.obj (.text.Udma_rmFreeTxHcCh)
                  7000ad2c    00000040                                                : udma_rm.obj (.text.Udma_rmFreeTxUhcCh)
                  7000ad6c    00000040                                                : udma_rm.obj (.text.Udma_rmFreeVintr)
                  7000adac    0000003e                                                : bootloader.obj (.text.Bootloader_open)
                  7000adea    0000003e                                                : soc.obj (.text.SOC_controlModuleUnlockMMR)
                  7000ae28    0000003e                                                : sciclient_procboot.obj (.text.Sciclient_procBootSetProcessorCfg)
                  7000ae66    0000003e     nortos.am64x.r5f.ti-arm-clang.release.lib : SemaphoreP_nortos.obj (.text.SemaphoreP_constructMutex)
                  7000aea4    0000003e     drivers.am64x.r5f.ti-arm-clang.release.lib : udma_flow.obj (.text.UdmaFlowPrms_init)
                  7000aee2    0000003e                                                : udma_ring_common.obj (.text.Udma_ringFlushRaw)
                  7000af20    0000003c                                                : bootloader_soc.obj (.text.Bootloader_socTranslateSectionAddr)
                  7000af5c    0000003c                                                : csl_bcdma.obj (.text.CSL_bcdmaGetCfg)
                  7000af98    0000003a     nortos.am64x.r5f.ti-arm-clang.release.lib : ClockP_nortos.obj (.text.ClockP_destruct)
                  7000afd2    00000038     drivers.am64x.r5f.ti-arm-clang.release.lib : bootloader_soc.obj (.text.Bootloader_socEnableICSSCores)
                  7000b00a    00000038                                                : bootloader_buf_io.obj (.text.BufIo_sendTransferComplete)
                  7000b042    00000038                                                : sciclient.obj (.text.Sciclient_getCurrentContext)
                  7000b07a    00000038     nortos.am64x.r5f.ti-arm-clang.release.lib : DebugP_nortos.obj (.text._DebugP_logZone)
                  7000b0b2    00000034                                               : ClockP_nortos.obj (.text.ClockP_start)
                  7000b0e6    00000034     drivers.am64x.r5f.ti-arm-clang.release.lib : lpddr4_16bit.obj (.text.LPDDR4_EnablePIInitiator)
                  7000b11a    00000034                                                : lpddr4.obj (.text.LPDDR4_PollCtlIrq)
                  7000b14e    00000032                                                : bootloader.obj (.text.Bootloader_BootImageInfo_init)
                  7000b180    00000032                                                : bootloader_xmodem.obj (.text.Bootloader_xmodemReceive)
                  7000b1b2    00000032                                                : bootloader_xmodem.obj (.text.Bootloader_xmodemTransmit)
                  7000b1e4    00000032     nortos.am64x.r5f.ti-arm-clang.release.lib : ClockP_nortos.obj (.text.ClockP_usleep)
                  7000b216    00000032                                               : SemaphoreP_nortos.obj (.text.SemaphoreP_post)
                  7000b248    00000032     ti_drivers_config.obj (.text.System_init)
                  7000b27a    00000032     drivers.am64x.r5f.ti-arm-clang.release.lib : udma_event.obj (.text.UdmaEventPrms_init)
                  7000b2ac    00000032                                                : bootloader_xmodem.obj (.text._outbyte)
                  7000b2de    0000002e                                                : ddr.obj (.text.DDR_setFreq)
                  7000b30c    0000002e     ti_power_clock_config.obj (.text.Module_clockDisable)
                  7000b33a    0000002e     ti_power_clock_config.obj (.text.Module_clockEnable)
                  7000b368    0000002e     drivers.am64x.r5f.ti-arm-clang.release.lib : uart_v0.obj (.text.UART_getHandle)
                  7000b396    0000002e                                                : udma_ring_common.obj (.text.UdmaRingPrms_init)
                  7000b3c4    0000002c                                                : bootloader_soc.obj (.text.Bootloader_socIsMCUResetIsoEnabled)
                  7000b3f0    0000002c                                                : csl_pktdma.obj (.text.CSL_pktdmaGetRxRT)
                  7000b41c    0000002c                                                : csl_pktdma.obj (.text.CSL_pktdmaGetTxRT)
                  7000b448    0000002c                                                : crc16.obj (.text.crc16_ccitt)
                  7000b474    0000002a                                                : soc.obj (.text.SOC_controlModuleLockMMR)
                  7000b49e    0000002a                                                : uart_v0.obj (.text.UART_lld_writeCompleteCallback)
                  7000b4c8    00000028                                                : bootloader_soc.obj (.text.Bootloader_socCpuPowerOnReset)
                  7000b4f0    00000028     nortos.am64x.r5f.ti-arm-clang.release.lib : ClockP_nortos.obj (.text.ClockP_sleepTicks)
                  7000b518    00000028     drivers.am64x.r5f.ti-arm-clang.release.lib : bootloader_mem.obj (.text.Mem_imgRead)
                  7000b540    00000028                                                : uart_v0.obj (.text.UART_lld_readCompleteCallback)
                  7000b568    00000028                                                : uart_v0_lld.obj (.text.UART_statusIsDataReady)
                  7000b590    00000028                                                : udma_ch.obj (.text.Udma_chGetCqRingHandle)
                  7000b5b8    00000028                                                : udma_ch.obj (.text.Udma_chGetFqRingHandle)
                  7000b5e0    00000026     nortos.am64x.r5f.ti-arm-clang.release.lib : ClockP_nortos.obj (.text.ClockP_sleep)
                  7000b606    00000024     drivers.am64x.r5f.ti-arm-clang.release.lib : csl_bcdma.obj (.text.CSL_bcdmaGetChanPeerReg)
                  7000b62a    00000002     nortos.am64x.r5f.ti-arm-clang.release.lib : printf.obj (.text._out_null)
                  7000b62c    00000024     libclang_rt.builtins.a : aeabi_uldivmod.S.obj (.text.__aeabi_uldivmod)
                  7000b650    00000024     nortos.am64x.r5f.ti-arm-clang.release.lib : printf.obj (.text.vprintf_)
                  7000b674    00000022     drivers.am64x.r5f.ti-arm-clang.release.lib : bootloader.obj (.text.Bootloader_runSelfCpu)
                  7000b696    00000022                                                : bootloader_soc.obj (.text.Bootloader_socIsR5FSSDual)
                  7000b6b8    00000022                                                : csl_bcdma.obj (.text.CSL_bcdmaSetChanPeerReg)
                  7000b6da    00000022     ti_pinmux_config.obj (.text.Pinmux_init)
                  7000b6fc    00000022     drivers.am64x.r5f.ti-arm-clang.release.lib : uart_dma_udma.obj (.text.UART_lld_dmaDeInit)
                  7000b71e    00000022                                                : udma_utils.obj (.text.Udma_virtToPhyFxn)
                  7000b740    00000020                                                : bootloader_soc.obj (.text.Bootloader_enableMCUPLL)
                  7000b760    00000020                                                : bootloader_soc.obj (.text.Bootloader_socGetCoreName)
                  7000b780    00000020                                                : bootloader_soc.obj (.text.Bootloader_socRprcToCslCoreId)
                  7000b7a0    00000020                                                : csl_pktdma.obj (.text.CSL_pktdmaSetRxRT)
                  7000b7c0    00000020                                                : csl_pktdma.obj (.text.CSL_pktdmaSetTxRT)
                  7000b7e0    00000020     nortos.am64x.r5f.ti-arm-clang.release.lib : DebugP_log.obj (.text.DebugP_logZoneEnable)
                  7000b800    00000020     ti_drivers_config.obj (.text.System_deinit)
                  7000b820    00000020     nortos.am64x.r5f.ti-arm-clang.release.lib : TimerP.obj (.text.TimerP_Params_init)
                  7000b840    0000001e     drivers.am64x.r5f.ti-arm-clang.release.lib : csl_bcdma.obj (.text.CSL_bcdmaTeardownRxChan)
                  7000b85e    0000001e                                                : csl_bcdma.obj (.text.CSL_bcdmaTeardownTxChan)
                  7000b87c    0000001e                                                : uart_v0_lld.obj (.text.UART_spaceAvail)
                  7000b89a    0000001c                                                : bootloader_soc.obj (.text.Bootloader_socCpuGetClkDefault)
                  7000b8b6    0000001c                                                : bootloader_soc.obj (.text.Bootloader_socIsAuthRequired)
                  7000b8d2    0000001c                                                : csl_pktdma.obj (.text.CSL_pktdmaGetChanPeerReg)
                  7000b8ee    0000001c                                                : csl_pktdma.obj (.text.CSL_pktdmaSetChanPeerReg)
                  7000b90a    0000001c                                                : bootloader_mem.obj (.text.Mem_imgOpen)
                  7000b926    0000001c                                                : udma_utils.obj (.text.UdmaUtils_getRingMemSize)
                  7000b942    0000001c                                                : udma_event.obj (.text.Udma_eventGetGlobalHandle)
                  7000b95e    00000002     ti_dpl_config.obj (.text.putchar_)
                  7000b960    0000001c     libc.a : memcpy32.S.obj (.text:TI_memcpy_small)
                  7000b97c    0000001a     drivers.am64x.r5f.ti-arm-clang.release.lib : csl_emif.obj (.text.CSL_emifDisableECC)
                  7000b996    0000001a                                                : csl_emif.obj (.text.CSL_emifEnableECC)
                  7000b9b0    0000001a                                                : uart_v0.obj (.text.UART_deinit)
                  7000b9ca    00000018                                                : bootloader_soc.obj (.text.Bootloader_socAuthImage)
                  7000b9e2    00000018     ti_drivers_open_close.obj (.text.Drivers_close)
                  7000b9fa    00000018     drivers.am64x.r5f.ti-arm-clang.release.lib : lpddr4.obj (.text.LPDDR4_Init)
                  7000ba12    00000018                                                : sciclient_soc_priv.obj (.text.Sciclient_getDevId)
                  7000ba2a    00000002     --HOLE-- [fill = 0]
                  7000ba2c    00000018     libc.a : memset32.S.obj (.text:TI_memset_small)
                  7000ba44    00000016     drivers.am64x.r5f.ti-arm-clang.release.lib : bootloader_soc.obj (.text.Bootloader_socNotifyFirewallOpen)
                  7000ba5a    00000016                                                : csl_bcdma.obj (.text.CSL_bcdmaGetRxRT)
                  7000ba70    00000016                                                : csl_bcdma.obj (.text.CSL_bcdmaGetTxRT)
                  7000ba86    00000016                                                : csl_bcdma.obj (.text.CSL_bcdmaSetRxRT)
                  7000ba9c    00000016                                                : csl_bcdma.obj (.text.CSL_bcdmaSetTxRT)
                  7000bab2    00000014     nortos.am64x.r5f.ti-arm-clang.release.lib : ClockP_nortos.obj (.text.ClockP_usecToTicks)
                  7000bac6    00000014     drivers.am64x.r5f.ti-arm-clang.release.lib : sciclient_fmwSecureProxyMap.obj (.text.Sciclient_getRxThreadId)
                  7000bada    00000014                                                : sciclient_fmwSecureProxyMap.obj (.text.Sciclient_getTxThreadId)
                  7000baee    00000014                                                : uart_v0.obj (.text.UART_Transaction_init)
                  7000bb02    00000012                                                : csl_emif.obj (.text.CSL_emifClearECCInterruptStatus)
                  7000bb14    00000012                                                : csl_emif.obj (.text.CSL_emifEnableECCInterrupts)
                  7000bb26    00000012     nortos.am64x.r5f.ti-arm-clang.release.lib : TimerP.obj (.text.TimerP_clearOverflowInt)
                  7000bb38    00000012     drivers.am64x.r5f.ti-arm-clang.release.lib : uart_v0_lld.obj (.text.UART_operatingModeSelect)
                  7000bb4a    00000010                                                : bootloader.obj (.text.Bootloader_close)
                  7000bb5a    00000010                                                : bootloader.obj (.text.Bootloader_getBootMedia)
                  7000bb6a    00000010                                                : bootloader.obj (.text.Bootloader_isCorePresent)
                  7000bb7a    00000010                                                : csl_lcdma_ringacc.obj (.text.CSL_lcdma_ringaccIsTeardownComplete)
                  7000bb8a    00000010                                                : lpddr4.obj (.text.LPDDR4_Probe)
                  7000bb9a    00000010                                                : sciclient_rm.obj (.text.Sciclient_rmIrqRelease)
                  7000bbaa    00000010                                                : uart_v0_lld.obj (.text.UART_intr2Disable)
                  7000bbba    00000010                                                : udma_rm.obj (.text.Udma_rmTranslateCoreIntrInput)
                  7000bbca    00000010                                                : udma_rm.obj (.text.Udma_rmTranslateIrOutput)
                  7000bbda    00000002     --HOLE-- [fill = 0]
                  7000bbdc    00000010     libclang_rt.builtins.a : aeabi_memset.S.obj (.text.__aeabi_memset)
                  7000bbec    0000000e     drivers.am64x.r5f.ti-arm-clang.release.lib : bootloader_soc.obj (.text.Bootloader_socGetBootSeqOid)
                  7000bbfa    0000000e     ti_power_clock_config.obj (.text.PowerClock_init)
                  7000bc08    0000000c     drivers.am64x.r5f.ti-arm-clang.release.lib : bootloader.obj (.text.Bootloader_Params_init)
                  7000bc14    0000000c     nortos.am64x.r5f.ti-arm-clang.release.lib : ClockP_nortos.obj (.text.ClockP_getTicks)
                  7000bc20    0000000c     drivers.am64x.r5f.ti-arm-clang.release.lib : udma_ch.obj (.text.UdmaChPdmaPrms_init)
                  7000bc2c    0000000c     libclang_rt.builtins.a : aeabi_memset.S.obj (.text.__aeabi_memclr)
                  7000bc38    0000000a     drivers.am64x.r5f.ti-arm-clang.release.lib : bootloader_soc.obj (.text.Bootloader_socGetSBLMem)
                  7000bc42    0000000a                                                : csl_sec_proxy.obj (.text.CSL_secProxyGetDataAddr)
                  7000bc4c    0000000a     nortos.am64x.r5f.ti-arm-clang.release.lib : ClockP_nortos.obj (.text.ClockP_Params_init)
                  7000bc56    0000000a                                               : ClockP_nortos.obj (.text.ClockP_isActive)
                  7000bc60    0000000a                                               : TimerP.obj (.text.TimerP_start)
                  7000bc6a    0000000a     drivers.am64x.r5f.ti-arm-clang.release.lib : uart_v0_lld.obj (.text.UART_lld_Transaction_deInit)
                  7000bc74    0000000a                                                : uart_dma_soc.obj (.text.UART_udmapSetReturnPolicy)
                  7000bc7e    00000008                                                : udma_ring_common.obj (.text.Udma_ringGetForwardRingOcc)
                  7000bc86    00000008                                                : udma_ring_common.obj (.text.Udma_ringGetReverseRingOcc)
                  7000bc8e    00000008     nortos.am64x.r5f.ti-arm-clang.release.lib : printf.obj (.text._out_char)
                  7000bc96    00000002     --HOLE-- [fill = 0]
                  7000bc98    00000008     libc.a : exit.c.obj (.text:abort)
                  7000bca0    00000006     drivers.am64x.r5f.ti-arm-clang.release.lib : csl_pktdma.obj (.text.CSL_pktdmaTeardownTxChan)
                  7000bca6    00000006                                                : soc.obj (.text.SOC_getFlashDataBaseAddr)
                  7000bcac    00000006                                                : udma_rm.obj (.text.Udma_rmAllocFreeRing)
                  7000bcb2    00000004     ti_board_open_close.obj (.text.Board_driversOpen)
                  7000bcb6    00000004     drivers.am64x.r5f.ti-arm-clang.release.lib : bootloader_soc.obj (.text.Bootloader_socWaitForFWBoot)
                  7000bcba    00000004                                                : lpddr4.obj (.text.CPS_UncachedRead32)
                  7000bcbe    00000004                                                : lpddr4.obj (.text.CPS_UncachedWrite32)
                  7000bcc2    00000004     nortos.am64x.r5f.ti-arm-clang.release.lib : ClockP_nortos_r5.obj (.text.ClockP_getTimerCount)
                  7000bcc6    00000004                                               : ClockP_nortos_r5.obj (.text.ClockP_timerClearOverflowInt)
                  7000bcca    00000004     ti_drivers_open_close.obj (.text.Drivers_open)
                  7000bcce    00000004     drivers.am64x.r5f.ti-arm-clang.release.lib : bootloader_mem.obj (.text.Mem_imgGetCurOffset)
                  7000bcd2    00000004                                                : bootloader_mem.obj (.text.Mem_imgSeek)
                  7000bcd6    00000004     ti_power_clock_config.obj (.text.PowerClock_deinit)
                  7000bcda    00000004     drivers.am64x.r5f.ti-arm-clang.release.lib : sciclient.obj (.text.Sciclient_deinit)
                  7000bcde    00000004                                                : sciclient_rm.obj (.text.Sciclient_rmIrqSet)
                  7000bce2    00000004     nortos.am64x.r5f.ti-arm-clang.release.lib : TimerP.obj (.text.TimerP_getCount)
                  7000bce6    00000004                                               : TimerP.obj (.text.TimerP_getReloadCount)
                  7000bcea    00000004     drivers.am64x.r5f.ti-arm-clang.release.lib : udma_utils.obj (.text.Udma_defaultVirtToPhyFxn)
                  7000bcee    00000002     --HOLE-- [fill = 0]
                  7000bcf0    00000004     libclang_rt.builtins.a : aeabi_div0.c.obj (.text.__aeabi_ldiv0)
                  7000bcf4    00000004                            : aeabi_memcpy.S.obj (.text.__aeabi_memcpy)
                  7000bcf8    00000008                            : aeabi_memcpy.S.obj (.tramp.__aeabi_memcpy.1)
                  7000bd00    00000008     nortos.am64x.r5f.ti-arm-clang.release.lib : HwiP_armv7r_asm.obj (.tramp.HwiP_enable.1)
                  7000bd08    00000008                                               : HwiP_armv7r_asm.obj (.tramp.HwiP_restore.1)
                  7000bd10    00000008                                               : CacheP_armv7r_asm.obj (.tramp.CacheP_wb.1)
                  7000bd18    00000008     --HOLE-- [fill = 0]

.text.hwi 
*          0    7000bd20    00000760     
                  7000bd20    00000408     nortos.am64x.r5f.ti-arm-clang.release.lib : HwiP_armv7r_vim.obj (.text.hwi)
                  7000c128    00000220                                               : HwiP_armv7r_handlers_nortos.obj (.text.hwi)
                  7000c348    000000c0                                               : HwiP_armv7r_handlers_nortos_asm.obj (.text.hwi)
                  7000c408    00000070                                               : HwiP_armv7r_asm.obj (.text.hwi)
                  7000c478    00000008                                               : HwiP_armv7r_asm.obj (.tramp.HwiP_enableFIQ.1)

.text.cache 
*          0    7000c480    00000430     
                  7000c480    00000340     nortos.am64x.r5f.ti-arm-clang.release.lib : CacheP_armv7r_asm.obj (.text.cache)
                  7000c7c0    000000d8                                               : CacheP_armv7r.obj (.text.cache)
                  7000c898    00000008                                               : CacheP_armv7r_asm.obj (.tramp.CacheP_invL1d.1)
                  7000c8a0    00000008                                               : CacheP_armv7r_asm.obj (.tramp.CacheP_enableL1p.1)
                  7000c8a8    00000008                                               : HwiP_armv7r_asm.obj (.tramp.HwiP_restore.2)

.text.mpu 
*          0    7000c8b0    00000220     
                  7000c8b0    00000192     nortos.am64x.r5f.ti-arm-clang.release.lib : MpuP_armv7r.obj (.text.mpu)
                  7000ca42    00000002     --HOLE-- [fill = 0]
                  7000ca44    00000078                                               : MpuP_armv7r_asm.obj (.text.mpu)
                  7000cabc    00000008                                               : HwiP_armv7r_asm.obj (.tramp.HwiP_restore.3)
                  7000cac4    00000008                                               : MpuP_armv7r_asm.obj (.tramp.MpuP_isEnableAsm.1)
                  7000cacc    00000004     --HOLE-- [fill = 0]

.text.boot 
*          0    7000cad0    00000190     
                  7000cad0    00000144     nortos.am64x.r5f.ti-arm-clang.release.lib : boot_armv7r_asm.obj (.text.boot)
                  7000cc14    0000001e                                               : DebugP_log.obj (.text.boot)
                  7000cc32    0000001c                                               : boot_armv7r.obj (.text.boot)
                  7000cc4e    0000000e     ti_dpl_config.obj (.text.boot)
                  7000cc5c    00000004     --HOLE-- [fill = 0]

.data      0    7000cc60    00002300     
                  7000cc60    000007ec     ti_drivers_config.obj (.data.DDRSS_phyReg)
                  7000d44c    0000069c     ti_drivers_config.obj (.data.DDRSS_ctlReg)
                  7000dae8    00000564     ti_drivers_config.obj (.data.DDRSS_phyIndepReg)
                  7000e04c    000003f6     ti_drivers_config.obj (.data.DDRSS_phyRegNum)
                  7000e442    0000034e     ti_drivers_config.obj (.data.DDRSS_ctlRegNum)
                  7000e790    000002b2     ti_drivers_config.obj (.data.DDRSS_phyIndepRegNum)
                  7000ea42    00000001     drivers.am64x.r5f.ti-arm-clang.release.lib : sciclient.obj (.data.gSecHeaderSizeWords)
                  7000ea43    00000001     --HOLE-- [fill = 0]
                  7000ea44    000000c4                                                : bootloader_soc.obj (.data.gAddrTranslateInfo)
                  7000eb08    000000b8                                                : sciclient_irq_rm.obj (.data.vint_usage_count_DMASS0_INTAGGR_0)
                  7000ebc0    000000a8                                                : bootloader_soc.obj (.data.gCoreBootInfo)
                  7000ec68    0000009c                                                : uart_v0.obj (.data.gUartDrvObj)
                  7000ed04    00000060                                                : sciclient_irq_rm.obj (.data.gRmIrInstances)
                  7000ed64    00000058     ti_drivers_open_close.obj (.data.gUartParams)
                  7000edbc    00000004     ti_drivers_config.obj (.data.gBootloaderConfigNum)
                  7000edc0    00000038     ti_drivers_config.obj (.data.gDdrParams)
                  7000edf8    00000028     ti_drivers_config.obj (.data.gBootloaderConfig)
                  7000ee20    00000020     drivers.am64x.r5f.ti-arm-clang.release.lib : sciclient_irq_rm.obj (.data.gRmIaInstances)
                  7000ee40    00000020                                                : sciclient_soc_priv.obj (.data.gSciclientSecProxyCfg)
                  7000ee60    00000020     ti_power_clock_config.obj (.data.gSocModulesClockFrequency)
                  7000ee80    00000018     drivers.am64x.r5f.ti-arm-clang.release.lib : bootloader_mem.obj (.data.gBootloaderMemFxns)
                  7000ee98    00000018     ti_dpl_config.obj (.data.gClockConfig)
                  7000eeb0    00000018     ti_pinmux_config.obj (.data.gPinMuxMainDomainCfg)
                  7000eec8    00000014     drivers.am64x.r5f.ti-arm-clang.release.lib : bootloader_soc.obj (.data.gResMemSection)
                  7000eedc    00000014                                                : sciclient_irq_rm.obj (.data.rom_usage_DMASS0_INTAGGR_0)
                  7000eef0    00000010     ti_power_clock_config.obj (.data.gSocModules)
                  7000ef00    0000000c     nortos.am64x.r5f.ti-arm-clang.release.lib : AddrTranslateP.obj (.data.gAddrTranslateConfig)
                  7000ef0c    00000008     ti_drivers_config.obj (.data.gBootloader0Args)
                  7000ef14    00000008     ti_drivers_config.obj (.data.gMemBootloaderArgs)
                  7000ef1c    00000008     ti_pinmux_config.obj (.data.gPinMuxMcuDomainCfg)
                  7000ef24    00000008     ti_drivers_config.obj (.data.gUartAttrs)
                  7000ef2c    00000008     ti_drivers_config.obj (.data.gUartConfig)
                  7000ef34    00000004     nortos.am64x.r5f.ti-arm-clang.release.lib : DebugP_log.obj (.data.gDebugLogZone)
                  7000ef38    00000004     ti_dpl_config.obj (.data.gHwiConfig)
                  7000ef3c    00000004     drivers.am64x.r5f.ti-arm-clang.release.lib : sciclient.obj (.data.gSciclientHandle.0)
                  7000ef40    00000004                                                : sciclient.obj (.data.gSciclientHandle.2)
                  7000ef44    00000004                                                : sciclient.obj (.data.gSciclientHandle.3)
                  7000ef48    00000004                                                : sciclient.obj (.data.gSciclientHandle.4)
                  7000ef4c    00000004                                                : sciclient.obj (.data.gSciclientHandle.5)
                  7000ef50    00000004     ti_drivers_config.obj (.data.gUartConfigNum)
                  7000ef54    00000004     ti_drivers_open_close.obj (.data.gUartDmaChConfig)
                  7000ef58    00000004     ti_drivers_config.obj (.data.operatingMode)
                  7000ef5c    00000004     --HOLE-- [fill = 0]

.rodata    0    7000ef60    00001ab0     
                  7000ef60    00000200     drivers.am64x.r5f.ti-arm-clang.release.lib : crc16.obj (.rodata.crc16tab)
                  7000f160    00000168                                                : sciclient_fmwSecureProxyMap.obj (.rodata.gSciclientMap)
                  7000f2c8    00000138                                                : udma_soc.obj (.rodata.gUdmaTxMappedChRingAttributes)
                  7000f400    00000132                                                : lpddr4_16bit.obj (.rodata.CtlIntMap)
                  7000f532    00000002     --HOLE-- [fill = 0]
                  7000f534    0000009c                                                : udma_soc.obj (.rodata.gUdmaRxMappedChRingAttributes)
                  7000f5d0    00000068                                                : sciclient_irq_rm.obj (.rodata.tisci_if_TIMESYNC_EVENT_INTROUTER0)
                  7000f638    00000064     ti_dpl_config.obj (.rodata.cfg)
                  7000f69c    00000061     drivers.am64x.r5f.ti-arm-clang.release.lib : bootloader.obj (.rodata.str1.27692862334559552701)
                  7000f6fd    00000003     --HOLE-- [fill = 0]
                  7000f700    00000058                                                : sciclient_irq_rm.obj (.rodata.gRmIrqTree)
                  7000f758    00000050     nortos.am64x.r5f.ti-arm-clang.release.lib : printf.obj (.rodata._ftoa.pow10)
                  7000f7a8    00000048     drivers.am64x.r5f.ti-arm-clang.release.lib : bootloader_soc.obj (.rodata.gSOC_r5fVectors)
                  7000f7f0    0000003e     nortos.am64x.r5f.ti-arm-clang.release.lib : TimerP.obj (.rodata.str1.155618297627321921901)
                  7000f82e    00000037                                               : SemaphoreP_nortos.obj (.rodata.str1.77784356401422800491)
                  7000f865    00000036     drivers.am64x.r5f.ti-arm-clang.release.lib : bootloader_soc.obj (.rodata.str1.116160357178768892221)
                  7000f89b    00000036                                                : ddr.obj (.rodata.str1.73433922848408513671)
                  7000f8d1    00000035     ti_drivers_open_close.obj (.rodata.str1.135241915826326793361)
                  7000f906    00000034     drivers.am64x.r5f.ti-arm-clang.release.lib : bootloader_soc.obj (.rodata.str1.157368025196999440281)
                  7000f93a    00000034     nortos.am64x.r5f.ti-arm-clang.release.lib : TimerP.obj (.rodata.str1.164743418995849697991)
                  7000f96e    00000002     --HOLE-- [fill = 0]
                  7000f970    00000034     drivers.am64x.r5f.ti-arm-clang.release.lib : sciclient_irq_rm.obj (.rodata.tisci_if_MAIN_GPIOMUX_INTROUTER0)
                  7000f9a4    00000033                                                : bootloader_soc.obj (.rodata.str1.104852797084389476111)
                  7000f9d7    00000033                                                : bootloader_soc.obj (.rodata.str1.58199765499228280441)
                  7000fa0a    00000032                                                : bootloader.obj (.rodata.str1.49453207730052505781)
                  7000fa3c    00000031                                                : bootloader_soc.obj (.rodata.str1.94938212298975674041)
                  7000fa6d    00000030                                                : bootloader_soc.obj (.rodata.str1.10816064445523340901)
                  7000fa9d    00000003     --HOLE-- [fill = 0]
                  7000faa0    00000030                                                : sciclient_irq_rm.obj (.rodata.tisci_if_DMASS0_INTAGGR_0)
                  7000fad0    0000002f                                                : bootloader_soc.obj (.rodata.str1.93991859983843582671)
                  7000faff    0000002f                                                : ddr.obj (.rodata.str1.94111967193122311561)
                  7000fb2e    0000002e     nortos.am64x.r5f.ti-arm-clang.release.lib : ClockP_nortos.obj (.rodata.str1.60552435462749564001)
                  7000fb5c    0000002d     drivers.am64x.r5f.ti-arm-clang.release.lib : ddr.obj (.rodata.str1.116939344651230115321)
                  7000fb89    0000002d                                                : bootloader_soc.obj (.rodata.str1.16279038217554379711)
                  7000fbb6    0000002d                                                : bootloader_soc.obj (.rodata.str1.163381840298971697551)
                  7000fbe3    0000002c                                                : ddr.obj (.rodata.str1.115473847009400335091)
                  7000fc0f    0000002c                                                : bootloader_soc.obj (.rodata.str1.126800844145081247951)
                  7000fc3b    0000002c                                                : bootloader_soc.obj (.rodata.str1.130439613777423019031)
                  7000fc67    0000002c                                                : soc.obj (.rodata.str1.30948883670846405281)
                  7000fc93    0000002c                                                : bootloader.obj (.rodata.str1.38543240124036597621)
                  7000fcbf    0000002c                                                : ddr.obj (.rodata.str1.53769595288076202821)
                  7000fceb    0000002c                                                : bootloader_soc.obj (.rodata.str1.67740237510159552421)
                  7000fd17    0000002b                                                : bootloader_soc.obj (.rodata.str1.103896507833577381681)
                  7000fd42    0000002b                                                : bootloader_soc.obj (.rodata.str1.108560865512182149471)
                  7000fd6d    0000002b                                                : bootloader_soc.obj (.rodata.str1.136315675252149246631)
                  7000fd98    0000002b                                                : ddr.obj (.rodata.str1.79833557267131166431)
                  7000fdc3    0000002a                                                : bootloader_soc.obj (.rodata.str1.108862625116848344691)
                  7000fded    0000002a                                                : bootloader_soc.obj (.rodata.str1.38849067706911527761)
                  7000fe17    0000002a                                                : ddr.obj (.rodata.str1.44587981942987503481)
                  7000fe41    0000002a     nortos.am64x.r5f.ti-arm-clang.release.lib : DebugP_log.obj (.rodata.str1.8568035916953519521)
                  7000fe6b    00000028     drivers.am64x.r5f.ti-arm-clang.release.lib : ddr.obj (.rodata.str1.180652758740370262311)
                  7000fe93    00000027     nortos.am64x.r5f.ti-arm-clang.release.lib : ClockP_nortos_r5.obj (.rodata.str1.124546920576200709321)
                  7000feba    00000025     drivers.am64x.r5f.ti-arm-clang.release.lib : uart_dma_udma.obj (.rodata.str1.114986527709633033881)
                  7000fedf    00000001     --HOLE-- [fill = 0]
                  7000fee0    00000024                                                : sciclient_irq_rm.obj (.rodata.tisci_if_MCU_MCU_GPIOMUX_INTROUTER0)
                  7000ff04    00000023     nortos.am64x.r5f.ti-arm-clang.release.lib : ClockP_nortos_r5.obj (.rodata.str1.25776369892830718361)
                  7000ff27    00000022     drivers.am64x.r5f.ti-arm-clang.release.lib : bootloader_soc.obj (.rodata.str1.77336568927910017741)
                  7000ff49    00000021                                                : bootloader_soc.obj (.rodata.str1.139984562005889438511)
                  7000ff6a    00000021     nortos.am64x.r5f.ti-arm-clang.release.lib : ClockP_nortos_r5.obj (.rodata.str1.167645692065458388701)
                  7000ff8b    00000021     drivers.am64x.r5f.ti-arm-clang.release.lib : bootloader_soc.obj (.rodata.str1.30913301665249982781)
                  7000ffac    00000021                                                : bootloader_soc.obj (.rodata.str1.86709688509864093381)
                  7000ffcd    00000003     --HOLE-- [fill = 0]
                  7000ffd0    00000020                                                : uart_v0_lld.obj (.rodata.cst32)
                  7000fff0    00000020                                                : uart_v0.obj (.rodata.str1.169394063705023262141)
                  70010010    00000020                                                : sciclient_irq_rm.obj (.rodata.tisci_if_CPTS0)
                  70010030    0000001f                                                : bootloader_soc.obj (.rodata.str1.101965529428999861021)
                  7001004f    0000001f     nortos.am64x.r5f.ti-arm-clang.release.lib : TimerP.obj (.rodata.str1.170816537386891942861)
                  7001006e    0000001f     drivers.am64x.r5f.ti-arm-clang.release.lib : sciclient_boardcfg.obj (.rodata.str1.176112155955798027741)
                  7001008d    0000001f     nortos.am64x.r5f.ti-arm-clang.release.lib : ClockP_nortos_r5.obj (.rodata.str1.37049961317335892191)
                  700100ac    0000001f                                               : SemaphoreP_nortos.obj (.rodata.str1.93106250239489445331)
                  700100cb    0000001e     drivers.am64x.r5f.ti-arm-clang.release.lib : bootloader_soc.obj (.rodata.str1.135292914848480988261)
                  700100e9    0000001d                                                : uart_v0.obj (.rodata.str1.151873246111077803171)
                  70010106    0000001d     nortos.am64x.r5f.ti-arm-clang.release.lib : TimerP.obj (.rodata.str1.154036655774719862071)
                  70010123    00000001     --HOLE-- [fill = 0]
                  70010124    0000001c     drivers.am64x.r5f.ti-arm-clang.release.lib : bootloader_soc.obj (.rodata..L__const.Bootloader_socRprcToCslCoreId.rprcCoreIds)
                  70010140    0000001c                                                : sciclient_irq_rm.obj (.rodata.tisci_if_PRU_ICSSG0)
                  7001015c    0000001c                                                : sciclient_irq_rm.obj (.rodata.tisci_if_PRU_ICSSG1)
                  70010178    0000001b     nortos.am64x.r5f.ti-arm-clang.release.lib : ClockP_nortos.obj (.rodata.str1.25471646840808198631)
                  70010193    0000001b     drivers.am64x.r5f.ti-arm-clang.release.lib : uart_dma_udma.obj (.rodata.str1.67818304883869641861)
                  700101ae    0000001b     main.obj (.rodata.str1.97993385775340092391)
                  700101c9    0000001a     drivers.am64x.r5f.ti-arm-clang.release.lib : bootloader_soc.obj (.rodata.str1.133075567201283886171)
                  700101e3    0000001a     nortos.am64x.r5f.ti-arm-clang.release.lib : TimerP.obj (.rodata.str1.160246686209138365701)
                  700101fd    0000001a                                               : ClockP_nortos_r5.obj (.rodata.str1.169616377957066558931)
                  70010217    0000001a     drivers.am64x.r5f.ti-arm-clang.release.lib : bootloader_soc.obj (.rodata.str1.35896618803728278211)
                  70010231    0000001a     main.obj (.rodata.str1.52501554851255701521)
                  7001024b    00000019     nortos.am64x.r5f.ti-arm-clang.release.lib : TimerP.obj (.rodata.str1.170516325075394100231)
                  70010264    00000019     drivers.am64x.r5f.ti-arm-clang.release.lib : bootloader_soc.obj (.rodata.str1.173612832747066941651)
                  7001027d    00000019                                                : bootloader_soc.obj (.rodata.str1.181541439651868024511)
                  70010296    00000019                                                : bootloader.obj (.rodata.str1.31402796831322128521)
                  700102af    00000001     --HOLE-- [fill = 0]
                  700102b0    00000018                                                : sciclient_soc_priv.obj (.rodata..Lswitch.table.Sciclient_getDevId)
                  700102c8    00000018                                                : uart_v0.obj (.rodata.str1.144905129610797327471)
                  700102e0    00000018                                                : sciclient_irq_rm.obj (.rodata.tisci_if_CMP_EVENT_INTROUTER0)
                  700102f8    00000017                                                : bootloader.obj (.rodata.str1.89222897150519810611)
                  7001030f    00000016                                                : uart_dma_udma.obj (.rodata.str1.132728578838409103051)
                  70010325    00000016                                                : soc.obj (.rodata.str1.142142527847712988791)
                  7001033b    00000016                                                : uart_dma_udma.obj (.rodata.str1.58064152893147008181)
                  70010351    00000016                                                : bootloader.obj (.rodata.str1.77590506196607141261)
                  70010367    00000015                                                : sciclient_boardcfg.obj (.rodata.str1.109139395166015870721)
                  7001037c    00000015                                                : sciclient_boardcfg.obj (.rodata.str1.65453878383436959611)
                  70010391    00000015     nortos.am64x.r5f.ti-arm-clang.release.lib : SemaphoreP_nortos.obj (.rodata.str1.67625122021398397081)
                  700103a6    00000014                                               : TimerP.obj (.rodata.str1.88986405623045072391)
                  700103ba    00000002     --HOLE-- [fill = 0]
                  700103bc    00000014     drivers.am64x.r5f.ti-arm-clang.release.lib : sciclient_irq_rm.obj (.rodata.tisci_if_PCIE0)
                  700103d0    00000013                                                : uart_dma_udma.obj (.rodata.str1.145558629777882325291)
                  700103e3    00000013                                                : uart_dma_udma.obj (.rodata.str1.58816005642906289831)
                  700103f6    00000013                                                : uart_v0.obj (.rodata.str1.60965199449619900431)
                  70010409    00000012                                                : uart_v0.obj (.rodata.str1.108170205221098943901)
                  7001041b    00000012                                                : uart_dma_udma.obj (.rodata.str1.120400024971159958011)
                  7001042d    00000012                                                : uart_dma_udma.obj (.rodata.str1.143756269692443897091)
                  7001043f    00000012                                                : bootloader.obj (.rodata.str1.24728428003093102681)
                  70010451    00000012                                                : uart_v0.obj (.rodata.str1.62999113157451139141)
                  70010463    00000012                                                : uart_dma_udma.obj (.rodata.str1.92142058481998845101)
                  70010475    00000011     ti_drivers_open_close.obj (.rodata.str1.47319419042038394831)
                  70010486    00000011     nortos.am64x.r5f.ti-arm-clang.release.lib : ClockP_nortos.obj (.rodata.str1.56392992661620616651)
                  70010497    00000011     drivers.am64x.r5f.ti-arm-clang.release.lib : uart_v0.obj (.rodata.str1.60774846955662521161)
                  700104a8    00000010                                                : sciclient_boardcfg.obj (.rodata.str1.50192617725484665461)
                  700104b8    00000010                                                : sciclient_irq_rm.obj (.rodata.tisci_if_CPSW0)
                  700104c8    0000000f                                                : ddr.obj (.rodata.str1.131304886953556701471)
                  700104d7    0000000d     nortos.am64x.r5f.ti-arm-clang.release.lib : TimerP.obj (.rodata.str1.36936046049119147381)
                  700104e4    0000000d                                               : TimerP.obj (.rodata.str1.90798414294938570131)
                  700104f1    0000000c                                               : ClockP_nortos_r5.obj (.rodata.str1.43857604347425843821)
                  700104fd    0000000c     drivers.am64x.r5f.ti-arm-clang.release.lib : ddr.obj (.rodata.str1.81852406950125532191)
                  70010509    0000000c                                                : ddr.obj (.rodata.str1.85710523956929449421)
                  70010515    00000003     --HOLE-- [fill = 0]
                  70010518    0000000b                                                : bootloader_soc.obj (.rodata..L__const.Bootloader_socGetBootSeqOid.boot_seq)
                  70010523    0000000b                                                : uart_v0.obj (.rodata.str1.147565038505633975661)
                  7001052e    0000000b                                                : uart_v0.obj (.rodata.str1.163246704051681974461)
                  70010539    0000000a                                                : ddr.obj (.rodata.str1.114661318390360142971)
                  70010543    0000000a                                                : ddr.obj (.rodata.str1.127390676962817437421)
                  7001054d    0000000a     main.obj (.rodata.str1.176328792963337784071)
                  70010557    0000000a     drivers.am64x.r5f.ti-arm-clang.release.lib : uart_v0.obj (.rodata.str1.181272059988846645511)
                  70010561    0000000a                                                : uart_v0.obj (.rodata.str1.27933745631974480251)
                  7001056b    0000000a                                                : uart_v0.obj (.rodata.str1.6394029968701164261)
                  70010575    00000001     --HOLE-- [fill = 0]
                  70010576    00000008                                                : sciclient_irq_rm.obj (.rodata.CMP_EVENT_INTROUTER0_outp_0_15_to_GICSS0_spi_48_63)
                  7001057e    00000008                                                : sciclient_irq_rm.obj (.rodata.CMP_EVENT_INTROUTER0_outp_16_23_to_R5FSS0_CORE0_intr_48_55)
                  70010586    00000008                                                : sciclient_irq_rm.obj (.rodata.CMP_EVENT_INTROUTER0_outp_16_23_to_R5FSS0_CORE1_intr_48_55)
                  7001058e    00000008                                                : sciclient_irq_rm.obj (.rodata.CMP_EVENT_INTROUTER0_outp_24_31_to_R5FSS1_CORE0_intr_48_55)
                  70010596    00000008                                                : sciclient_irq_rm.obj (.rodata.CMP_EVENT_INTROUTER0_outp_24_31_to_R5FSS1_CORE1_intr_48_55)
                  7001059e    00000008                                                : sciclient_irq_rm.obj (.rodata.CMP_EVENT_INTROUTER0_outp_32_39_to_DMASS0_INTAGGR_0_intaggr_levi_pend_0_7)
                  700105a6    00000008                                                : sciclient_irq_rm.obj (.rodata.CPSW0_cpts_comp_0_0_to_CMP_EVENT_INTROUTER0_in_80_80)
                  700105ae    00000008                                                : sciclient_irq_rm.obj (.rodata.CPSW0_cpts_genf0_1_1_to_TIMESYNC_EVENT_INTROUTER0_in_21_21)
                  700105b6    00000008                                                : sciclient_irq_rm.obj (.rodata.CPSW0_cpts_genf1_2_2_to_TIMESYNC_EVENT_INTROUTER0_in_22_22)
                  700105be    00000008                                                : sciclient_irq_rm.obj (.rodata.CPSW0_cpts_sync_3_3_to_TIMESYNC_EVENT_INTROUTER0_in_34_34)
                  700105c6    00000008                                                : sciclient_irq_rm.obj (.rodata.CPTS0_cpts_comp_0_0_to_CMP_EVENT_INTROUTER0_in_82_82)
                  700105ce    00000008                                                : sciclient_irq_rm.obj (.rodata.CPTS0_cpts_genf0_1_1_to_TIMESYNC_EVENT_INTROUTER0_in_16_16)
                  700105d6    00000008                                                : sciclient_irq_rm.obj (.rodata.CPTS0_cpts_genf1_2_2_to_TIMESYNC_EVENT_INTROUTER0_in_17_17)
                  700105de    00000008                                                : sciclient_irq_rm.obj (.rodata.CPTS0_cpts_genf2_3_3_to_TIMESYNC_EVENT_INTROUTER0_in_18_18)
                  700105e6    00000008                                                : sciclient_irq_rm.obj (.rodata.CPTS0_cpts_genf3_4_4_to_TIMESYNC_EVENT_INTROUTER0_in_19_19)
                  700105ee    00000008                                                : sciclient_irq_rm.obj (.rodata.CPTS0_cpts_genf4_5_5_to_TIMESYNC_EVENT_INTROUTER0_in_20_20)
                  700105f6    00000008                                                : sciclient_irq_rm.obj (.rodata.CPTS0_cpts_genf5_6_6_to_TIMESYNC_EVENT_INTROUTER0_in_24_24)
                  700105fe    00000008                                                : sciclient_irq_rm.obj (.rodata.CPTS0_cpts_sync_7_7_to_TIMESYNC_EVENT_INTROUTER0_in_35_35)
                  70010606    00000008                                                : sciclient_irq_rm.obj (.rodata.DMASS0_INTAGGR_0_intaggr_vintr_pend_0_39_to_GICSS0_spi_64_103)
                  7001060e    00000008                                                : sciclient_irq_rm.obj (.rodata.DMASS0_INTAGGR_0_intaggr_vintr_pend_120_127_to_R5FSS1_CORE0_intr_8_15)
                  70010616    00000008                                                : sciclient_irq_rm.obj (.rodata.DMASS0_INTAGGR_0_intaggr_vintr_pend_128_135_to_R5FSS1_CORE1_intr_8_15)
                  7001061e    00000008                                                : sciclient_irq_rm.obj (.rodata.DMASS0_INTAGGR_0_intaggr_vintr_pend_152_159_to_PRU_ICSSG0_pr1_slv_intr_16_23)
                  70010626    00000008                                                : sciclient_irq_rm.obj (.rodata.DMASS0_INTAGGR_0_intaggr_vintr_pend_160_167_to_PRU_ICSSG1_pr1_slv_intr_16_23)
[...]
7000c8b1  MpuP_RegionAttrs_init                                                         
7000c8bf  MpuP_setRegion                                                                
7000c96d  MpuP_isEnable                                                                 
7000c971  MpuP_disable                                                                  
7000c9a3  MpuP_enable                                                                   
7000c9df  MpuP_init                                                                     
7000ca44  MpuP_disableAsm                                                               
7000ca5c  MpuP_disableBRAsm                                                             
7000ca6c  MpuP_enableAsm                                                                
7000ca84  MpuP_enableBRAsm                                                              
7000ca94  MpuP_isEnableAsm                                                              
7000caa8  MpuP_setRegionAsm                                                             
7000cad0  _c_int00_sbl                                                                  
7000caf4  _c_int00                                                                      
7000cc15  _DebugP_assertNoLog                                                           
7000cc33  _system_pre_init                                                              
7000cc4f  __mpu_init                                                                    
7000cc60  DDRSS_phyReg                                                                  
7000cc60  gUartDmaHandle                                                                
7000d44c  DDRSS_ctlReg                                                                  
7000dae8  DDRSS_phyIndepReg                                                             
7000e04c  DDRSS_phyRegNum                                                               
7000e442  DDRSS_ctlRegNum                                                               
7000e790  DDRSS_phyIndepRegNum                                                          
7000ea44  gAddrTranslateInfo                                                            
7000eb08  vint_usage_count_DMASS0_INTAGGR_0                                             
7000ebc0  gCoreBootInfo                                                                 
7000ed04  gRmIrInstances                                                                
7000ed64  gUartParams                                                                   
7000edbc  gBootloaderConfigNum                                                          
7000edf8  gBootloaderConfig                                                             
7000ee20  gRmIaInstances                                                                
7000ee40  gSciclientSecProxyCfg                                                         
7000ee60  gSocModulesClockFrequency                                                     
7000ee80  gBootloaderMemFxns                                                            
7000ee98  gClockConfig                                                                  
7000eec8  gResMemSection                                                                
7000eef0  gSocModules                                                                   
7000ef00  gAddrTranslateConfig                                                          
7000ef0c  gBootloader0Args                                                              
7000ef14  gMemBootloaderArgs                                                            
7000ef2c  gUartConfig                                                                   
7000ef34  gDebugLogZone                                                                 
7000ef38  gHwiConfig                                                                    
7000ef50  gUartConfigNum                                                                
7000ef54  gUartDmaChConfig                                                              
7000ef58  operatingMode                                                                 
7000f160  gSciclientMap                                                                 
7000f2c8  gUdmaTxMappedChRingAttributes                                                 
7000f534  gUdmaRxMappedChRingAttributes                                                 
7000f5d0  tisci_if_TIMESYNC_EVENT_INTROUTER0                                            
7000f638  gCacheConfig                                                                  
7000f640  gMpuConfig                                                                    
7000f64c  gMpuRegionConfig                                                              
7000f700  gRmIrqTree                                                                    
7000f7a8  gSOC_r5fVectors                                                               
7000f970  tisci_if_MAIN_GPIOMUX_INTROUTER0                                              
7000faa0  tisci_if_DMASS0_INTAGGR_0                                                     
7000fee0  tisci_if_MCU_MCU_GPIOMUX_INTROUTER0                                           
70010010  tisci_if_CPTS0                                                                
70010140  tisci_if_PRU_ICSSG0                                                           
7001015c  tisci_if_PRU_ICSSG1                                                           
700102e0  tisci_if_CMP_EVENT_INTROUTER0                                                 
700103bc  tisci_if_PCIE0                                                                
700104b8  tisci_if_CPSW0                                                                
70010576  CMP_EVENT_INTROUTER0_outp_0_15_to_GICSS0_spi_48_63                            
7001057e  CMP_EVENT_INTROUTER0_outp_16_23_to_R5FSS0_CORE0_intr_48_55                    
70010586  CMP_EVENT_INTROUTER0_outp_16_23_to_R5FSS0_CORE1_intr_48_55                    
7001058e  CMP_EVENT_INTROUTER0_outp_24_31_to_R5FSS1_CORE0_intr_48_55                    
70010596  CMP_EVENT_INTROUTER0_outp_24_31_to_R5FSS1_CORE1_intr_48_55                    
7001059e  CMP_EVENT_INTROUTER0_outp_32_39_to_DMASS0_INTAGGR_0_intaggr_levi_pend_0_7     
700105a6  CPSW0_cpts_comp_0_0_to_CMP_EVENT_INTROUTER0_in_80_80                          
700105ae  CPSW0_cpts_genf0_1_1_to_TIMESYNC_EVENT_INTROUTER0_in_21_21                    
700105b6  CPSW0_cpts_genf1_2_2_to_TIMESYNC_EVENT_INTROUTER0_in_22_22                    
700105be  CPSW0_cpts_sync_3_3_to_TIMESYNC_EVENT_INTROUTER0_in_34_34                     
700105c6  CPTS0_cpts_comp_0_0_to_CMP_EVENT_INTROUTER0_in_82_82                          
700105ce  CPTS0_cpts_genf0_1_1_to_TIMESYNC_EVENT_INTROUTER0_in_16_16                    
700105d6  CPTS0_cpts_genf1_2_2_to_TIMESYNC_EVENT_INTROUTER0_in_17_17                    
700105de  CPTS0_cpts_genf2_3_3_to_TIMESYNC_EVENT_INTROUTER0_in_18_18                    
700105e6  CPTS0_cpts_genf3_4_4_to_TIMESYNC_EVENT_INTROUTER0_in_19_19                    
700105ee  CPTS0_cpts_genf4_5_5_to_TIMESYNC_EVENT_INTROUTER0_in_20_20                    
700105f6  CPTS0_cpts_genf5_6_6_to_TIMESYNC_EVENT_INTROUTER0_in_24_24                    
700105fe  CPTS0_cpts_sync_7_7_to_TIMESYNC_EVENT_INTROUTER0_in_35_35                     
70010606  DMASS0_INTAGGR_0_intaggr_vintr_pend_0_39_to_GICSS0_spi_64_103                 
7001060e  DMASS0_INTAGGR_0_intaggr_vintr_pend_120_127_to_R5FSS1_CORE0_intr_8_15         
70010616  DMASS0_INTAGGR_0_intaggr_vintr_pend_128_135_to_R5FSS1_CORE1_intr_8_15         
7001061e  DMASS0_INTAGGR_0_intaggr_vintr_pend_152_159_to_PRU_ICSSG0_pr1_slv_intr_16_23  
70010626  DMASS0_INTAGGR_0_intaggr_vintr_pend_160_167_to_PRU_ICSSG1_pr1_slv_intr_16_23  
7001062e  DMASS0_INTAGGR_0_intaggr_vintr_pend_168_183_to_MCU_M4FSS0_CORE0_nvic_32_47    
70010636  DMASS0_INTAGGR_0_intaggr_vintr_pend_40_71_to_R5FSS0_CORE0_intr_64_95          
7001063e  DMASS0_INTAGGR_0_intaggr_vintr_pend_40_71_to_R5FSS0_CORE1_intr_64_95          
70010646  DMASS0_INTAGGR_0_intaggr_vintr_pend_72_79_to_R5FSS0_CORE0_intr_8_15           
7001064e  DMASS0_INTAGGR_0_intaggr_vintr_pend_80_87_to_R5FSS0_CORE1_intr_8_15           
70010656  DMASS0_INTAGGR_0_intaggr_vintr_pend_88_119_to_R5FSS1_CORE0_intr_64_95         
7001065e  DMASS0_INTAGGR_0_intaggr_vintr_pend_88_119_to_R5FSS1_CORE1_intr_64_95         
70010666  EPWM0_epwm_synco_o_0_0_to_TIMESYNC_EVENT_INTROUTER0_in_39_39                  
7001066e  EPWM3_epwm_synco_o_0_0_to_TIMESYNC_EVENT_INTROUTER0_in_40_40                  
70010676  EPWM6_epwm_synco_o_0_0_to_TIMESYNC_EVENT_INTROUTER0_in_41_41                  
7001067e  GPIO0_gpio_0_89_to_MAIN_GPIOMUX_INTROUTER0_in_0_89                            
70010686  GPIO0_gpio_bank_90_98_to_MAIN_GPIOMUX_INTROUTER0_in_190_198                   
7001068e  GPIO1_gpio_0_89_to_MAIN_GPIOMUX_INTROUTER0_in_90_179                          
70010696  GPIO1_gpio_bank_90_98_to_MAIN_GPIOMUX_INTROUTER0_in_180_188                   
7001069e  GPMC0_gpmc_sdmareq_0_0_to_DMASS0_INTAGGR_0_intaggr_levi_pend_29_29            
700106a6  GTC0_gtc_push_event_0_0_to_TIMESYNC_EVENT_INTROUTER0_in_36_36                 
700106ae  MAIN_GPIOMUX_INTROUTER0_outp_0_15_to_GICSS0_spi_32_47                         
700106b6  MAIN_GPIOMUX_INTROUTER0_outp_0_15_to_R5FSS0_CORE0_intr_32_47                  
700106be  MAIN_GPIOMUX_INTROUTER0_outp_0_15_to_R5FSS0_CORE1_intr_32_47                  
700106c6  MAIN_GPIOMUX_INTROUTER0_outp_0_15_to_R5FSS1_CORE0_intr_32_47                  
700106ce  MAIN_GPIOMUX_INTROUTER0_outp_0_15_to_R5FSS1_CORE1_intr_32_47                  
700106d6  MAIN_GPIOMUX_INTROUTER0_outp_16_17_to_DMASS0_INTAGGR_0_intaggr_levi_pend_24_25
700106de  MAIN_GPIOMUX_INTROUTER0_outp_18_23_to_PRU_ICSSG0_pr1_iep0_cap_intr_req_4_9    
700106e6  MAIN_GPIOMUX_INTROUTER0_outp_18_23_to_PRU_ICSSG1_pr1_iep0_cap_intr_req_4_9    
700106ee  MAIN_GPIOMUX_INTROUTER0_outp_24_29_to_PRU_ICSSG0_pr1_iep1_cap_intr_req_10_15  
700106f6  MAIN_GPIOMUX_INTROUTER0_outp_24_29_to_PRU_ICSSG1_pr1_iep1_cap_intr_req_10_15  
700106fe  MAIN_GPIOMUX_INTROUTER0_outp_30_37_to_DMASS0_INTAGGR_0_intaggr_levi_pend_16_23
70010706  MAIN_GPIOMUX_INTROUTER0_outp_38_45_to_PRU_ICSSG0_pr1_slv_intr_46_53           
7001070e  MAIN_GPIOMUX_INTROUTER0_outp_46_53_to_PRU_ICSSG1_pr1_slv_intr_46_53           
70010716  MCU_GPIO0_gpio_0_29_to_MCU_MCU_GPIOMUX_INTROUTER0_in_0_29                     
7001071e  MCU_GPIO0_gpio_bank_30_31_to_MCU_MCU_GPIOMUX_INTROUTER0_in_30_31              
70010726  MCU_MCU_GPIOMUX_INTROUTER0_outp_0_3_to_GICSS0_spi_104_107                     
7001072e  MCU_MCU_GPIOMUX_INTROUTER0_outp_0_3_to_R5FSS0_CORE0_intr_104_107              
70010736  MCU_MCU_GPIOMUX_INTROUTER0_outp_0_3_to_R5FSS0_CORE1_intr_104_107              
7001073e  MCU_MCU_GPIOMUX_INTROUTER0_outp_0_3_to_R5FSS1_CORE0_intr_104_107              
70010746  MCU_MCU_GPIOMUX_INTROUTER0_outp_0_3_to_R5FSS1_CORE1_intr_104_107              
7001074e  MCU_MCU_GPIOMUX_INTROUTER0_outp_4_7_to_MCU_M4FSS0_CORE0_nvic_0_3              
70010756  MCU_MCU_GPIOMUX_INTROUTER0_outp_8_11_to_MCU_ESM0_esm_pls_event0_88_91         
7001075e  MCU_MCU_GPIOMUX_INTROUTER0_outp_8_11_to_MCU_ESM0_esm_pls_event1_92_95         
70010766  MCU_MCU_GPIOMUX_INTROUTER0_outp_8_11_to_MCU_ESM0_esm_pls_event2_96_99         
7001076e  PCIE0_pcie_cpts_comp_0_0_to_CMP_EVENT_INTROUTER0_in_81_81                     
70010776  PCIE0_pcie_cpts_genf0_1_1_to_TIMESYNC_EVENT_INTROUTER0_in_23_23               
7001077e  PCIE0_pcie_cpts_hw1_push_2_2_to_TIMESYNC_EVENT_INTROUTER0_in_37_37            
70010786  PCIE0_pcie_cpts_sync_3_3_to_TIMESYNC_EVENT_INTROUTER0_in_33_33                
7001078e  PCIE0_pcie_ptm_valid_pulse_4_4_to_TIMESYNC_EVENT_INTROUTER0_in_38_38          
70010796  PRU_ICSSG0_pr1_edc0_sync0_out_0_0_to_TIMESYNC_EVENT_INTROUTER0_in_25_25       
7001079e  PRU_ICSSG0_pr1_edc0_sync1_out_1_1_to_TIMESYNC_EVENT_INTROUTER0_in_26_26       
700107a6  PRU_ICSSG0_pr1_edc1_sync0_out_2_2_to_TIMESYNC_EVENT_INTROUTER0_in_27_27       
700107ae  PRU_ICSSG0_pr1_edc1_sync1_out_3_3_to_TIMESYNC_EVENT_INTROUTER0_in_28_28       
700107b6  PRU_ICSSG0_pr1_host_intr_req_4_11_to_CMP_EVENT_INTROUTER0_in_0_7              
700107be  PRU_ICSSG0_pr1_iep0_cmp_intr_req_12_27_to_CMP_EVENT_INTROUTER0_in_16_31       
700107c6  PRU_ICSSG0_pr1_iep1_cmp_intr_req_28_43_to_CMP_EVENT_INTROUTER0_in_32_47       
700107ce  PRU_ICSSG1_pr1_edc0_sync0_out_0_0_to_TIMESYNC_EVENT_INTROUTER0_in_29_29       
700107d6  PRU_ICSSG1_pr1_edc0_sync1_out_1_1_to_TIMESYNC_EVENT_INTROUTER0_in_30_30       
700107de  PRU_ICSSG1_pr1_edc1_sync0_out_2_2_to_TIMESYNC_EVENT_INTROUTER0_in_31_31       
700107e6  PRU_ICSSG1_pr1_edc1_sync1_out_3_3_to_TIMESYNC_EVENT_INTROUTER0_in_32_32       
700107ee  PRU_ICSSG1_pr1_host_intr_req_4_11_to_CMP_EVENT_INTROUTER0_in_8_15             
700107f6  PRU_ICSSG1_pr1_iep0_cmp_intr_req_12_27_to_CMP_EVENT_INTROUTER0_in_48_63       
700107fe  PRU_ICSSG1_pr1_iep1_cmp_intr_req_28_43_to_CMP_EVENT_INTROUTER0_in_64_79       
70010806  TIMER0_timer_pwm_0_0_to_TIMESYNC_EVENT_INTROUTER0_in_0_0                      
7001080e  TIMER1_timer_pwm_0_0_to_TIMESYNC_EVENT_INTROUTER0_in_1_1                      
70010816  TIMER2_timer_pwm_0_0_to_TIMESYNC_EVENT_INTROUTER0_in_2_2                      
7001081e  TIMER3_timer_pwm_0_0_to_TIMESYNC_EVENT_INTROUTER0_in_3_3                      
70010826  TIMESYNC_EVENT_INTROUTER0_outl_0_7_to_DMASS0_INTAGGR_0_intaggr_levi_pend_8_15 
7001082e  TIMESYNC_EVENT_INTROUTER0_outl_10_10_to_PRU_ICSSG0_pr1_edc1_latch0_in_2_2     
70010836  TIMESYNC_EVENT_INTROUTER0_outl_11_11_to_PRU_ICSSG0_pr1_edc1_latch1_in_3_3     
7001083e  TIMESYNC_EVENT_INTROUTER0_outl_12_12_to_PRU_ICSSG1_pr1_edc0_latch0_in_0_0     
70010846  TIMESYNC_EVENT_INTROUTER0_outl_13_13_to_PRU_ICSSG1_pr1_edc0_latch1_in_1_1     
7001084e  TIMESYNC_EVENT_INTROUTER0_outl_14_14_to_PRU_ICSSG1_pr1_edc1_latch0_in_2_2     
70010856  TIMESYNC_EVENT_INTROUTER0_outl_15_15_to_PRU_ICSSG1_pr1_edc1_latch1_in_3_3     
7001085e  TIMESYNC_EVENT_INTROUTER0_outl_16_16_to_CPTS0_cpts_hw1_push_0_0               
70010866  TIMESYNC_EVENT_INTROUTER0_outl_17_17_to_CPTS0_cpts_hw2_push_1_1               
7001086e  TIMESYNC_EVENT_INTROUTER0_outl_18_18_to_CPTS0_cpts_hw3_push_2_2               
70010876  TIMESYNC_EVENT_INTROUTER0_outl_19_19_to_CPTS0_cpts_hw4_push_3_3               
7001087e  TIMESYNC_EVENT_INTROUTER0_outl_20_20_to_CPTS0_cpts_hw5_push_4_4               
70010886  TIMESYNC_EVENT_INTROUTER0_outl_21_21_to_CPTS0_cpts_hw6_push_5_5               
7001088e  TIMESYNC_EVENT_INTROUTER0_outl_22_22_to_CPTS0_cpts_hw7_push_6_6               
70010896  TIMESYNC_EVENT_INTROUTER0_outl_23_23_to_CPTS0_cpts_hw8_push_7_7               
7001089e  TIMESYNC_EVENT_INTROUTER0_outl_29_29_to_PCIE0_pcie_cpts_hw2_push_0_0          
700108a6  TIMESYNC_EVENT_INTROUTER0_outl_30_30_to_CPSW0_cpts_hw1_push_0_0               
700108ae  TIMESYNC_EVENT_INTROUTER0_outl_31_31_to_CPSW0_cpts_hw2_push_1_1               
700108b6  TIMESYNC_EVENT_INTROUTER0_outl_32_32_to_CPSW0_cpts_hw3_push_2_2               
700108be  TIMESYNC_EVENT_INTROUTER0_outl_33_33_to_CPSW0_cpts_hw4_push_3_3               
700108c6  TIMESYNC_EVENT_INTROUTER0_outl_34_34_to_CPSW0_cpts_hw5_push_4_4               
700108ce  TIMESYNC_EVENT_INTROUTER0_outl_35_35_to_CPSW0_cpts_hw6_push_5_5               
700108d6  TIMESYNC_EVENT_INTROUTER0_outl_36_36_to_CPSW0_cpts_hw7_push_6_6               
700108de  TIMESYNC_EVENT_INTROUTER0_outl_37_37_to_CPSW0_cpts_hw8_push_7_7               
700108e6  TIMESYNC_EVENT_INTROUTER0_outl_8_8_to_PRU_ICSSG0_pr1_edc0_latch0_in_0_0       
700108ee  TIMESYNC_EVENT_INTROUTER0_outl_9_9_to_PRU_ICSSG0_pr1_edc0_latch1_in_1_1       
700108f8  tisci_if_GPIO0                                                                
70010900  tisci_if_GPIO1                                                                
70010908  tisci_if_MCU_GPIO0                                                            
700109d8  gCacheL1dCacheLineSize                                                        
700109dc  gCacheL1pCacheLineSize                                                        
700109e0  gRmIrqTreeCount                                                               
700109ec  tisci_if_EPWM0                                                                
700109f0  tisci_if_EPWM3                                                                
700109f4  tisci_if_EPWM6                                                                
700109f8  tisci_if_GPMC0                                                                
700109fc  tisci_if_GTC0                                                                 
70010a00  tisci_if_TIMER0                                                               
70010a04  tisci_if_TIMER1                                                               
70010a08  tisci_if_TIMER2                                                               
70010a0c  tisci_if_TIMER3                                                               
70050000  __stack                                                                       
70050000  __start___llvm_prf_bits                                                       
70050000  __start___llvm_prf_cnts                                                       
70050000  __stop___llvm_prf_bits                                                        
70050000  __stop___llvm_prf_cnts                                                        
70054000  __BSS_START                                                                   
70054000  __STACK_END                                                                   
70054000  gHwiCtrl                                                                      
70055370  gClockCtrl                                                                    
700553fc  gUartHandle                                                                   
70055400  __BSS_END                                                                     
70055400  __IRQ_STACK_START                                                             
70056400  __FIQ_STACK_START                                                             
70056400  __IRQ_STACK_END                                                               
70056500  __FIQ_STACK_END                                                               
70056500  __SVC_STACK_START                                                             
70056600  __ABORT_STACK_START                                                           
70056600  __SVC_STACK_END                                                               
70056700  __ABORT_STACK_END                                                             
70056700  __UNDEFINED_STACK_START                                                       
70056800  __UNDEFINED_STACK_END                                                         
70180000  gAppImageBuf                                                                  
ffffffff  __TI_pprof_out_hndl                                                           
ffffffff  __TI_prof_data_size                                                           
ffffffff  __TI_prof_data_start                                                          
ffffffff  __binit__                                                                     
ffffffff  binit                                                                         
UNDEFED   __TI_CINIT_Base                                                               
UNDEFED   __TI_CINIT_Limit                                                              
UNDEFED   __TI_Handler_Table_Base                                                       
UNDEFED   __TI_Handler_Table_Limit                                                      
UNDEFED   _system_post_cinit                                                            

[606 symbols]
